ARM Linker, 5.03 [Build 76] [MDK-ARM Standard]

==============================================================================

Image Symbol Table

    Local Symbols

    Symbol Name                              Value     Ov Type        Size  Object(Section)

    EXCEPT_VECTS                             0x00000000   Section      128  startup.o(EXCEPT_VECTS)
    ../clib/angel/boardlib.s                 0x00000000   Number         0  boardinit1.o ABSOLUTE
    ../clib/angel/boardlib.s                 0x00000000   Number         0  boardshut.o ABSOLUTE
    ../clib/angel/boardlib.s                 0x00000000   Number         0  boardinit3.o ABSOLUTE
    ../clib/angel/boardlib.s                 0x00000000   Number         0  boardinit2.o ABSOLUTE
    ../clib/angel/dczerorl.s                 0x00000000   Number         0  __dczerorl.o ABSOLUTE
    ../clib/angel/kernel.s                   0x00000000   Number         0  rtentry.o ABSOLUTE
    ../clib/angel/kernel.s                   0x00000000   Number         0  rtexit2.o ABSOLUTE
    ../clib/angel/kernel.s                   0x00000000   Number         0  rtexit.o ABSOLUTE
    ../clib/angel/kernel.s                   0x00000000   Number         0  rtentry2.o ABSOLUTE
    ../clib/angel/kernel.s                   0x00000000   Number         0  rtentry4.o ABSOLUTE
    ../clib/angel/kernel.s                   0x00000000   Number         0  rtentry5.o ABSOLUTE
    ../clib/angel/rt.s                       0x00000000   Number         0  rt_div0.o ABSOLUTE
    ../clib/angel/rt.s                       0x00000000   Number         0  rt_locale.o ABSOLUTE
    ../clib/angel/rt.s                       0x00000000   Number         0  rt_locale_intlibspace.o ABSOLUTE
    ../clib/angel/rt.s                       0x00000000   Number         0  aeabi_ldiv0.o ABSOLUTE
    ../clib/angel/rt.s                       0x00000000   Number         0  aeabi_ldiv0_sigfpe.o ABSOLUTE
    ../clib/angel/rt.s                       0x00000000   Number         0  rt_raise.o ABSOLUTE
    ../clib/angel/scatter.s                  0x00000000   Number         0  __scatter.o ABSOLUTE
    ../clib/angel/startup.s                  0x00000000   Number         0  __main.o ABSOLUTE
    ../clib/angel/sys.s                      0x00000000   Number         0  indicate_semi.o ABSOLUTE
    ../clib/angel/sys.s                      0x00000000   Number         0  sys_stackheap_outer.o ABSOLUTE
    ../clib/angel/sys.s                      0x00000000   Number         0  use_no_semi.o ABSOLUTE
    ../clib/angel/sys.s                      0x00000000   Number         0  sys_stackheap.o ABSOLUTE
    ../clib/angel/sys.s                      0x00000000   Number         0  libspace.o ABSOLUTE
    ../clib/angel/sysapp.c                   0x00000000   Number         0  sys_command.o ABSOLUTE
    ../clib/armsys.c                         0x00000000   Number         0  argv_veneer.o ABSOLUTE
    ../clib/armsys.c                         0x00000000   Number         0  no_argv.o ABSOLUTE
    ../clib/armsys.c                         0x00000000   Number         0  _get_argv_nomalloc.o ABSOLUTE
    ../clib/armsys.c                         0x00000000   Number         0  argv_veneer.o ABSOLUTE
    ../clib/bigflt.c                         0x00000000   Number         0  bigflt0.o ABSOLUTE
    ../clib/btod.s                           0x00000000   Number         0  btod.o ABSOLUTE
    ../clib/heapalloc.c                      0x00000000   Number         0  hrguard.o ABSOLUTE
    ../clib/libinit.s                        0x00000000   Number         0  libinit3.o ABSOLUTE
    ../clib/libinit.s                        0x00000000   Number         0  libinit.o ABSOLUTE
    ../clib/libinit.s                        0x00000000   Number         0  libinit2.o ABSOLUTE
    ../clib/libinit.s                        0x00000000   Number         0  libshutdown2.o ABSOLUTE
    ../clib/libinit.s                        0x00000000   Number         0  libshutdown.o ABSOLUTE
    ../clib/locale.s                         0x00000000   Number         0  lc_numeric_c.o ABSOLUTE
    ../clib/longlong.s                       0x00000000   Number         0  lludivv7m.o ABSOLUTE
    ../clib/longlong.s                       0x00000000   Number         0  lludiv10.o ABSOLUTE
    ../clib/memcpset.s                       0x00000000   Number         0  rt_memclr_w.o ABSOLUTE
    ../clib/memcpset.s                       0x00000000   Number         0  rt_memcpy_w.o ABSOLUTE
    ../clib/memcpset.s                       0x00000000   Number         0  rt_memcpy_v6.o ABSOLUTE
    ../clib/memcpset.s                       0x00000000   Number         0  rt_memclr.o ABSOLUTE
    ../clib/memcpset.s                       0x00000000   Number         0  strcmpv7m.o ABSOLUTE
    ../clib/misc.s                           0x00000000   Number         0  printf_stubs.o ABSOLUTE
    ../clib/printf.c                         0x00000000   Number         0  _printf_oct_int_ll.o ABSOLUTE
[...]
    i.RtcAlarmIntClear                       0x000015e8   Section        0  rtc.o(i.RtcAlarmIntClear)
    i.RtcAlarmSetStatus                      0x00001610   Section        0  rtc.o(i.RtcAlarmSetStatus)
    i.RtcCheckAlarmFlag                      0x00001684   Section        0  rtc.o(i.RtcCheckAlarmFlag)
    i.RtcDateToDays                          0x000016a4   Section        0  rtc.o(i.RtcDateToDays)
    i.RtcDateToSeconds                       0x000016f4   Section        0  rtc.o(i.RtcDateToSeconds)
    i.RtcDayOffsetInYear                     0x00001728   Section        0  rtc.o(i.RtcDayOffsetInYear)
    i.RtcDaysToDate                          0x00001758   Section        0  rtc.o(i.RtcDaysToDate)
    i.RtcFindCurrAlarmIndex                  0x000017e8   Section        0  rtc.o(i.RtcFindCurrAlarmIndex)
    i.RtcGetCurrTime                         0x0000185c   Section        0  rtc.o(i.RtcGetCurrTime)
    i.RtcGetRefCnt                           0x00001878   Section        0  rtc.o(i.RtcGetRefCnt)
    i.RtcGetRefRegCnt                        0x000018a0   Section        0  rtc.o(i.RtcGetRefRegCnt)
    i.RtcGetWeekDay                          0x000018e4   Section        0  rtc.o(i.RtcGetWeekDay)
    i.RtcInit                                0x000018f8   Section        0  rtc.o(i.RtcInit)
    i.RtcInitialize                          0x00001a60   Section        0  rtc_example.o(i.RtcInitialize)
    i.RtcIsLeapYear                          0x00001ab4   Section        0  rtc.o(i.RtcIsLeapYear)
    i.RtcLoadCurrAlarm                       0x00001ad0   Section        0  rtc.o(i.RtcLoadCurrAlarm)
    i.RtcSecondsToDate                       0x00001b40   Section        0  rtc.o(i.RtcSecondsToDate)
    i.RtcSetAlarmCnt                         0x00001b90   Section        0  rtc.o(i.RtcSetAlarmCnt)
    i.RtcSetAlarmTime                        0x00001bec   Section        0  rtc.o(i.RtcSetAlarmTime)
    i.RtcSetCurrTime                         0x00001d10   Section        0  rtc.o(i.RtcSetCurrTime)
    i.RtcSetRefCnt                           0x00001d2c   Section        0  rtc.o(i.RtcSetRefCnt)
    i.RtcSetRefRegCnt                        0x00001d8c   Section        0  rtc.o(i.RtcSetRefRegCnt)
    i.RtcUpdataAlarmTimeWorkday              0x00001df0   Section        0  rtc.o(i.RtcUpdataAlarmTimeWorkday)
    i.RtcUpdateAlarmTimeInSeconds            0x00001eb8   Section        0  rtc.o(i.RtcUpdateAlarmTimeInSeconds)
    i.SendCmdToCache                         0x00002070   Section        0  cache.o(i.SendCmdToCache)
    SendCmdToCache                           0x00002071   Thumb Code    40  cache.o(i.SendCmdToCache)
    i.SolarToLunar                           0x0000209c   Section        0  rtc_lunar.o(i.SolarToLunar)
    i.SwUartSend                             0x0000218c   Section        0  retarget.o(i.SwUartSend)
    i.TimeOutSet                             0x0000218e   Section        0  timeout.o(i.TimeOutSet)
    i.WdgFeed                                0x000021a8   Section        0  watchdog.o(i.WdgFeed)
    i._is_digit                              0x000021c8   Section        0  __printf_wp.o(i._is_digit)
    i._sys_exit                              0x000021d6   Section        0  retarget.o(i._sys_exit)
    i.ferror                                 0x000021da   Section        0  retarget.o(i.ferror)
    i.fputc                                  0x000021e4   Section        0  retarget.o(i.fputc)
    i.main                                   0x00002250   Section        0  rtc_example.o(i.main)
    .constdata                               0x00002444   Section      212  rtc_example.o(.constdata)
    .constdata                               0x00002518   Section       78  rtc.o(.constdata)
    .constdata                               0x00002566   Section      366  rtc_lunar.o(.constdata)
    .constdata                               0x000026d4   Section       17  __printf_flags_wp.o(.constdata)
    maptable                                 0x000026d4   Data          17  __printf_flags_wp.o(.constdata)
    MSP                                      0x20000000   Section     4096  startup.o(MSP)
    sys_stack_heap                           0x20000000   Data        4096  startup.o(MSP)
    .data                                    0x20001000   Section        9  rtc_example.o(.data)
    RtcPreDataTime                           0x20001000   Data           8  rtc_example.o(.data)
    .data                                    0x2000100c   Section       12  retarget.o(.data)
    sOsDebugFlag                             0x2000100c   Data           1  retarget.o(.data)
    IsSwUartActedAsFuartFlag                 0x2000100d   Data           1  retarget.o(.data)
    .data                                    0x20001018   Section       16  rtc.o(.data)
    .data                                    0x20001028   Section        6  rtc_lunar.o(.data)
    .data                                    0x20001030   Section        8  timeout.o(.data)
    .bss                                     0x20001038   Section       52  rtc_example.o(.bss)
    .ARM.__AT_0x400020B4                     0x400020b4   Section        4  gpio.o(.ARM.__AT_0x400020B4)
    .ARM.__AT_0x400020B8                     0x400020b8   Section       12  gpio.o(.ARM.__AT_0x400020B8)
    .ARM.__AT_0x40005000                     0x40005000   Section        4  cache.o(.ARM.__AT_0x40005000)
    .ARM.__AT_0x40005008                     0x40005008   Section        4  cache.o(.ARM.__AT_0x40005008)
    .ARM.__AT_0x40013000                     0x40013000   Section        8  i2s.o(.ARM.__AT_0x40013000)
    .ARM.__AT_0x40014078                     0x40014078   Section        4  pcm_fifo.o(.ARM.__AT_0x40014078)
    .ARM.__AT_0x40015000                     0x40015000   Section        4  buart.o(.ARM.__AT_0x40015000)
    BuartCfgReg                              0x40015000   Data           4  buart.o(.ARM.__AT_0x40015000)
    .ARM.__AT_0x40015004                     0x40015004   Section        4  buart.o(.ARM.__AT_0x40015004)
    BuartClkDivCfgReg                        0x40015004   Data           4  buart.o(.ARM.__AT_0x40015004)
    .ARM.__AT_0x40015010                     0x40015010   Section        4  buart.o(.ARM.__AT_0x40015010)
    BuartRxDataReg                           0x40015010   Data           4  buart.o(.ARM.__AT_0x40015010)
    .ARM.__AT_0x40015014                     0x40015014   Section        4  buart.o(.ARM.__AT_0x40015014)
    BuartRxCtlReg                            0x40015014   Data           4  buart.o(.ARM.__AT_0x40015014)
    .ARM.__AT_0x40015018                     0x40015018   Section        4  buart.o(.ARM.__AT_0x40015018)
    BuartRxStatReg                           0x40015018   Data           4  buart.o(.ARM.__AT_0x40015018)
    .ARM.__AT_0x4001501C                     0x4001501c   Section        4  buart.o(.ARM.__AT_0x4001501C)
    BuartRxFifoCfgReg                        0x4001501c   Data           4  buart.o(.ARM.__AT_0x4001501C)
    .ARM.__AT_0x40015020                     0x40015020   Section        4  buart.o(.ARM.__AT_0x40015020)
    BuartRxFifoCtlReg                        0x40015020   Data           4  buart.o(.ARM.__AT_0x40015020)
    .ARM.__AT_0x40015024                     0x40015024   Section        4  buart.o(.ARM.__AT_0x40015024)
    BuartRxFifoStatReg                       0x40015024   Data           4  buart.o(.ARM.__AT_0x40015024)
    .ARM.__AT_0x40015030                     0x40015030   Section        4  buart.o(.ARM.__AT_0x40015030)
    BuartTxDataReg                           0x40015030   Data           4  buart.o(.ARM.__AT_0x40015030)
    .ARM.__AT_0x40015034                     0x40015034   Section        4  buart.o(.ARM.__AT_0x40015034)
    BuartTxCtlReg                            0x40015034   Data           4  buart.o(.ARM.__AT_0x40015034)
    .ARM.__AT_0x40015038                     0x40015038   Section        4  buart.o(.ARM.__AT_0x40015038)
    BuartTxStatReg                           0x40015038   Data           4  buart.o(.ARM.__AT_0x40015038)
    .ARM.__AT_0x4001503C                     0x4001503c   Section        4  buart.o(.ARM.__AT_0x4001503C)
    BuartTxFifoCtlReg                        0x4001503c   Data           4  buart.o(.ARM.__AT_0x4001503C)
    .ARM.__AT_0x40015040                     0x40015040   Section        4  buart.o(.ARM.__AT_0x40015040)
    BuartTxFifoStatReg                       0x40015040   Data           4  buart.o(.ARM.__AT_0x40015040)
    .ARM.__AT_0x40015050                     0x40015050   Section        4  buart.o(.ARM.__AT_0x40015050)
    BuartBRxFlowCtlReg                       0x40015050   Data           4  buart.o(.ARM.__AT_0x40015050)
    .ARM.__AT_0x40015054                     0x40015054   Section        4  buart.o(.ARM.__AT_0x40015054)
    BuartBRxFifoCfg0Reg                      0x40015054   Data           4  buart.o(.ARM.__AT_0x40015054)
    .ARM.__AT_0x40015058                     0x40015058   Section        4  buart.o(.ARM.__AT_0x40015058)
    BuartBRxFifoCfg1Reg                      0x40015058   Data           4  buart.o(.ARM.__AT_0x40015058)
    .ARM.__AT_0x4001505C                     0x4001505c   Section        4  buart.o(.ARM.__AT_0x4001505C)
    BuartBRxFifoCfg2Reg                      0x4001505c   Data           4  buart.o(.ARM.__AT_0x4001505C)
    .ARM.__AT_0x40015060                     0x40015060   Section        4  buart.o(.ARM.__AT_0x40015060)
    BuartBRxFifoCtlReg                       0x40015060   Data           4  buart.o(.ARM.__AT_0x40015060)
    .ARM.__AT_0x40015064                     0x40015064   Section        4  buart.o(.ARM.__AT_0x40015064)
    BuartBRxFifoStatReg                      0x40015064   Data           4  buart.o(.ARM.__AT_0x40015064)
    .ARM.__AT_0x40015068                     0x40015068   Section        4  buart.o(.ARM.__AT_0x40015068)
    BuartBRxFifoRdAdrReg                     0x40015068   Data           4  buart.o(.ARM.__AT_0x40015068)
    .ARM.__AT_0x40015070                     0x40015070   Section        4  buart.o(.ARM.__AT_0x40015070)
    BuartBTxFlowCtlReg                       0x40015070   Data           4  buart.o(.ARM.__AT_0x40015070)
    .ARM.__AT_0x40015074                     0x40015074   Section        4  buart.o(.ARM.__AT_0x40015074)
    BuartBTxFifoCfg0Reg                      0x40015074   Data           4  buart.o(.ARM.__AT_0x40015074)
    .ARM.__AT_0x40015078                     0x40015078   Section        4  buart.o(.ARM.__AT_0x40015078)
    BuartBTxFifoCfg1Reg                      0x40015078   Data           4  buart.o(.ARM.__AT_0x40015078)
    .ARM.__AT_0x4001507C                     0x4001507c   Section        4  buart.o(.ARM.__AT_0x4001507C)
    BuartBTxFifoCfg2Reg                      0x4001507c   Data           4  buart.o(.ARM.__AT_0x4001507C)
    .ARM.__AT_0x40015080                     0x40015080   Section        4  buart.o(.ARM.__AT_0x40015080)
    BuartBTxFifoCtlReg                       0x40015080   Data           4  buart.o(.ARM.__AT_0x40015080)
    .ARM.__AT_0x40015084                     0x40015084   Section        4  buart.o(.ARM.__AT_0x40015084)
    BuartBTxFifoStatReg                      0x40015084   Data           4  buart.o(.ARM.__AT_0x40015084)
    .ARM.__AT_0x40016000                     0x40016000   Section        4  fuart.o(.ARM.__AT_0x40016000)
    FuartCfgReg                              0x40016000   Data           4  fuart.o(.ARM.__AT_0x40016000)
    .ARM.__AT_0x40016004                     0x40016004   Section        4  fuart.o(.ARM.__AT_0x40016004)
    FuartClkDivCfgReg                        0x40016004   Data           4  fuart.o(.ARM.__AT_0x40016004)
    .ARM.__AT_0x40016010                     0x40016010   Section        4  fuart.o(.ARM.__AT_0x40016010)
    FuartRxDataReg                           0x40016010   Data           4  fuart.o(.ARM.__AT_0x40016010)
    .ARM.__AT_0x40016014                     0x40016014   Section        4  fuart.o(.ARM.__AT_0x40016014)
    FuartRxCtlReg                            0x40016014   Data           4  fuart.o(.ARM.__AT_0x40016014)
    .ARM.__AT_0x40016018                     0x40016018   Section        4  fuart.o(.ARM.__AT_0x40016018)
    FuartRxStatReg                           0x40016018   Data           4  fuart.o(.ARM.__AT_0x40016018)
    .ARM.__AT_0x4001601C                     0x4001601c   Section        4  fuart.o(.ARM.__AT_0x4001601C)
    FuartRxFifoCfgReg                        0x4001601c   Data           4  fuart.o(.ARM.__AT_0x4001601C)
    .ARM.__AT_0x40016020                     0x40016020   Section        4  fuart.o(.ARM.__AT_0x40016020)
    FuartRxFifoCtlReg                        0x40016020   Data           4  fuart.o(.ARM.__AT_0x40016020)
    .ARM.__AT_0x40016024                     0x40016024   Section        4  fuart.o(.ARM.__AT_0x40016024)
    FuartRxFifoStatReg                       0x40016024   Data           4  fuart.o(.ARM.__AT_0x40016024)
    .ARM.__AT_0x40016030                     0x40016030   Section        4  fuart.o(.ARM.__AT_0x40016030)
    FuartTxDataReg                           0x40016030   Data           4  fuart.o(.ARM.__AT_0x40016030)
    .ARM.__AT_0x40016034                     0x40016034   Section        4  fuart.o(.ARM.__AT_0x40016034)
    FuartTxCtlReg                            0x40016034   Data           4  fuart.o(.ARM.__AT_0x40016034)
    .ARM.__AT_0x40016038                     0x40016038   Section        4  fuart.o(.ARM.__AT_0x40016038)
    FuartTxStatReg                           0x40016038   Data           4  fuart.o(.ARM.__AT_0x40016038)
    .ARM.__AT_0x4001603C                     0x4001603c   Section        4  fuart.o(.ARM.__AT_0x4001603C)
    FuartTxFifoCtlReg                        0x4001603c   Data           4  fuart.o(.ARM.__AT_0x4001603C)
    .ARM.__AT_0x40016040                     0x40016040   Section        4  fuart.o(.ARM.__AT_0x40016040)
    FuartTxFifoStatReg                       0x40016040   Data           4  fuart.o(.ARM.__AT_0x40016040)
    .ARM.__AT_0x4001A000                     0x4001a000   Section        4  dac.o(.ARM.__AT_0x4001A000)
    .ARM.__AT_0x4001A008                     0x4001a008   Section        4  dac.o(.ARM.__AT_0x4001A008)
    .ARM.__AT_0x4001A014                     0x4001a014   Section        4  dac.o(.ARM.__AT_0x4001A014)
    .ARM.__AT_0x4001A01C                     0x4001a01c   Section        4  dac.o(.ARM.__AT_0x4001A01C)
    .ARM.__AT_0x4001A094                     0x4001a094   Section        8  audio_adc.o(.ARM.__AT_0x4001A094)
    .ARM.__AT_0x4001A09C                     0x4001a09c   Section        4  dac.o(.ARM.__AT_0x4001A09C)
    .ARM.__AT_0x4001A0A0                     0x4001a0a0   Section        4  dac.o(.ARM.__AT_0x4001A0A0)
    .ARM.__AT_0x4001A0A4                     0x4001a0a4   Section       32  dac.o(.ARM.__AT_0x4001A0A4)
    .ARM.__AT_0x4001A0C4                     0x4001a0c4   Section       24  audio_adc.o(.ARM.__AT_0x4001A0C4)
    .ARM.__AT_0x4001B000                     0x4001b000   Section        4  timer.o(.ARM.__AT_0x4001B000)
    .ARM.__AT_0x4001C000                     0x4001c000   Section        4  timer.o(.ARM.__AT_0x4001C000)
    .ARM.__AT_0x4001F014                     0x4001f014   Section        8  clk.o(.ARM.__AT_0x4001F014)
    .ARM.__AT_0x4001F01C                     0x4001f01c   Section        8  clk.o(.ARM.__AT_0x4001F01C)
    .ARM.__AT_0x40020100                     0x40020100   Section        4  rst.o(.ARM.__AT_0x40020100)
    .ARM.__AT_0x40021000                     0x40021000   Section       20  adc.o(.ARM.__AT_0x40021000)
    .ARM.__AT_0x40022004                     0x40022004   Section        4  wakeup.o(.ARM.__AT_0x40022004)
    .ARM.__AT_0x40022008                     0x40022008   Section        4  wakeup.o(.ARM.__AT_0x40022008)
    .ARM.__AT_0x40022010                     0x40022010   Section        4  wakeup.o(.ARM.__AT_0x40022010)
    .ARM.__AT_0x40022018                     0x40022018   Section        8  clk.o(.ARM.__AT_0x40022018)
    .ARM.__AT_0x40022024                     0x40022024   Section        4  clk.o(.ARM.__AT_0x40022024)
    .ARM.__AT_0x40022030                     0x40022030   Section        4  clk.o(.ARM.__AT_0x40022030)
    .ARM.__AT_0x40022100                     0x40022100   Section        8  wakeup.o(.ARM.__AT_0x40022100)

    Global Symbols

    Symbol Name                              Value     Ov Type        Size  Object(Section)

    BuildAttributes$$THM_ISAv4$P$D$K$B$S$PE$A:L22UL41UL21$X:L11$S22US41US21$IEEE1$IW$USESV6$~STKCKD$USESV7$~SHL$OTIME$ROPI$IEEEJ$EBA8$UX$STANDARDLIB$REQ8$PRES8$EABIv2 0x00000000   Number         0  anon$$obj.o ABSOLUTE
    __ARM_use_no_argv                        0x00000000   Number         0  rtc_example.o ABSOLUTE
    _printf_flags                            0x00000000   Number         0  printf_stubs.o ABSOLUTE
    _printf_return_value                     0x00000000   Number         0  printf_stubs.o ABSOLUTE
    _printf_sizespec                         0x00000000   Number         0  printf_stubs.o ABSOLUTE
    _printf_widthprec                        0x00000000   Number         0  printf_stubs.o ABSOLUTE
    DmaCh0Interrupt                           - Undefined Weak Reference
    DmaCh1Interrupt                           - Undefined Weak Reference
    GpioInterrupt                             - Undefined Weak Reference
    Image$$ZI$$Limit                          - Undefined Weak Reference
    IrInterrupt                               - Undefined Weak Reference
    PwcInterrupt                              - Undefined Weak Reference
    SdInterrupt                               - Undefined Weak Reference
    SpimInterrupt                             - Undefined Weak Reference
    SpisInterrupt                             - Undefined Weak Reference
    Timer0Interrupt                           - Undefined Weak Reference
    Timer1Interrupt                           - Undefined Weak Reference
    UsbInterrupt                              - Undefined Weak Reference
    WatchDogInterrupt                         - Undefined Weak Reference
    __ARM_exceptions_init                     - Undefined Weak Reference
    __alloca_initialize                       - Undefined Weak Reference
    __cpp_initialize__aeabi_                  - Undefined Weak Reference
    __cxa_finalize                            - Undefined Weak Reference
    __sigvec_lookup                           - Undefined Weak Reference
    _atexit_init                              - Undefined Weak Reference
    _call_atexit_fns                          - Undefined Weak Reference
    _clock_init                               - Undefined Weak Reference
    _fp_trap_init                             - Undefined Weak Reference
    _fp_trap_shutdown                         - Undefined Weak Reference
    _get_lc_collate                           - Undefined Weak Reference
    _get_lc_ctype                             - Undefined Weak Reference
    _get_lc_monetary                          - Undefined Weak Reference
    _get_lc_time                              - Undefined Weak Reference
    _getenv_init                              - Undefined Weak Reference
    _handle_redirection                       - Undefined Weak Reference
    _init_alloc                               - Undefined Weak Reference
    _init_user_alloc                          - Undefined Weak Reference
    _initio                                   - Undefined Weak Reference
    _printf_mbtowc                            - Undefined Weak Reference
    _printf_truncate_signed                   - Undefined Weak Reference
    _printf_truncate_unsigned                 - Undefined Weak Reference
    _rand_init                                - Undefined Weak Reference
    _signal_finish                            - Undefined Weak Reference
    _signal_init                              - Undefined Weak Reference
    _terminate_alloc                          - Undefined Weak Reference
    _terminate_user_alloc                     - Undefined Weak Reference
    _terminateio                              - Undefined Weak Reference
    audio_decoder_interrupt_handler           - Undefined Weak Reference
    pendsv_interrupt                          - Undefined Weak Reference
    svcall_interrupt                          - Undefined Weak Reference
    __main                                   0x000000fd   Thumb Code     8  __main.o(!!!main)
    __scatterload                            0x00000105   Thumb Code     0  __scatter.o(!!!scatter)
    __scatterload_rt2                        0x00000105   Thumb Code    44  __scatter.o(!!!scatter)
    __scatterload_rt2_thumb_only             0x00000105   Thumb Code     0  __scatter.o(!!!scatter)
    __scatterload_null                       0x00000113   Thumb Code     0  __scatter.o(!!!scatter)
    __decompress                             0x00000139   Thumb Code    58  __dczerorl.o(!!dczerorl)
    __decompress0                            0x00000139   Thumb Code     0  __dczerorl.o(!!dczerorl)
    mv_main                                  0x00000187   Thumb Code    44  startup.o(.text)
    reset_handler                            0x000001b5   Thumb Code     6  startup.o(.text)
    nmi_handler                              0x000001bb   Thumb Code     2  startup.o(.text)
    hardfault_handler                        0x000001bd   Thumb Code     2  startup.o(.text)
    memmanage_handler                        0x000001bf   Thumb Code     2  startup.o(.text)
    busfault_handler                         0x000001c1   Thumb Code     2  startup.o(.text)
    usagefault_handler                       0x000001c3   Thumb Code     2  startup.o(.text)
    __udelay                                 0x000001dd   Thumb Code    36  timeout.o(CACHE.4KBMEM)
    Region$$Table$$Base                      0x00000208   Number         0  anon$$obj.o(Region$$Table)
    Region$$Table$$Limit                     0x00000218   Number         0  anon$$obj.o(Region$$Table)
    _printf_d                                0x00000219   Thumb Code     0  _printf_d.o(.ARM.Collect$$_printf_percent$$00000009)
    _printf_percent                          0x00000219   Thumb Code     0  _printf_percent.o(.ARM.Collect$$_printf_percent$$00000000)
    _printf_s                                0x0000021f   Thumb Code     0  _printf_s.o(.ARM.Collect$$_printf_percent$$00000014)
    _printf_percent_end                      0x00000225   Thumb Code     0  _printf_percent_end.o(.ARM.Collect$$_printf_percent$$00000017)
    __rt_lib_init                            0x00000229   Thumb Code     0  libinit.o(.ARM.Collect$$libinit$$00000000)
    __rt_lib_init_alloca_1                   0x0000022b   Thumb Code     0  libinit2.o(.ARM.Collect$$libinit$$0000002C)
    __rt_lib_init_argv_1                     0x0000022b   Thumb Code     0  libinit2.o(.ARM.Collect$$libinit$$0000002A)
    __rt_lib_init_atexit_1                   0x0000022b   Thumb Code     0  libinit2.o(.ARM.Collect$$libinit$$00000019)
    __rt_lib_init_clock_1                    0x0000022b   Thumb Code     0  libinit2.o(.ARM.Collect$$libinit$$0000001F)
    __rt_lib_init_cpp_1                      0x0000022b   Thumb Code     0  libinit2.o(.ARM.Collect$$libinit$$00000030)
    __rt_lib_init_exceptions_1               0x0000022b   Thumb Code     0  libinit2.o(.ARM.Collect$$libinit$$0000002E)
    __rt_lib_init_fp_1                       0x0000022b   Thumb Code     0  libinit2.o(.ARM.Collect$$libinit$$00000002)
    __rt_lib_init_fp_trap_1                  0x0000022b   Thumb Code     0  libinit2.o(.ARM.Collect$$libinit$$0000001D)
    __rt_lib_init_getenv_1                   0x0000022b   Thumb Code     0  libinit2.o(.ARM.Collect$$libinit$$00000021)
    __rt_lib_init_heap_1                     0x0000022b   Thumb Code     0  libinit2.o(.ARM.Collect$$libinit$$00000008)
    __rt_lib_init_lc_collate_1               0x0000022b   Thumb Code     0  libinit2.o(.ARM.Collect$$libinit$$0000000F)
    __rt_lib_init_lc_ctype_1                 0x0000022b   Thumb Code     0  libinit2.o(.ARM.Collect$$libinit$$00000011)
    __rt_lib_init_lc_monetary_1              0x0000022b   Thumb Code     0  libinit2.o(.ARM.Collect$$libinit$$00000013)
    __rt_lib_init_lc_numeric_1               0x0000022b   Thumb Code     0  libinit2.o(.ARM.Collect$$libinit$$00000015)
    __rt_lib_init_lc_time_1                  0x0000022b   Thumb Code     0  libinit2.o(.ARM.Collect$$libinit$$00000017)
    __rt_lib_init_rand_1                     0x0000022b   Thumb Code     0  libinit2.o(.ARM.Collect$$libinit$$0000000C)
    __rt_lib_init_return                     0x0000022b   Thumb Code     0  libinit2.o(.ARM.Collect$$libinit$$00000031)
    __rt_lib_init_signal_1                   0x0000022b   Thumb Code     0  libinit2.o(.ARM.Collect$$libinit$$0000001B)
    __rt_lib_init_stdio_1                    0x0000022b   Thumb Code     0  libinit2.o(.ARM.Collect$$libinit$$00000023)
    __rt_lib_init_user_alloc_1               0x0000022b   Thumb Code     0  libinit2.o(.ARM.Collect$$libinit$$0000000A)
    __rt_lib_shutdown                        0x0000022d   Thumb Code     0  libshutdown.o(.ARM.Collect$$libshutdown$$00000000)
    __rt_lib_shutdown_fp_trap_1              0x0000022f   Thumb Code     0  libshutdown2.o(.ARM.Collect$$libshutdown$$00000006)
    __rt_lib_shutdown_heap_1                 0x0000022f   Thumb Code     0  libshutdown2.o(.ARM.Collect$$libshutdown$$0000000E)
    __rt_lib_shutdown_return                 0x0000022f   Thumb Code     0  libshutdown2.o(.ARM.Collect$$libshutdown$$0000000F)
    __rt_lib_shutdown_signal_1               0x0000022f   Thumb Code     0  libshutdown2.o(.ARM.Collect$$libshutdown$$00000009)
    __rt_lib_shutdown_stdio_1                0x0000022f   Thumb Code     0  libshutdown2.o(.ARM.Collect$$libshutdown$$00000003)
    __rt_lib_shutdown_user_alloc_1           0x0000022f   Thumb Code     0  libshutdown2.o(.ARM.Collect$$libshutdown$$0000000B)
    __rt_entry                               0x00000231   Thumb Code     0  rtentry.o(.ARM.Collect$$rtentry$$00000000)
    __rt_entry_presh_1                       0x00000231   Thumb Code     0  rtentry2.o(.ARM.Collect$$rtentry$$00000002)
    __rt_entry_sh                            0x00000231   Thumb Code     0  rtentry5.o(.ARM.Collect$$rtentry$$00000005)
    __rt_entry_li                            0x00000235   Thumb Code     0  rtentry2.o(.ARM.Collect$$rtentry$$0000000A)
    __rt_entry_postsh_1                      0x00000235   Thumb Code     0  rtentry2.o(.ARM.Collect$$rtentry$$00000009)
    __rt_entry_main                          0x00000239   Thumb Code     0  rtentry2.o(.ARM.Collect$$rtentry$$0000000D)
    __rt_entry_postli_1                      0x00000239   Thumb Code     0  rtentry2.o(.ARM.Collect$$rtentry$$0000000C)
    __rt_exit                                0x00000245   Thumb Code     0  rtexit.o(.ARM.Collect$$rtexit$$00000000)
    __rt_exit_ls                             0x00000247   Thumb Code     0  rtexit2.o(.ARM.Collect$$rtexit$$00000003)
    __rt_exit_prels_1                        0x00000247   Thumb Code     0  rtexit2.o(.ARM.Collect$$rtexit$$00000002)
    __rt_exit_exit                           0x0000024b   Thumb Code     0  rtexit2.o(.ARM.Collect$$rtexit$$00000004)
    RtcInterrupt                             0x00000251   Thumb Code    16  rtc_example.o(.driver.isr)
    BuartInterrupt                           0x000002d5   Thumb Code    78  buart.o(.driver.isr)
    systick_interrupt                        0x00000341   Thumb Code    12  timeout.o(.driver.isr)
    GetSysTick1MsCnt                         0x0000034d   Thumb Code     6  timeout.o(.driver.isr)
    __asm___10_watchdog_c_WdgEn____ENABLE_IRQ 0x00000359   Thumb Code     4  watchdog.o(.emb_text)
    __asm___10_watchdog_c_WdgEn____DISABLE_IRQ 0x0000035d   Thumb Code     4  watchdog.o(.emb_text)
    __asm___10_watchdog_c_WdgEn____ENABLE_FAULT_IRQ 0x00000361   Thumb Code     4  watchdog.o(.emb_text)
    __asm___10_watchdog_c_WdgEn____DISABLE_FAULT_IRQ 0x00000365   Thumb Code     4  watchdog.o(.emb_text)
    __asm___5_nvm_c_NvmRead____ENABLE_IRQ    0x00000369   Thumb Code     4  nvm.o(.emb_text)
    __asm___5_nvm_c_NvmRead____DISABLE_IRQ   0x0000036d   Thumb Code     4  nvm.o(.emb_text)
    __asm___5_nvm_c_NvmRead____ENABLE_FAULT_IRQ 0x00000371   Thumb Code     4  nvm.o(.emb_text)
    __asm___5_nvm_c_NvmRead____DISABLE_FAULT_IRQ 0x00000375   Thumb Code     4  nvm.o(.emb_text)
    __I$use$semihosting                      0x00000379   Thumb Code     0  use_no_semi.o(.text)
    __use_no_semihosting_swi                 0x00000379   Thumb Code     2  use_no_semi.o(.text)
    __2printf                                0x0000037d   Thumb Code    20  noretval__2printf.o(.text)
    _printf_pre_padding                      0x00000395   Thumb Code    46  _printf_pad.o(.text)
    _printf_post_padding                     0x000003c3   Thumb Code    36  _printf_pad.o(.text)
    _printf_str                              0x000003e7   Thumb Code    82  _printf_str.o(.text)
    _printf_int_dec                          0x00000439   Thumb Code   102  _printf_dec.o(.text)
    __printf                                 0x000004b1   Thumb Code   310  __printf_flags_wp.o(.text)
    __aeabi_memcpy4                          0x000005ed   Thumb Code     0  rt_memcpy_w.o(.text)
    __aeabi_memcpy8                          0x000005ed   Thumb Code     0  rt_memcpy_w.o(.text)
    __rt_memcpy_w                            0x000005ed   Thumb Code   100  rt_memcpy_w.o(.text)
    _memcpy_lastbytes_aligned                0x00000635   Thumb Code     0  rt_memcpy_w.o(.text)
    __aeabi_memclr                           0x00000651   Thumb Code     0  rt_memclr.o(.text)
    __rt_memclr                              0x00000651   Thumb Code    68  rt_memclr.o(.text)
    _memset                                  0x00000655   Thumb Code     0  rt_memclr.o(.text)
    _printf_int_common                       0x00000695   Thumb Code   184  _printf_intcommon.o(.text)
    _printf_cs_common                        0x0000074d   Thumb Code    20  _printf_char.o(.text)
    _printf_char                             0x00000761   Thumb Code    16  _printf_char.o(.text)
    _printf_string                           0x00000771   Thumb Code     8  _printf_char.o(.text)
    _printf_char_file                        0x00000779   Thumb Code    32  _printf_char_file.o(.text)
    __aeabi_memclr4                          0x0000079d   Thumb Code     0  rt_memclr_w.o(.text)
    __aeabi_memclr8                          0x0000079d   Thumb Code     0  rt_memclr_w.o(.text)
    __rt_memclr_w                            0x0000079d   Thumb Code    78  rt_memclr_w.o(.text)
    _memset_w                                0x000007a1   Thumb Code     0  rt_memclr_w.o(.text)
    _printf_char_common                      0x000007f7   Thumb Code    32  _printf_char_common.o(.text)
    exit                                     0x0000081d   Thumb Code    12  exit.o(.text)
    CacheInit                                0x00000829   Thumb Code    84  cache.o(i.CacheInit)
    ClkCurrentClkModeGet                     0x00000885   Thumb Code     8  clk.o(i.ClkCurrentClkModeGet)
    ClkModuleEn                              0x00000891   Thumb Code    26  clk.o(i.ClkModuleEn)
    ClkModuleGateEn                          0x000008b1   Thumb Code    16  clk.o(i.ClkModuleGateEn)
    ClkPorRcToDpll                           0x000008c9   Thumb Code   186  clk.o(i.ClkPorRcToDpll)
    ClkUseOsc32kCheckRc48m                   0x0000099d   Thumb Code   140  clk.o(i.ClkUseOsc32kCheckRc48m)
    DispRtcTimer                             0x00000a39   Thumb Code   228  rtc_example.o(i.DispRtcTimer)
    FuartIOctl                               0x00000f0d   Thumb Code   328  fuart.o(i.FuartIOctl)
    FuartInit                                0x00001071   Thumb Code   190  fuart.o(i.FuartInit)
    FuartInterrupt                           0x0000114d   Thumb Code    48  rtc_example.o(i.FuartInterrupt)
    FuartRecvByte                            0x00001181   Thumb Code    24  fuart.o(i.FuartRecvByte)
    FuartSend                                0x000011a1   Thumb Code    78  fuart.o(i.FuartSend)
    GetEarthlyBranch                         0x00001201   Thumb Code    20  rtc_lunar.o(i.GetEarthlyBranch)
    GetHeavenlyStem                          0x00001215   Thumb Code    20  rtc_lunar.o(i.GetHeavenlyStem)
    GpioA0SetMode                            0x00001229   Thumb Code    96  gpio.o(i.GpioA0SetMode)
    GpioFuartRxIoConfig                      0x00001295   Thumb Code    84  gpio.o(i.GpioFuartRxIoConfig)
    GpioFuartTxIoConfig                      0x000012f1   Thumb Code   106  gpio.o(i.GpioFuartTxIoConfig)
    IsFuartRxIntSrc                          0x0000136d   Thumb Code    16  fuart.o(i.IsFuartRxIntSrc)
    IsFuartTxIntSrc                          0x00001381   Thumb Code    14  fuart.o(i.IsFuartTxIntSrc)
    IsRtcCurrentTimeCompliant                0x00001395   Thumb Code   140  rtc.o(i.IsRtcCurrentTimeCompliant)
    IsTimeOut                                0x0000142d   Thumb Code    34  timeout.o(i.IsTimeOut)
    LoadLunarInfo                            0x00001451   Thumb Code   104  rtc_lunar.o(i.LoadLunarInfo)
    LpWriteDis                               0x000014cd   Thumb Code    10  wakeup.o(i.LpWriteDis)
    LpWriteEn                                0x000014dd   Thumb Code    22  wakeup.o(i.LpWriteEn)
    NvmRead                                  0x000014f9   Thumb Code    62  nvm.o(i.NvmRead)
    NvmWrite                                 0x0000153d   Thumb Code    74  nvm.o(i.NvmWrite)
    PowerkeyClrWakeCore                      0x0000158d   Thumb Code    38  wakeup.o(i.PowerkeyClrWakeCore)
    RC48MHzTrimBy1MHz                        0x000015b9   Thumb Code    24  clk.o(i.RC48MHzTrimBy1MHz)
    RtcAlarmArrivedProcess                   0x000015d9   Thumb Code    16  rtc.o(i.RtcAlarmArrivedProcess)
    RtcAlarmIntClear                         0x000015e9   Thumb Code    30  rtc.o(i.RtcAlarmIntClear)
    RtcAlarmSetStatus                        0x00001611   Thumb Code   108  rtc.o(i.RtcAlarmSetStatus)
    RtcCheckAlarmFlag                        0x00001685   Thumb Code    24  rtc.o(i.RtcCheckAlarmFlag)
    RtcDateToDays                            0x000016a5   Thumb Code    74  rtc.o(i.RtcDateToDays)
    RtcDateToSeconds                         0x000016f5   Thumb Code    48  rtc.o(i.RtcDateToSeconds)
    RtcDayOffsetInYear                       0x00001729   Thumb Code    42  rtc.o(i.RtcDayOffsetInYear)
    RtcDaysToDate                            0x00001759   Thumb Code   136  rtc.o(i.RtcDaysToDate)
    RtcFindCurrAlarmIndex                    0x000017e9   Thumb Code   108  rtc.o(i.RtcFindCurrAlarmIndex)
    RtcGetCurrTime                           0x0000185d   Thumb Code    26  rtc.o(i.RtcGetCurrTime)
    RtcGetRefCnt                             0x00001879   Thumb Code    34  rtc.o(i.RtcGetRefCnt)
    RtcGetRefRegCnt                          0x000018a1   Thumb Code    54  rtc.o(i.RtcGetRefRegCnt)
    RtcGetWeekDay                            0x000018e5   Thumb Code    18  rtc.o(i.RtcGetWeekDay)
    RtcInit                                  0x000018f9   Thumb Code   336  rtc.o(i.RtcInit)
    RtcInitialize                            0x00001a61   Thumb Code    58  rtc_example.o(i.RtcInitialize)
    RtcIsLeapYear                            0x00001ab5   Thumb Code    26  rtc.o(i.RtcIsLeapYear)
    RtcLoadCurrAlarm                         0x00001ad1   Thumb Code    92  rtc.o(i.RtcLoadCurrAlarm)
    RtcSecondsToDate                         0x00001b41   Thumb Code    76  rtc.o(i.RtcSecondsToDate)
    RtcSetAlarmCnt                           0x00001b91   Thumb Code    74  rtc.o(i.RtcSetAlarmCnt)
    RtcSetAlarmTime                          0x00001bed   Thumb Code   282  rtc.o(i.RtcSetAlarmTime)
    RtcSetCurrTime                           0x00001d11   Thumb Code    28  rtc.o(i.RtcSetCurrTime)
    RtcSetRefCnt                             0x00001d2d   Thumb Code    86  rtc.o(i.RtcSetRefCnt)
    RtcSetRefRegCnt                          0x00001d8d   Thumb Code    82  rtc.o(i.RtcSetRefRegCnt)
    RtcUpdataAlarmTimeWorkday                0x00001df1   Thumb Code   188  rtc.o(i.RtcUpdataAlarmTimeWorkday)
    RtcUpdateAlarmTimeInSeconds              0x00001eb9   Thumb Code   422  rtc.o(i.RtcUpdateAlarmTimeInSeconds)
    SolarToLunar                             0x0000209d   Thumb Code   224  rtc_lunar.o(i.SolarToLunar)
    SwUartSend                               0x0000218d   Thumb Code     2  retarget.o(i.SwUartSend)
    TimeOutSet                               0x0000218f   Thumb Code    26  timeout.o(i.TimeOutSet)
    WdgFeed                                  0x000021a9   Thumb Code    24  watchdog.o(i.WdgFeed)
    _is_digit                                0x000021c9   Thumb Code    14  __printf_wp.o(i._is_digit)
    _sys_exit                                0x000021d7   Thumb Code     4  retarget.o(i._sys_exit)
    ferror                                   0x000021db   Thumb Code     8  retarget.o(i.ferror)
    fputc                                    0x000021e5   Thumb Code    94  retarget.o(i.fputc)
    main                                     0x00002251   Thumb Code   334  rtc_example.o(i.main)
    s_leapdays                               0x00002518   Data          26  rtc.o(.constdata)
    s_days                                   0x00002532   Data          26  rtc.o(.constdata)
    MonthOffsetTable                         0x0000254c   Data          26  rtc.o(.constdata)
    LunarMonthTable                          0x00002566   Data         366  rtc_lunar.o(.constdata)
    __heap_base                              0x20001000   Number         0  startup.o ABSOLUTE
    __heap_limit                             0x20001000   Number         0  startup.o ABSOLUTE
    __initial_sp                             0x20001000   Number         0  startup.o ABSOLUTE
    UartRec                                  0x20001008   Data           1  rtc_example.o(.data)
    __stdout                                 0x20001010   Data           4  retarget.o(.data)
    __stdin                                  0x20001014   Data           4  retarget.o(.data)
    gpAlarmList                              0x20001018   Data           4  rtc.o(.data)
    gAlarmMaxNum                             0x2000101c   Data           1  rtc.o(.data)
    CurrAlarmIndex                           0x2000101d   Data           1  rtc.o(.data)
    gTimerSeconds                            0x20001020   Data           8  rtc.o(.data)
    Moth                                     0x20001028   Data           1  rtc_lunar.o(.data)
    Date                                     0x20001029   Data           1  rtc_lunar.o(.data)
    LunarLeapMonth                           0x2000102a   Data           1  rtc_lunar.o(.data)
    LunarMonthFlags                          0x2000102c   Data           2  rtc_lunar.o(.data)
    loops_per_tick                           0x20001030   Data           4  timeout.o(.data)
    gSysTick                                 0x20001034   Data           4  timeout.o(.data)
    AlarmWorkMem                             0x20001038   Data          12  rtc_example.o(.bss)
    sRtcControl                              0x20001044   Data          28  rtc_example.o(.bss)
    RtcTime                                  0x20001060   Data          12  rtc_example.o(.bss)
    RegGpioCfg2Sel                           0x400020b4   Data           4  gpio.o(.ARM.__AT_0x400020B4)
    RegGpioCfg3Sel                           0x400020b8   Data          12  gpio.o(.ARM.__AT_0x400020B8)
    RegCachCtrl                              0x40005000   Data           4  cache.o(.ARM.__AT_0x40005000)
    RegCachBmtxCtrl                          0x40005008   Data           4  cache.o(.ARM.__AT_0x40005008)
    RegI2sCtrl                               0x40013000   Data           8  i2s.o(.ARM.__AT_0x40013000)
    PCM_FIFO_INFO                            0x40014078   Data           4  pcm_fifo.o(.ARM.__AT_0x40014078)
    RegCodecCtrl                             0x4001a000   Data           4  dac.o(.ARM.__AT_0x4001A000)
    RegCodecIntVolMute                       0x4001a008   Data           4  dac.o(.ARM.__AT_0x4001A008)
    RegCodecI2s                              0x4001a014   Data           4  dac.o(.ARM.__AT_0x4001A014)
    RegCodecClkAdjust                        0x4001a01c   Data           4  dac.o(.ARM.__AT_0x4001A01C)
    RegCodecAlcCtrl                          0x4001a094   Data           8  audio_adc.o(.ARM.__AT_0x4001A094)
    RegMdacVolMix                            0x4001a09c   Data           4  dac.o(.ARM.__AT_0x4001A09C)
    RegMdacVolDac                            0x4001a0a0   Data           4  dac.o(.ARM.__AT_0x4001A0A0)
    RegMdacAnaCtrl                           0x4001a0a4   Data          32  dac.o(.ARM.__AT_0x4001A0A4)
    RegAsdmAnaCtrl                           0x4001a0c4   Data          24  audio_adc.o(.ARM.__AT_0x4001A0C4)
    RegTimCtrlTIMER0                         0x4001b000   Data           4  timer.o(.ARM.__AT_0x4001B000)
    RegTimCtrlTIMER1                         0x4001c000   Data           4  timer.o(.ARM.__AT_0x4001C000)
    RegClkSel                                0x4001f014   Data           8  clk.o(.ARM.__AT_0x4001F014)
    RegClkRcntCtrl                           0x4001f01c   Data           8  clk.o(.ARM.__AT_0x4001F01C)
    RegRstSepaCtrl1                          0x40020100   Data           4  rst.o(.ARM.__AT_0x40020100)
    RegAdcCtrl                               0x40021000   Data          20  adc.o(.ARM.__AT_0x40021000)
    RegLpMode                                0x40022004   Data           4  wakeup.o(.ARM.__AT_0x40022004)
    RegLpCtrl                                0x40022008   Data           4  wakeup.o(.ARM.__AT_0x40022008)
    RegLpStatus                              0x40022010   Data           4  wakeup.o(.ARM.__AT_0x40022010)
    RegLpClkSel                              0x40022018   Data           8  clk.o(.ARM.__AT_0x40022018)
    RegLpOscCtrl                             0x40022024   Data           4  clk.o(.ARM.__AT_0x40022024)
    RegLpAnaRsv                              0x40022030   Data           4  clk.o(.ARM.__AT_0x40022030)
    RegRtcCtrl                               0x40022100   Data           8  wakeup.o(.ARM.__AT_0x40022100)



==============================================================================

Memory Map of the image

  Image Entry point : 0x000000fd

  Load Region LR_FLASH (Base: 0x00000000, Size: 0x00003720, Max: 0x007c0400, ABSOLUTE, COMPRESSED[0x00002718])

    Execution Region ER_INIT (Base: 0x00000000, Size: 0x00000218, Max: 0xffffffff, ABSOLUTE)

    Base Addr    Size         Type   Attr      Idx    E Section Name        Object

    0x00000000   0x00000080   Data   RO          134    EXCEPT_VECTS        startup.o
    0x00000080   0x00000004   Code   RO          124    .ARM.__at_0x00000080  startup.o
    0x00000084   0x00000008   Code   RO          125    .ARM.__at_0x00000084  startup.o
    0x0000008c   0x00000004   Code   RO          126    .ARM.__at_0x0000008C  startup.o
    0x00000090   0x00000004   Code   RO          127    .ARM.__at_0x00000090  startup.o
    0x00000094   0x00000004   Code   RO          128    .ARM.__at_0x00000094  startup.o
    0x00000098   0x00000004   Code   RO          129    .ARM.__at_0x00000098  startup.o
    0x0000009c   0x00000004   Code   RO          130    .ARM.__at_0x0000009C  startup.o
    0x000000a0   0x00000004   Code   RO          131    .ARM.__at_0x000000A0  startup.o
    0x000000a4   0x00000058   Code   RO          132    .ARM.__at_0x000000A4  startup.o
    0x000000fc   0x00000008   Code   RO         1390  * !!!main             c_w.l(__main.o)
    0x00000104   0x00000034   Code   RO         1621    !!!scatter          c_w.l(__scatter.o)
    0x00000138   0x0000003a   Code   RO         1619    !!dczerorl          c_w.l(__dczerorl.o)
    0x00000172   0x00000002   PAD
    0x00000174   0x00000068   Code   RO          133    .text               startup.o
    0x000001dc   0x0000002c   Code   RO          805    CACHE.4KBMEM        driver.lib(timeout.o)
    0x00000208   0x00000010   Data   RO         1617    Region$$Table       anon$$obj.o


    Execution Region ER_MACH0 (Base: 0x00000218, Size: 0x00000000, Max: 0xffffffff, ABSOLUTE)

    **** No section assigned to this execution region ****


    Execution Region ER_MACH1 (Base: 0x00000218, Size: 0x00000000, Max: 0xffffffff, ABSOLUTE)

    **** No section assigned to this execution region ****


    Execution Region ER_MACH3 (Base: 0x00000218, Size: 0x00000000, Max: 0xffffffff, ABSOLUTE)

    **** No section assigned to this execution region ****


    Execution Region ER_MACH4 (Base: 0x00000218, Size: 0x00000000, Max: 0xffffffff, ABSOLUTE)

    **** No section assigned to this execution region ****


    Execution Region ER_MACH5 (Base: 0x00000218, Size: 0x00000000, Max: 0xffffffff, ABSOLUTE)

    **** No section assigned to this execution region ****


    Execution Region ER_MACH8 (Base: 0x00000218, Size: 0x00000000, Max: 0xffffffff, ABSOLUTE)

    **** No section assigned to this execution region ****


    Execution Region ER_MACH9 (Base: 0x00000218, Size: 0x00000000, Max: 0xffffffff, ABSOLUTE)

    **** No section assigned to this execution region ****


    Execution Region ER_NOTIFY0 (Base: 0x00000218, Size: 0x00000000, Max: 0xffffffff, ABSOLUTE)

    **** No section assigned to this execution region ****


    Execution Region ER_NOTIFY1 (Base: 0x00000218, Size: 0x00000000, Max: 0xffffffff, ABSOLUTE)

    **** No section assigned to this execution region ****


    Execution Region ER_NOTIFY4 (Base: 0x00000218, Size: 0x00000000, Max: 0xffffffff, ABSOLUTE)

    **** No section assigned to this execution region ****


    Execution Region ER_SHELL0 (Base: 0x00000218, Size: 0x00000000, Max: 0xffffffff, ABSOLUTE)

    **** No section assigned to this execution region ****


    Execution Region ER_SHELL1 (Base: 0x00000218, Size: 0x00000000, Max: 0xffffffff, ABSOLUTE)

    **** No section assigned to this execution region ****


    Execution Region ER_SHELL2 (Base: 0x00000218, Size: 0x00000000, Max: 0xffffffff, ABSOLUTE)

    **** No section assigned to this execution region ****


    Execution Region ER_ROM_ANY (Base: 0x00000218, Size: 0x000024d0, Max: 0xffffffff, ABSOLUTE)

    Base Addr    Size         Type   Attr      Idx    E Section Name        Object

    0x00000218   0x00000000   Code   RO         1378    .ARM.Collect$$_printf_percent$$00000000  c_w.l(_printf_percent.o)
    0x00000218   0x00000006   Code   RO         1376    .ARM.Collect$$_printf_percent$$00000009  c_w.l(_printf_d.o)
    0x0000021e   0x00000006   Code   RO         1373    .ARM.Collect$$_printf_percent$$00000014  c_w.l(_printf_s.o)
    0x00000224   0x00000004   Code   RO         1407    .ARM.Collect$$_printf_percent$$00000017  c_w.l(_printf_percent_end.o)
    0x00000228   0x00000002   Code   RO         1389    .ARM.Collect$$libinit$$00000000  c_w.l(libinit.o)
    0x0000022a   0x00000000   Code   RO         1411    .ARM.Collect$$libinit$$00000002  c_w.l(libinit2.o)
    0x0000022a   0x00000000   Code   RO         1414    .ARM.Collect$$libinit$$00000008  c_w.l(libinit2.o)
    0x0000022a   0x00000000   Code   RO         1416    .ARM.Collect$$libinit$$0000000A  c_w.l(libinit2.o)
    0x0000022a   0x00000000   Code   RO         1418    .ARM.Collect$$libinit$$0000000C  c_w.l(libinit2.o)
    0x0000022a   0x00000000   Code   RO         1421    .ARM.Collect$$libinit$$0000000F  c_w.l(libinit2.o)
    0x0000022a   0x00000000   Code   RO         1423    .ARM.Collect$$libinit$$00000011  c_w.l(libinit2.o)
    0x0000022a   0x00000000   Code   RO         1425    .ARM.Collect$$libinit$$00000013  c_w.l(libinit2.o)
    0x0000022a   0x00000000   Code   RO         1427    .ARM.Collect$$libinit$$00000015  c_w.l(libinit2.o)
    0x0000022a   0x00000000   Code   RO         1429    .ARM.Collect$$libinit$$00000017  c_w.l(libinit2.o)
    0x0000022a   0x00000000   Code   RO         1431    .ARM.Collect$$libinit$$00000019  c_w.l(libinit2.o)
    0x0000022a   0x00000000   Code   RO         1433    .ARM.Collect$$libinit$$0000001B  c_w.l(libinit2.o)
    0x0000022a   0x00000000   Code   RO         1435    .ARM.Collect$$libinit$$0000001D  c_w.l(libinit2.o)
    0x0000022a   0x00000000   Code   RO         1437    .ARM.Collect$$libinit$$0000001F  c_w.l(libinit2.o)
    0x0000022a   0x00000000   Code   RO         1439    .ARM.Collect$$libinit$$00000021  c_w.l(libinit2.o)
    0x0000022a   0x00000000   Code   RO         1441    .ARM.Collect$$libinit$$00000023  c_w.l(libinit2.o)
    0x0000022a   0x00000000   Code   RO         1445    .ARM.Collect$$libinit$$0000002A  c_w.l(libinit2.o)
    0x0000022a   0x00000000   Code   RO         1447    .ARM.Collect$$libinit$$0000002C  c_w.l(libinit2.o)
    0x0000022a   0x00000000   Code   RO         1449    .ARM.Collect$$libinit$$0000002E  c_w.l(libinit2.o)
    0x0000022a   0x00000000   Code   RO         1451    .ARM.Collect$$libinit$$00000030  c_w.l(libinit2.o)
    0x0000022a   0x00000002   Code   RO         1452    .ARM.Collect$$libinit$$00000031  c_w.l(libinit2.o)
    0x0000022c   0x00000002   Code   RO         1587    .ARM.Collect$$libshutdown$$00000000  c_w.l(libshutdown.o)
    0x0000022e   0x00000000   Code   RO         1604    .ARM.Collect$$libshutdown$$00000003  c_w.l(libshutdown2.o)
    0x0000022e   0x00000000   Code   RO         1607    .ARM.Collect$$libshutdown$$00000006  c_w.l(libshutdown2.o)
    0x0000022e   0x00000000   Code   RO         1610    .ARM.Collect$$libshutdown$$00000009  c_w.l(libshutdown2.o)
    0x0000022e   0x00000000   Code   RO         1612    .ARM.Collect$$libshutdown$$0000000B  c_w.l(libshutdown2.o)
    0x0000022e   0x00000000   Code   RO         1615    .ARM.Collect$$libshutdown$$0000000E  c_w.l(libshutdown2.o)
    0x0000022e   0x00000002   Code   RO         1616    .ARM.Collect$$libshutdown$$0000000F  c_w.l(libshutdown2.o)
    0x00000230   0x00000000   Code   RO         1394    .ARM.Collect$$rtentry$$00000000  c_w.l(rtentry.o)
    0x00000230   0x00000000   Code   RO         1458    .ARM.Collect$$rtentry$$00000002  c_w.l(rtentry2.o)
    0x00000230   0x00000004   Code   RO         1472    .ARM.Collect$$rtentry$$00000005  c_w.l(rtentry5.o)
    0x00000234   0x00000000   Code   RO         1460    .ARM.Collect$$rtentry$$00000009  c_w.l(rtentry2.o)
    0x00000234   0x00000004   Code   RO         1461    .ARM.Collect$$rtentry$$0000000A  c_w.l(rtentry2.o)
    0x00000238   0x00000000   Code   RO         1463    .ARM.Collect$$rtentry$$0000000C  c_w.l(rtentry2.o)
    0x00000238   0x00000008   Code   RO         1464    .ARM.Collect$$rtentry$$0000000D  c_w.l(rtentry2.o)
    0x00000240   0x00000004   Code   RO         1473    .ARM.Collect$$rtentry$$00002716  c_w.l(rtentry5.o)
    0x00000244   0x00000002   Code   RO         1555    .ARM.Collect$$rtexit$$00000000  c_w.l(rtexit.o)
    0x00000246   0x00000000   Code   RO         1571    .ARM.Collect$$rtexit$$00000002  c_w.l(rtexit2.o)
    0x00000246   0x00000004   Code   RO         1572    .ARM.Collect$$rtexit$$00000003  c_w.l(rtexit2.o)
    0x0000024a   0x00000006   Code   RO         1573    .ARM.Collect$$rtexit$$00000004  c_w.l(rtexit2.o)
    0x00000250   0x00000014   Code   RO            4    .driver.isr         rtc_example.o
    0x00000264   0x00000070   Code   RO          354    .driver.isr         driver.lib(fuart.o)
    0x000002d4   0x0000006c   Code   RO          596    .driver.isr         driver.lib(buart.o)
    0x00000340   0x00000018   Code   RO          806    .driver.isr         driver.lib(timeout.o)
    0x00000358   0x00000010   Code   RO          579    .emb_text           driver.lib(watchdog.o)
    0x00000368   0x00000010   Code   RO          650    .emb_text           driver.lib(nvm.o)
    0x00000378   0x00000002   Code   RO         1310    .text               c_w.l(use_no_semi.o)
    0x0000037a   0x00000002   PAD
    0x0000037c   0x00000018   Code   RO         1316    .text               c_w.l(noretval__2printf.o)
    0x00000394   0x00000052   Code   RO         1320    .text               c_w.l(_printf_pad.o)
    0x000003e6   0x00000052   Code   RO         1322    .text               c_w.l(_printf_str.o)
    0x00000438   0x00000078   Code   RO         1324    .text               c_w.l(_printf_dec.o)
    0x000004b0   0x0000013c   Code   RO         1365    .text               c_w.l(__printf_flags_wp.o)
    0x000005ec   0x00000064   Code   RO         1385    .text               c_w.l(rt_memcpy_w.o)
    0x00000650   0x00000044   Code   RO         1387    .text               c_w.l(rt_memclr.o)
    0x00000694   0x000000b8   Code   RO         1399    .text               c_w.l(_printf_intcommon.o)
    0x0000074c   0x0000002c   Code   RO         1403    .text               c_w.l(_printf_char.o)
    0x00000778   0x00000024   Code   RO         1405    .text               c_w.l(_printf_char_file.o)
    0x0000079c   0x0000004e   Code   RO         1408    .text               c_w.l(rt_memclr_w.o)
    0x000007ea   0x00000002   PAD
    0x000007ec   0x00000030   Code   RO         1486    .text               c_w.l(_printf_char_common.o)
    0x0000081c   0x0000000c   Code   RO         1534    .text               c_w.l(exit.o)
    0x00000828   0x0000005c   Code   RO          261    i.CacheInit         driver.lib(cache.o)
    0x00000884   0x0000000c   Code   RO          279    i.ClkCurrentClkModeGet  driver.lib(clk.o)
    0x00000890   0x00000020   Code   RO          295    i.ClkModuleEn       driver.lib(clk.o)
    0x000008b0   0x00000018   Code   RO          297    i.ClkModuleGateEn   driver.lib(clk.o)
    0x000008c8   0x000000d4   Code   RO          300    i.ClkPorRcToDpll    driver.lib(clk.o)
    0x0000099c   0x0000009c   Code   RO          307    i.ClkUseOsc32kCheckRc48m  driver.lib(clk.o)
    0x00000a38   0x00000228   Code   RO            5    i.DispRtcTimer      rtc_example.o
    0x00000c60   0x0000027c   Code   RO            6    i.DisplayLunarDate  rtc_example.o
    0x00000edc   0x00000030   Code   RO          355    i.FuartGetBaudClk   driver.lib(fuart.o)
    0x00000f0c   0x00000164   Code   RO          356    i.FuartIOctl        driver.lib(fuart.o)
    0x00001070   0x000000dc   Code   RO          357    i.FuartInit         driver.lib(fuart.o)
    0x0000114c   0x00000034   Code   RO            7    i.FuartInterrupt    rtc_example.o
    0x00001180   0x00000020   Code   RO          359    i.FuartRecvByte     driver.lib(fuart.o)
    0x000011a0   0x00000060   Code   RO          360    i.FuartSend         driver.lib(fuart.o)
    0x00001200   0x00000014   Code   RO          564    i.GetEarthlyBranch  driver.lib(rtc_lunar.o)
    0x00001214   0x00000014   Code   RO          565    i.GetHeavenlyStem   driver.lib(rtc_lunar.o)
    0x00001228   0x0000006c   Code   RO          398    i.GpioA0SetMode     driver.lib(gpio.o)
    0x00001294   0x0000005c   Code   RO          413    i.GpioFuartRxIoConfig  driver.lib(gpio.o)
    0x000012f0   0x0000007c   Code   RO          414    i.GpioFuartTxIoConfig  driver.lib(gpio.o)
    0x0000136c   0x00000014   Code   RO          362    i.IsFuartRxIntSrc   driver.lib(fuart.o)
    0x00001380   0x00000014   Code   RO          363    i.IsFuartTxIntSrc   driver.lib(fuart.o)
    0x00001394   0x00000098   Code   RO          496    i.IsRtcCurrentTimeCompliant  driver.lib(rtc.o)
    0x0000142c   0x00000022   Code   RO          808    i.IsTimeOut         driver.lib(timeout.o)
    0x0000144e   0x00000002   PAD
    0x00001450   0x0000007c   Code   RO          566    i.LoadLunarInfo     driver.lib(rtc_lunar.o)
    0x000014cc   0x00000010   Code   RO          727    i.LpWriteDis        driver.lib(wakeup.o)
    0x000014dc   0x0000001c   Code   RO          728    i.LpWriteEn         driver.lib(wakeup.o)
    0x000014f8   0x00000044   Code   RO          654    i.NvmRead           driver.lib(nvm.o)
    0x0000153c   0x00000050   Code   RO          655    i.NvmWrite          driver.lib(nvm.o)
    0x0000158c   0x0000002c   Code   RO          734    i.PowerkeyClrWakeCore  driver.lib(wakeup.o)
    0x000015b8   0x00000020   Code   RO          309    i.RC48MHzTrimBy1MHz  driver.lib(clk.o)
    0x000015d8   0x00000010   Code   RO          498    i.RtcAlarmArrivedProcess  driver.lib(rtc.o)
    0x000015e8   0x00000028   Code   RO          499    i.RtcAlarmIntClear  driver.lib(rtc.o)
    0x00001610   0x00000074   Code   RO          500    i.RtcAlarmSetStatus  driver.lib(rtc.o)
    0x00001684   0x00000020   Code   RO          501    i.RtcCheckAlarmFlag  driver.lib(rtc.o)
    0x000016a4   0x00000050   Code   RO          502    i.RtcDateToDays     driver.lib(rtc.o)
    0x000016f4   0x00000034   Code   RO          503    i.RtcDateToSeconds  driver.lib(rtc.o)
    0x00001728   0x00000030   Code   RO          504    i.RtcDayOffsetInYear  driver.lib(rtc.o)
    0x00001758   0x00000090   Code   RO          505    i.RtcDaysToDate     driver.lib(rtc.o)
    0x000017e8   0x00000074   Code   RO          506    i.RtcFindCurrAlarmIndex  driver.lib(rtc.o)
    0x0000185c   0x0000001a   Code   RO          510    i.RtcGetCurrTime    driver.lib(rtc.o)
    0x00001876   0x00000002   PAD
    0x00001878   0x00000028   Code   RO          512    i.RtcGetRefCnt      driver.lib(rtc.o)
    0x000018a0   0x00000044   Code   RO          513    i.RtcGetRefRegCnt   driver.lib(rtc.o)
    0x000018e4   0x00000012   Code   RO          514    i.RtcGetWeekDay     driver.lib(rtc.o)
    0x000018f6   0x00000002   PAD
    0x000018f8   0x00000168   Code   RO          515    i.RtcInit           driver.lib(rtc.o)
    0x00001a60   0x00000054   Code   RO            9    i.RtcInitialize     rtc_example.o
    0x00001ab4   0x0000001a   Code   RO          516    i.RtcIsLeapYear     driver.lib(rtc.o)
    0x00001ace   0x00000002   PAD
    0x00001ad0   0x00000070   Code   RO          517    i.RtcLoadCurrAlarm  driver.lib(rtc.o)
    0x00001b40   0x00000050   Code   RO          518    i.RtcSecondsToDate  driver.lib(rtc.o)
    0x00001b90   0x0000005c   Code   RO          519    i.RtcSetAlarmCnt    driver.lib(rtc.o)
    0x00001bec   0x00000124   Code   RO          520    i.RtcSetAlarmTime   driver.lib(rtc.o)
    0x00001d10   0x0000001c   Code   RO          521    i.RtcSetCurrTime    driver.lib(rtc.o)
    0x00001d2c   0x00000060   Code   RO          522    i.RtcSetRefCnt      driver.lib(rtc.o)
    0x00001d8c   0x00000064   Code   RO          523    i.RtcSetRefRegCnt   driver.lib(rtc.o)
    0x00001df0   0x000000c8   Code   RO          524    i.RtcUpdataAlarmTimeWorkday  driver.lib(rtc.o)
    0x00001eb8   0x000001b8   Code   RO          525    i.RtcUpdateAlarmTimeInSeconds  driver.lib(rtc.o)
    0x00002070   0x0000002c   Code   RO          263    i.SendCmdToCache    driver.lib(cache.o)
    0x0000209c   0x000000f0   Code   RO          568    i.SolarToLunar      driver.lib(rtc_lunar.o)
    0x0000218c   0x00000002   Code   RO          170    i.SwUartSend        retarget.o
    0x0000218e   0x0000001a   Code   RO          813    i.TimeOutSet        driver.lib(timeout.o)
    0x000021a8   0x00000020   Code   RO          585    i.WdgFeed           driver.lib(watchdog.o)
    0x000021c8   0x0000000e   Code   RO         1363    i._is_digit         c_w.l(__printf_wp.o)
    0x000021d6   0x00000004   Code   RO          171    i._sys_exit         retarget.o
    0x000021da   0x00000008   Code   RO          173    i.ferror            retarget.o
    0x000021e2   0x00000002   PAD
    0x000021e4   0x0000006c   Code   RO          175    i.fputc             retarget.o
    0x00002250   0x000001f4   Code   RO           10    i.main              rtc_example.o
    0x00002444   0x000000d4   Data   RO           12    .constdata          rtc_example.o
    0x00002518   0x0000004e   Data   RO          526    .constdata          driver.lib(rtc.o)
    0x00002566   0x0000016e   Data   RO          569    .constdata          driver.lib(rtc_lunar.o)
    0x000026d4   0x00000011   Data   RO         1366    .constdata          c_w.l(__printf_flags_wp.o)


    Execution Region RW_XMEM (Base: 0x20000000, Size: 0x0000106c, Max: 0x00010000, ABSOLUTE, UNINIT, COMPRESSED[0x00000030])

    Base Addr    Size         Type   Attr      Idx    E Section Name        Object

    0x20000000   0x00001000   Data   RW          135    MSP                 startup.o
    0x20001000   0x00000009   Data   RW           13    .data               rtc_example.o
    0x20001009   0x00000003   PAD
    0x2000100c   0x0000000c   Data   RW          177    .data               retarget.o
    0x20001018   0x00000010   Data   RW          527    .data               driver.lib(rtc.o)
    0x20001028   0x00000006   Data   RW          570    .data               driver.lib(rtc_lunar.o)
    0x2000102e   0x00000002   PAD
    0x20001030   0x00000008   Data   RW          815    .data               driver.lib(timeout.o)
    0x20001038   0x00000034   Zero   RW           11    .bss                rtc_example.o


    Execution Region RW_XMEM_END (Base: 0x2000fffc, Size: 0x00000000, Max: 0x00000004, ABSOLUTE, UNINIT)

    **** No section assigned to this execution region ****



  Load Region LR$$.ARM.__AT_0x400020B4 (Base: 0x400020b4, Size: 0x00000000, Max: 0x00000004, ABSOLUTE)

    Execution Region ER$$.ARM.__AT_0x400020B4 (Base: 0x400020b4, Size: 0x00000004, Max: 0x00000004, ABSOLUTE, UNINIT)

    Base Addr    Size         Type   Attr      Idx    E Section Name        Object

    0x400020b4   0x00000004   Zero   RW          441    .ARM.__AT_0x400020B4  driver.lib(gpio.o)



  Load Region LR$$.ARM.__AT_0x400020B8 (Base: 0x400020b8, Size: 0x00000000, Max: 0x0000000c, ABSOLUTE)

    Execution Region ER$$.ARM.__AT_0x400020B8 (Base: 0x400020b8, Size: 0x0000000c, Max: 0x0000000c, ABSOLUTE, UNINIT)

    Base Addr    Size         Type   Attr      Idx    E Section Name        Object

    0x400020b8   0x0000000c   Zero   RW          442    .ARM.__AT_0x400020B8  driver.lib(gpio.o)



  Load Region LR$$.ARM.__AT_0x40005000 (Base: 0x40005000, Size: 0x00000000, Max: 0x00000004, ABSOLUTE)

    Execution Region ER$$.ARM.__AT_0x40005000 (Base: 0x40005000, Size: 0x00000004, Max: 0x00000004, ABSOLUTE, UNINIT)

    Base Addr    Size         Type   Attr      Idx    E Section Name        Object

    0x40005000   0x00000004   Zero   RW          264    .ARM.__AT_0x40005000  driver.lib(cache.o)



  Load Region LR$$.ARM.__AT_0x40005008 (Base: 0x40005008, Size: 0x00000000, Max: 0x00000004, ABSOLUTE)

    Execution Region ER$$.ARM.__AT_0x40005008 (Base: 0x40005008, Size: 0x00000004, Max: 0x00000004, ABSOLUTE, UNINIT)

    Base Addr    Size         Type   Attr      Idx    E Section Name        Object

    0x40005008   0x00000004   Zero   RW          265    .ARM.__AT_0x40005008  driver.lib(cache.o)



  Load Region LR$$.ARM.__AT_0x40013000 (Base: 0x40013000, Size: 0x00000000, Max: 0x00000008, ABSOLUTE)

    Execution Region ER$$.ARM.__AT_0x40013000 (Base: 0x40013000, Size: 0x00000008, Max: 0x00000008, ABSOLUTE, UNINIT)

    Base Addr    Size         Type   Attr      Idx    E Section Name        Object

    0x40013000   0x00000008   Zero   RW         1229    .ARM.__AT_0x40013000  driver.lib(i2s.o)



  Load Region LR$$.ARM.__AT_0x40014078 (Base: 0x40014078, Size: 0x00000000, Max: 0x00000004, ABSOLUTE)

    Execution Region ER$$.ARM.__AT_0x40014078 (Base: 0x40014078, Size: 0x00000004, Max: 0x00000004, ABSOLUTE, UNINIT)

    Base Addr    Size         Type   Attr      Idx    E Section Name        Object

    0x40014078   0x00000004   Zero   RW         1281    .ARM.__AT_0x40014078  driver.lib(pcm_fifo.o)



  Load Region LR$$.ARM.__AT_0x40015000 (Base: 0x40015000, Size: 0x00000000, Max: 0x00000004, ABSOLUTE)

    Execution Region ER$$.ARM.__AT_0x40015000 (Base: 0x40015000, Size: 0x00000004, Max: 0x00000004, ABSOLUTE, UNINIT)

    Base Addr    Size         Type   Attr      Idx    E Section Name        Object

    0x40015000   0x00000004   Zero   RW          608    .ARM.__AT_0x40015000  driver.lib(buart.o)



  Load Region LR$$.ARM.__AT_0x40015004 (Base: 0x40015004, Size: 0x00000000, Max: 0x00000004, ABSOLUTE)

    Execution Region ER$$.ARM.__AT_0x40015004 (Base: 0x40015004, Size: 0x00000004, Max: 0x00000004, ABSOLUTE, UNINIT)

    Base Addr    Size         Type   Attr      Idx    E Section Name        Object

    0x40015004   0x00000004   Zero   RW          609    .ARM.__AT_0x40015004  driver.lib(buart.o)



  Load Region LR$$.ARM.__AT_0x40015010 (Base: 0x40015010, Size: 0x00000000, Max: 0x00000004, ABSOLUTE)

    Execution Region ER$$.ARM.__AT_0x40015010 (Base: 0x40015010, Size: 0x00000004, Max: 0x00000004, ABSOLUTE, UNINIT)

    Base Addr    Size         Type   Attr      Idx    E Section Name        Object

    0x40015010   0x00000004   Zero   RW          610    .ARM.__AT_0x40015010  driver.lib(buart.o)



  Load Region LR$$.ARM.__AT_0x40015014 (Base: 0x40015014, Size: 0x00000000, Max: 0x00000004, ABSOLUTE)

    Execution Region ER$$.ARM.__AT_0x40015014 (Base: 0x40015014, Size: 0x00000004, Max: 0x00000004, ABSOLUTE, UNINIT)

    Base Addr    Size         Type   Attr      Idx    E Section Name        Object

    0x40015014   0x00000004   Zero   RW          611    .ARM.__AT_0x40015014  driver.lib(buart.o)



  Load Region LR$$.ARM.__AT_0x40015018 (Base: 0x40015018, Size: 0x00000000, Max: 0x00000004, ABSOLUTE)

    Execution Region ER$$.ARM.__AT_0x40015018 (Base: 0x40015018, Size: 0x00000004, Max: 0x00000004, ABSOLUTE, UNINIT)

    Base Addr    Size         Type   Attr      Idx    E Section Name        Object

    0x40015018   0x00000004   Zero   RW          612    .ARM.__AT_0x40015018  driver.lib(buart.o)



  Load Region LR$$.ARM.__AT_0x4001501C (Base: 0x4001501c, Size: 0x00000000, Max: 0x00000004, ABSOLUTE)

    Execution Region ER$$.ARM.__AT_0x4001501C (Base: 0x4001501c, Size: 0x00000004, Max: 0x00000004, ABSOLUTE, UNINIT)

    Base Addr    Size         Type   Attr      Idx    E Section Name        Object

    0x4001501c   0x00000004   Zero   RW          613    .ARM.__AT_0x4001501C  driver.lib(buart.o)



  Load Region LR$$.ARM.__AT_0x40015020 (Base: 0x40015020, Size: 0x00000000, Max: 0x00000004, ABSOLUTE)

    Execution Region ER$$.ARM.__AT_0x40015020 (Base: 0x40015020, Size: 0x00000004, Max: 0x00000004, ABSOLUTE, UNINIT)

    Base Addr    Size         Type   Attr      Idx    E Section Name        Object

    0x40015020   0x00000004   Zero   RW          614    .ARM.__AT_0x40015020  driver.lib(buart.o)



  Load Region LR$$.ARM.__AT_0x40015024 (Base: 0x40015024, Size: 0x00000000, Max: 0x00000004, ABSOLUTE)

    Execution Region ER$$.ARM.__AT_0x40015024 (Base: 0x40015024, Size: 0x00000004, Max: 0x00000004, ABSOLUTE, UNINIT)

    Base Addr    Size         Type   Attr      Idx    E Section Name        Object

    0x40015024   0x00000004   Zero   RW          615    .ARM.__AT_0x40015024  driver.lib(buart.o)



  Load Region LR$$.ARM.__AT_0x40015030 (Base: 0x40015030, Size: 0x00000000, Max: 0x00000004, ABSOLUTE)

    Execution Region ER$$.ARM.__AT_0x40015030 (Base: 0x40015030, Size: 0x00000004, Max: 0x00000004, ABSOLUTE, UNINIT)

    Base Addr    Size         Type   Attr      Idx    E Section Name        Object

    0x40015030   0x00000004   Zero   RW          616    .ARM.__AT_0x40015030  driver.lib(buart.o)



  Load Region LR$$.ARM.__AT_0x40015034 (Base: 0x40015034, Size: 0x00000000, Max: 0x00000004, ABSOLUTE)

    Execution Region ER$$.ARM.__AT_0x40015034 (Base: 0x40015034, Size: 0x00000004, Max: 0x00000004, ABSOLUTE, UNINIT)

    Base Addr    Size         Type   Attr      Idx    E Section Name        Object

    0x40015034   0x00000004   Zero   RW          617    .ARM.__AT_0x40015034  driver.lib(buart.o)



  Load Region LR$$.ARM.__AT_0x40015038 (Base: 0x40015038, Size: 0x00000000, Max: 0x00000004, ABSOLUTE)

    Execution Region ER$$.ARM.__AT_0x40015038 (Base: 0x40015038, Size: 0x00000004, Max: 0x00000004, ABSOLUTE, UNINIT)

    Base Addr    Size         Type   Attr      Idx    E Section Name        Object

    0x40015038   0x00000004   Zero   RW          618    .ARM.__AT_0x40015038  driver.lib(buart.o)



  Load Region LR$$.ARM.__AT_0x4001503C (Base: 0x4001503c, Size: 0x00000000, Max: 0x00000004, ABSOLUTE)

    Execution Region ER$$.ARM.__AT_0x4001503C (Base: 0x4001503c, Size: 0x00000004, Max: 0x00000004, ABSOLUTE, UNINIT)

    Base Addr    Size         Type   Attr      Idx    E Section Name        Object

    0x4001503c   0x00000004   Zero   RW          619    .ARM.__AT_0x4001503C  driver.lib(buart.o)



  Load Region LR$$.ARM.__AT_0x40015040 (Base: 0x40015040, Size: 0x00000000, Max: 0x00000004, ABSOLUTE)

    Execution Region ER$$.ARM.__AT_0x40015040 (Base: 0x40015040, Size: 0x00000004, Max: 0x00000004, ABSOLUTE, UNINIT)

    Base Addr    Size         Type   Attr      Idx    E Section Name        Object

    0x40015040   0x00000004   Zero   RW          620    .ARM.__AT_0x40015040  driver.lib(buart.o)



  Load Region LR$$.ARM.__AT_0x40015050 (Base: 0x40015050, Size: 0x00000000, Max: 0x00000004, ABSOLUTE)

    Execution Region ER$$.ARM.__AT_0x40015050 (Base: 0x40015050, Size: 0x00000004, Max: 0x00000004, ABSOLUTE, UNINIT)

    Base Addr    Size         Type   Attr      Idx    E Section Name        Object

    0x40015050   0x00000004   Zero   RW          621    .ARM.__AT_0x40015050  driver.lib(buart.o)



  Load Region LR$$.ARM.__AT_0x40015054 (Base: 0x40015054, Size: 0x00000000, Max: 0x00000004, ABSOLUTE)

    Execution Region ER$$.ARM.__AT_0x40015054 (Base: 0x40015054, Size: 0x00000004, Max: 0x00000004, ABSOLUTE, UNINIT)

    Base Addr    Size         Type   Attr      Idx    E Section Name        Object

    0x40015054   0x00000004   Zero   RW          622    .ARM.__AT_0x40015054  driver.lib(buart.o)



  Load Region LR$$.ARM.__AT_0x40015058 (Base: 0x40015058, Size: 0x00000000, Max: 0x00000004, ABSOLUTE)

    Execution Region ER$$.ARM.__AT_0x40015058 (Base: 0x40015058, Size: 0x00000004, Max: 0x00000004, ABSOLUTE, UNINIT)

    Base Addr    Size         Type   Attr      Idx    E Section Name        Object

    0x40015058   0x00000004   Zero   RW          623    .ARM.__AT_0x40015058  driver.lib(buart.o)



  Load Region LR$$.ARM.__AT_0x4001505C (Base: 0x4001505c, Size: 0x00000000, Max: 0x00000004, ABSOLUTE)

    Execution Region ER$$.ARM.__AT_0x4001505C (Base: 0x4001505c, Size: 0x00000004, Max: 0x00000004, ABSOLUTE, UNINIT)

    Base Addr    Size         Type   Attr      Idx    E Section Name        Object

    0x4001505c   0x00000004   Zero   RW          624    .ARM.__AT_0x4001505C  driver.lib(buart.o)



  Load Region LR$$.ARM.__AT_0x40015060 (Base: 0x40015060, Size: 0x00000000, Max: 0x00000004, ABSOLUTE)

    Execution Region ER$$.ARM.__AT_0x40015060 (Base: 0x40015060, Size: 0x00000004, Max: 0x00000004, ABSOLUTE, UNINIT)

    Base Addr    Size         Type   Attr      Idx    E Section Name        Object

    0x40015060   0x00000004   Zero   RW          625    .ARM.__AT_0x40015060  driver.lib(buart.o)



  Load Region LR$$.ARM.__AT_0x40015064 (Base: 0x40015064, Size: 0x00000000, Max: 0x00000004, ABSOLUTE)

    Execution Region ER$$.ARM.__AT_0x40015064 (Base: 0x40015064, Size: 0x00000004, Max: 0x00000004, ABSOLUTE, UNINIT)

    Base Addr    Size         Type   Attr      Idx    E Section Name        Object

    0x40015064   0x00000004   Zero   RW          626    .ARM.__AT_0x40015064  driver.lib(buart.o)



  Load Region LR$$.ARM.__AT_0x40015068 (Base: 0x40015068, Size: 0x00000000, Max: 0x00000004, ABSOLUTE)

    Execution Region ER$$.ARM.__AT_0x40015068 (Base: 0x40015068, Size: 0x00000004, Max: 0x00000004, ABSOLUTE, UNINIT)

    Base Addr    Size         Type   Attr      Idx    E Section Name        Object

    0x40015068   0x00000004   Zero   RW          627    .ARM.__AT_0x40015068  driver.lib(buart.o)



  Load Region LR$$.ARM.__AT_0x40015070 (Base: 0x40015070, Size: 0x00000000, Max: 0x00000004, ABSOLUTE)

    Execution Region ER$$.ARM.__AT_0x40015070 (Base: 0x40015070, Size: 0x00000004, Max: 0x00000004, ABSOLUTE, UNINIT)

    Base Addr    Size         Type   Attr      Idx    E Section Name        Object

    0x40015070   0x00000004   Zero   RW          628    .ARM.__AT_0x40015070  driver.lib(buart.o)



  Load Region LR$$.ARM.__AT_0x40015074 (Base: 0x40015074, Size: 0x00000000, Max: 0x00000004, ABSOLUTE)

    Execution Region ER$$.ARM.__AT_0x40015074 (Base: 0x40015074, Size: 0x00000004, Max: 0x00000004, ABSOLUTE, UNINIT)

    Base Addr    Size         Type   Attr      Idx    E Section Name        Object

    0x40015074   0x00000004   Zero   RW          629    .ARM.__AT_0x40015074  driver.lib(buart.o)



  Load Region LR$$.ARM.__AT_0x40015078 (Base: 0x40015078, Size: 0x00000000, Max: 0x00000004, ABSOLUTE)

    Execution Region ER$$.ARM.__AT_0x40015078 (Base: 0x40015078, Size: 0x00000004, Max: 0x00000004, ABSOLUTE, UNINIT)

    Base Addr    Size         Type   Attr      Idx    E Section Name        Object

    0x40015078   0x00000004   Zero   RW          630    .ARM.__AT_0x40015078  driver.lib(buart.o)



  Load Region LR$$.ARM.__AT_0x4001507C (Base: 0x4001507c, Size: 0x00000000, Max: 0x00000004, ABSOLUTE)

    Execution Region ER$$.ARM.__AT_0x4001507C (Base: 0x4001507c, Size: 0x00000004, Max: 0x00000004, ABSOLUTE, UNINIT)

    Base Addr    Size         Type   Attr      Idx    E Section Name        Object

    0x4001507c   0x00000004   Zero   RW          631    .ARM.__AT_0x4001507C  driver.lib(buart.o)



  Load Region LR$$.ARM.__AT_0x40015080 (Base: 0x40015080, Size: 0x00000000, Max: 0x00000004, ABSOLUTE)

    Execution Region ER$$.ARM.__AT_0x40015080 (Base: 0x40015080, Size: 0x00000004, Max: 0x00000004, ABSOLUTE, UNINIT)

    Base Addr    Size         Type   Attr      Idx    E Section Name        Object

    0x40015080   0x00000004   Zero   RW          632    .ARM.__AT_0x40015080  driver.lib(buart.o)



  Load Region LR$$.ARM.__AT_0x40015084 (Base: 0x40015084, Size: 0x00000000, Max: 0x00000004, ABSOLUTE)

    Execution Region ER$$.ARM.__AT_0x40015084 (Base: 0x40015084, Size: 0x00000004, Max: 0x00000004, ABSOLUTE, UNINIT)

    Base Addr    Size         Type   Attr      Idx    E Section Name        Object

    0x40015084   0x00000004   Zero   RW          633    .ARM.__AT_0x40015084  driver.lib(buart.o)



  Load Region LR$$.ARM.__AT_0x40016000 (Base: 0x40016000, Size: 0x00000000, Max: 0x00000004, ABSOLUTE)

    Execution Region ER$$.ARM.__AT_0x40016000 (Base: 0x40016000, Size: 0x00000004, Max: 0x00000004, ABSOLUTE, UNINIT)

    Base Addr    Size         Type   Attr      Idx    E Section Name        Object

    0x40016000   0x00000004   Zero   RW          365    .ARM.__AT_0x40016000  driver.lib(fuart.o)



  Load Region LR$$.ARM.__AT_0x40016004 (Base: 0x40016004, Size: 0x00000000, Max: 0x00000004, ABSOLUTE)

    Execution Region ER$$.ARM.__AT_0x40016004 (Base: 0x40016004, Size: 0x00000004, Max: 0x00000004, ABSOLUTE, UNINIT)

    Base Addr    Size         Type   Attr      Idx    E Section Name        Object

    0x40016004   0x00000004   Zero   RW          366    .ARM.__AT_0x40016004  driver.lib(fuart.o)



  Load Region LR$$.ARM.__AT_0x40016010 (Base: 0x40016010, Size: 0x00000000, Max: 0x00000004, ABSOLUTE)

    Execution Region ER$$.ARM.__AT_0x40016010 (Base: 0x40016010, Size: 0x00000004, Max: 0x00000004, ABSOLUTE, UNINIT)

    Base Addr    Size         Type   Attr      Idx    E Section Name        Object

    0x40016010   0x00000004   Zero   RW          367    .ARM.__AT_0x40016010  driver.lib(fuart.o)



  Load Region LR$$.ARM.__AT_0x40016014 (Base: 0x40016014, Size: 0x00000000, Max: 0x00000004, ABSOLUTE)

    Execution Region ER$$.ARM.__AT_0x40016014 (Base: 0x40016014, Size: 0x00000004, Max: 0x00000004, ABSOLUTE, UNINIT)

    Base Addr    Size         Type   Attr      Idx    E Section Name        Object

    0x40016014   0x00000004   Zero   RW          368    .ARM.__AT_0x40016014  driver.lib(fuart.o)



  Load Region LR$$.ARM.__AT_0x40016018 (Base: 0x40016018, Size: 0x00000000, Max: 0x00000004, ABSOLUTE)

    Execution Region ER$$.ARM.__AT_0x40016018 (Base: 0x40016018, Size: 0x00000004, Max: 0x00000004, ABSOLUTE, UNINIT)

    Base Addr    Size         Type   Attr      Idx    E Section Name        Object

    0x40016018   0x00000004   Zero   RW          369    .ARM.__AT_0x40016018  driver.lib(fuart.o)



  Load Region LR$$.ARM.__AT_0x4001601C (Base: 0x4001601c, Size: 0x00000000, Max: 0x00000004, ABSOLUTE)

    Execution Region ER$$.ARM.__AT_0x4001601C (Base: 0x4001601c, Size: 0x00000004, Max: 0x00000004, ABSOLUTE, UNINIT)

    Base Addr    Size         Type   Attr      Idx    E Section Name        Object

    0x4001601c   0x00000004   Zero   RW          370    .ARM.__AT_0x4001601C  driver.lib(fuart.o)



  Load Region LR$$.ARM.__AT_0x40016020 (Base: 0x40016020, Size: 0x00000000, Max: 0x00000004, ABSOLUTE)

    Execution Region ER$$.ARM.__AT_0x40016020 (Base: 0x40016020, Size: 0x00000004, Max: 0x00000004, ABSOLUTE, UNINIT)

    Base Addr    Size         Type   Attr      Idx    E Section Name        Object

    0x40016020   0x00000004   Zero   RW          371    .ARM.__AT_0x40016020  driver.lib(fuart.o)



  Load Region LR$$.ARM.__AT_0x40016024 (Base: 0x40016024, Size: 0x00000000, Max: 0x00000004, ABSOLUTE)

    Execution Region ER$$.ARM.__AT_0x40016024 (Base: 0x40016024, Size: 0x00000004, Max: 0x00000004, ABSOLUTE, UNINIT)

    Base Addr    Size         Type   Attr      Idx    E Section Name        Object

    0x40016024   0x00000004   Zero   RW          372    .ARM.__AT_0x40016024  driver.lib(fuart.o)



  Load Region LR$$.ARM.__AT_0x40016030 (Base: 0x40016030, Size: 0x00000000, Max: 0x00000004, ABSOLUTE)

    Execution Region ER$$.ARM.__AT_0x40016030 (Base: 0x40016030, Size: 0x00000004, Max: 0x00000004, ABSOLUTE, UNINIT)

    Base Addr    Size         Type   Attr      Idx    E Section Name        Object

    0x40016030   0x00000004   Zero   RW          373    .ARM.__AT_0x40016030  driver.lib(fuart.o)



  Load Region LR$$.ARM.__AT_0x40016034 (Base: 0x40016034, Size: 0x00000000, Max: 0x00000004, ABSOLUTE)

    Execution Region ER$$.ARM.__AT_0x40016034 (Base: 0x40016034, Size: 0x00000004, Max: 0x00000004, ABSOLUTE, UNINIT)

    Base Addr    Size         Type   Attr      Idx    E Section Name        Object

    0x40016034   0x00000004   Zero   RW          374    .ARM.__AT_0x40016034  driver.lib(fuart.o)



  Load Region LR$$.ARM.__AT_0x40016038 (Base: 0x40016038, Size: 0x00000000, Max: 0x00000004, ABSOLUTE)

    Execution Region ER$$.ARM.__AT_0x40016038 (Base: 0x40016038, Size: 0x00000004, Max: 0x00000004, ABSOLUTE, UNINIT)

    Base Addr    Size         Type   Attr      Idx    E Section Name        Object

    0x40016038   0x00000004   Zero   RW          375    .ARM.__AT_0x40016038  driver.lib(fuart.o)



  Load Region LR$$.ARM.__AT_0x4001603C (Base: 0x4001603c, Size: 0x00000000, Max: 0x00000004, ABSOLUTE)

    Execution Region ER$$.ARM.__AT_0x4001603C (Base: 0x4001603c, Size: 0x00000004, Max: 0x00000004, ABSOLUTE, UNINIT)

    Base Addr    Size         Type   Attr      Idx    E Section Name        Object

    0x4001603c   0x00000004   Zero   RW          376    .ARM.__AT_0x4001603C  driver.lib(fuart.o)



  Load Region LR$$.ARM.__AT_0x40016040 (Base: 0x40016040, Size: 0x00000000, Max: 0x00000004, ABSOLUTE)

    Execution Region ER$$.ARM.__AT_0x40016040 (Base: 0x40016040, Size: 0x00000004, Max: 0x00000004, ABSOLUTE, UNINIT)

    Base Addr    Size         Type   Attr      Idx    E Section Name        Object

    0x40016040   0x00000004   Zero   RW          377    .ARM.__AT_0x40016040  driver.lib(fuart.o)



  Load Region LR$$.ARM.__AT_0x4001A000 (Base: 0x4001a000, Size: 0x00000000, Max: 0x00000004, ABSOLUTE)

    Execution Region ER$$.ARM.__AT_0x4001A000 (Base: 0x4001a000, Size: 0x00000004, Max: 0x00000004, ABSOLUTE, UNINIT)

    Base Addr    Size         Type   Attr      Idx    E Section Name        Object

    0x4001a000   0x00000004   Zero   RW         1106    .ARM.__AT_0x4001A000  driver.lib(dac.o)



  Load Region LR$$.ARM.__AT_0x4001A008 (Base: 0x4001a008, Size: 0x00000000, Max: 0x00000004, ABSOLUTE)

    Execution Region ER$$.ARM.__AT_0x4001A008 (Base: 0x4001a008, Size: 0x00000004, Max: 0x00000004, ABSOLUTE, UNINIT)

    Base Addr    Size         Type   Attr      Idx    E Section Name        Object

    0x4001a008   0x00000004   Zero   RW         1107    .ARM.__AT_0x4001A008  driver.lib(dac.o)



  Load Region LR$$.ARM.__AT_0x4001A014 (Base: 0x4001a014, Size: 0x00000000, Max: 0x00000004, ABSOLUTE)

    Execution Region ER$$.ARM.__AT_0x4001A014 (Base: 0x4001a014, Size: 0x00000004, Max: 0x00000004, ABSOLUTE, UNINIT)

    Base Addr    Size         Type   Attr      Idx    E Section Name        Object

    0x4001a014   0x00000004   Zero   RW         1108    .ARM.__AT_0x4001A014  driver.lib(dac.o)



  Load Region LR$$.ARM.__AT_0x4001A01C (Base: 0x4001a01c, Size: 0x00000000, Max: 0x00000004, ABSOLUTE)

    Execution Region ER$$.ARM.__AT_0x4001A01C (Base: 0x4001a01c, Size: 0x00000004, Max: 0x00000004, ABSOLUTE, UNINIT)

    Base Addr    Size         Type   Attr      Idx    E Section Name        Object

    0x4001a01c   0x00000004   Zero   RW         1109    .ARM.__AT_0x4001A01C  driver.lib(dac.o)



  Load Region LR$$.ARM.__AT_0x4001A094 (Base: 0x4001a094, Size: 0x00000000, Max: 0x00000008, ABSOLUTE)

    Execution Region ER$$.ARM.__AT_0x4001A094 (Base: 0x4001a094, Size: 0x00000008, Max: 0x00000008, ABSOLUTE, UNINIT)

    Base Addr    Size         Type   Attr      Idx    E Section Name        Object

    0x4001a094   0x00000008   Zero   RW         1010    .ARM.__AT_0x4001A094  driver.lib(audio_adc.o)



  Load Region LR$$.ARM.__AT_0x4001A09C (Base: 0x4001a09c, Size: 0x00000000, Max: 0x00000004, ABSOLUTE)

    Execution Region ER$$.ARM.__AT_0x4001A09C (Base: 0x4001a09c, Size: 0x00000004, Max: 0x00000004, ABSOLUTE, UNINIT)

    Base Addr    Size         Type   Attr      Idx    E Section Name        Object

    0x4001a09c   0x00000004   Zero   RW         1110    .ARM.__AT_0x4001A09C  driver.lib(dac.o)



  Load Region LR$$.ARM.__AT_0x4001A0A0 (Base: 0x4001a0a0, Size: 0x00000000, Max: 0x00000004, ABSOLUTE)

    Execution Region ER$$.ARM.__AT_0x4001A0A0 (Base: 0x4001a0a0, Size: 0x00000004, Max: 0x00000004, ABSOLUTE, UNINIT)

    Base Addr    Size         Type   Attr      Idx    E Section Name        Object

    0x4001a0a0   0x00000004   Zero   RW         1111    .ARM.__AT_0x4001A0A0  driver.lib(dac.o)



  Load Region LR$$.ARM.__AT_0x4001A0A4 (Base: 0x4001a0a4, Size: 0x00000000, Max: 0x00000020, ABSOLUTE)

    Execution Region ER$$.ARM.__AT_0x4001A0A4 (Base: 0x4001a0a4, Size: 0x00000020, Max: 0x00000020, ABSOLUTE, UNINIT)

    Base Addr    Size         Type   Attr      Idx    E Section Name        Object

    0x4001a0a4   0x00000020   Zero   RW         1112    .ARM.__AT_0x4001A0A4  driver.lib(dac.o)



  Load Region LR$$.ARM.__AT_0x4001A0C4 (Base: 0x4001a0c4, Size: 0x00000000, Max: 0x00000018, ABSOLUTE)

    Execution Region ER$$.ARM.__AT_0x4001A0C4 (Base: 0x4001a0c4, Size: 0x00000018, Max: 0x00000018, ABSOLUTE, UNINIT)

    Base Addr    Size         Type   Attr      Idx    E Section Name        Object

    0x4001a0c4   0x00000018   Zero   RW         1011    .ARM.__AT_0x4001A0C4  driver.lib(audio_adc.o)



  Load Region LR$$.ARM.__AT_0x4001B000 (Base: 0x4001b000, Size: 0x00000000, Max: 0x00000004, ABSOLUTE)

    Execution Region ER$$.ARM.__AT_0x4001B000 (Base: 0x4001b000, Size: 0x00000004, Max: 0x00000004, ABSOLUTE, UNINIT)

    Base Addr    Size         Type   Attr      Idx    E Section Name        Object

    0x4001b000   0x00000004   Zero   RW         1188    .ARM.__AT_0x4001B000  driver.lib(timer.o)



  Load Region LR$$.ARM.__AT_0x4001C000 (Base: 0x4001c000, Size: 0x00000000, Max: 0x00000004, ABSOLUTE)

    Execution Region ER$$.ARM.__AT_0x4001C000 (Base: 0x4001c000, Size: 0x00000004, Max: 0x00000004, ABSOLUTE, UNINIT)

    Base Addr    Size         Type   Attr      Idx    E Section Name        Object

    0x4001c000   0x00000004   Zero   RW         1189    .ARM.__AT_0x4001C000  driver.lib(timer.o)



  Load Region LR$$.ARM.__AT_0x4001F014 (Base: 0x4001f014, Size: 0x00000000, Max: 0x00000008, ABSOLUTE)

    Execution Region ER$$.ARM.__AT_0x4001F014 (Base: 0x4001f014, Size: 0x00000008, Max: 0x00000008, ABSOLUTE, UNINIT)

    Base Addr    Size         Type   Attr      Idx    E Section Name        Object

    0x4001f014   0x00000008   Zero   RW          310    .ARM.__AT_0x4001F014  driver.lib(clk.o)



  Load Region LR$$.ARM.__AT_0x4001F01C (Base: 0x4001f01c, Size: 0x00000000, Max: 0x00000008, ABSOLUTE)

    Execution Region ER$$.ARM.__AT_0x4001F01C (Base: 0x4001f01c, Size: 0x00000008, Max: 0x00000008, ABSOLUTE, UNINIT)

    Base Addr    Size         Type   Attr      Idx    E Section Name        Object

    0x4001f01c   0x00000008   Zero   RW          311    .ARM.__AT_0x4001F01C  driver.lib(clk.o)



  Load Region LR$$.ARM.__AT_0x40020100 (Base: 0x40020100, Size: 0x00000000, Max: 0x00000004, ABSOLUTE)

    Execution Region ER$$.ARM.__AT_0x40020100 (Base: 0x40020100, Size: 0x00000004, Max: 0x00000004, ABSOLUTE, UNINIT)

    Base Addr    Size         Type   Attr      Idx    E Section Name        Object

    0x40020100   0x00000004   Zero   RW          689    .ARM.__AT_0x40020100  driver.lib(rst.o)



  Load Region LR$$.ARM.__AT_0x40021000 (Base: 0x40021000, Size: 0x00000000, Max: 0x00000014, ABSOLUTE)

    Execution Region ER$$.ARM.__AT_0x40021000 (Base: 0x40021000, Size: 0x00000014, Max: 0x00000014, ABSOLUTE, UNINIT)

    Base Addr    Size         Type   Attr      Idx    E Section Name        Object

    0x40021000   0x00000014   Zero   RW          953    .ARM.__AT_0x40021000  driver.lib(adc.o)



  Load Region LR$$.ARM.__AT_0x40022004 (Base: 0x40022004, Size: 0x00000000, Max: 0x00000004, ABSOLUTE)

    Execution Region ER$$.ARM.__AT_0x40022004 (Base: 0x40022004, Size: 0x00000004, Max: 0x00000004, ABSOLUTE, UNINIT)

    Base Addr    Size         Type   Attr      Idx    E Section Name        Object

    0x40022004   0x00000004   Zero   RW          757    .ARM.__AT_0x40022004  driver.lib(wakeup.o)



  Load Region LR$$.ARM.__AT_0x40022008 (Base: 0x40022008, Size: 0x00000000, Max: 0x00000004, ABSOLUTE)

    Execution Region ER$$.ARM.__AT_0x40022008 (Base: 0x40022008, Size: 0x00000004, Max: 0x00000004, ABSOLUTE, UNINIT)

    Base Addr    Size         Type   Attr      Idx    E Section Name        Object

    0x40022008   0x00000004   Zero   RW          758    .ARM.__AT_0x40022008  driver.lib(wakeup.o)



  Load Region LR$$.ARM.__AT_0x40022010 (Base: 0x40022010, Size: 0x00000000, Max: 0x00000004, ABSOLUTE)

    Execution Region ER$$.ARM.__AT_0x40022010 (Base: 0x40022010, Size: 0x00000004, Max: 0x00000004, ABSOLUTE, UNINIT)

    Base Addr    Size         Type   Attr      Idx    E Section Name        Object

    0x40022010   0x00000004   Zero   RW          759    .ARM.__AT_0x40022010  driver.lib(wakeup.o)



  Load Region LR$$.ARM.__AT_0x40022018 (Base: 0x40022018, Size: 0x00000000, Max: 0x00000008, ABSOLUTE)

    Execution Region ER$$.ARM.__AT_0x40022018 (Base: 0x40022018, Size: 0x00000008, Max: 0x00000008, ABSOLUTE, UNINIT)

    Base Addr    Size         Type   Attr      Idx    E Section Name        Object

    0x40022018   0x00000008   Zero   RW          312    .ARM.__AT_0x40022018  driver.lib(clk.o)



  Load Region LR$$.ARM.__AT_0x40022024 (Base: 0x40022024, Size: 0x00000000, Max: 0x00000004, ABSOLUTE)

    Execution Region ER$$.ARM.__AT_0x40022024 (Base: 0x40022024, Size: 0x00000004, Max: 0x00000004, ABSOLUTE, UNINIT)

    Base Addr    Size         Type   Attr      Idx    E Section Name        Object

    0x40022024   0x00000004   Zero   RW          313    .ARM.__AT_0x40022024  driver.lib(clk.o)



  Load Region LR$$.ARM.__AT_0x40022030 (Base: 0x40022030, Size: 0x00000000, Max: 0x00000004, ABSOLUTE)

    Execution Region ER$$.ARM.__AT_0x40022030 (Base: 0x40022030, Size: 0x00000004, Max: 0x00000004, ABSOLUTE, UNINIT)

    Base Addr    Size         Type   Attr      Idx    E Section Name        Object

    0x40022030   0x00000004   Zero   RW          314    .ARM.__AT_0x40022030  driver.lib(clk.o)



  Load Region LR$$.ARM.__AT_0x40022100 (Base: 0x40022100, Size: 0x00000000, Max: 0x00000008, ABSOLUTE)

    Execution Region ER$$.ARM.__AT_0x40022100 (Base: 0x40022100, Size: 0x00000008, Max: 0x00000008, ABSOLUTE, UNINIT)

    Base Addr    Size         Type   Attr      Idx    E Section Name        Object

    0x40022100   0x00000008   Zero   RW          760    .ARM.__AT_0x40022100  driver.lib(wakeup.o)


==============================================================================

Image component sizes


      Code (inc. data)   RO Data    RW Data    ZI Data      Debug   Object Name

       122         14          0         12          0       4294   retarget.o
      1844        704        212          9         52      33832   rtc_example.o
       228        150        128       4096          0       2452   startup.o

    ----------------------------------------------------------------------
      2196        868        356       4120         52      40578   Object Totals
         0          0         16          0          0          0   (incl. Generated)
         2          0          0          3          0          0   (incl. Padding)

    ----------------------------------------------------------------------

      Code (inc. data)   RO Data    RW Data    ZI Data      Debug   Library Member Name

        58          0          0          0          0          0   __dczerorl.o
         8          0          0          0          0         68   __main.o
       316          6         17          0          0         92   __printf_flags_wp.o
        14          0          0          0          0         68   __printf_wp.o
        52          8          0          0          0          0   __scatter.o
        44          0          0          0          0        108   _printf_char.o
        48          6          0          0          0         96   _printf_char_common.o
        36          4          0          0          0         80   _printf_char_file.o
         6          0          0          0          0          0   _printf_d.o
       120         18          0          0          0         92   _printf_dec.o
       184          0          0          0          0         88   _printf_intcommon.o
        82          0          0          0          0        108   _printf_pad.o
         0          0          0          0          0          0   _printf_percent.o
         4          0          0          0          0          0   _printf_percent_end.o
         6          0          0          0          0          0   _printf_s.o
        82          0          0          0          0         80   _printf_str.o
        12          0          0          0          0         72   exit.o
         2          0          0          0          0          0   libinit.o
         2          0          0          0          0          0   libinit2.o
         2          0          0          0          0          0   libshutdown.o
         2          0          0          0          0          0   libshutdown2.o
        24          4          0          0          0         84   noretval__2printf.o
        68          0          0          0          0         68   rt_memclr.o
        78          0          0          0          0         80   rt_memclr_w.o
       100          0          0          0          0         80   rt_memcpy_w.o
         0          0          0          0          0          0   rtentry.o
        12          0          0          0          0          0   rtentry2.o
         8          4          0          0          0          0   rtentry5.o
         2          0          0          0          0          0   rtexit.o
        10          0          0          0          0          0   rtexit2.o
         2          0          0          0          0         68   use_no_semi.o
         0          0          0          0         20          0   adc.o
         0          0          0          0         32          0   audio_adc.o
       108         30          0          0        104         68   buart.o
       136         12          0          0          8        144   cache.o
       468         68          0          0         32        432   clk.o
         0          0          0          0         56          0   dac.o
       904        164          0          0         52        596   fuart.o
       324         38          0          0         16        224   gpio.o
         0          0          0          0          8          0   i2s.o
       164         12          0          0          0        284   nvm.o
         0          0          0          0          4          0   pcm_fifo.o
         0          0          0          0          4          0   rst.o
      2774        224         78         16          0       1960   rtc.o
       404         36        366          6          0        304   rtc_lunar.o
       128         16          0          8          0        308   timeout.o
         0          0          0          0          8          0   timer.o
        88         18          0          0         20        212   wakeup.o
        48          8          0          0          0        192   watchdog.o

    ----------------------------------------------------------------------
      6944        676        464         32        364       6056   Library Totals
        14          0          3          2          0          0   (incl. Padding)

    ----------------------------------------------------------------------

      Code (inc. data)   RO Data    RW Data    ZI Data      Debug   Library Name

      1384         50         17          0          0       1332   c_w.l
      5546        626        444         30        364       4724   driver.lib

    ----------------------------------------------------------------------
      6944        676        464         32        364       6056   Library Totals

    ----------------------------------------------------------------------

==============================================================================


      Code (inc. data)   RO Data    RW Data    ZI Data      Debug   

      9140       1544        820       4152        416      42318   Grand Totals
      9140       1544        820         48        416      42318   ELF Image Totals (compressed)
      9140       1544        820         48          0          0   ROM Totals

==============================================================================

    Total RO  Size (Code + RO Data)                 9960 (   9.73kB)
    Total RW  Size (RW Data + ZI Data)              4568 (   4.46kB)
    Total ROM Size (Code + RO Data + RW Data)      10008 (   9.77kB)

==============================================================================

