ARM Linker, 5.03 [Build 76] [MDK-ARM Standard]

==============================================================================

Memory Map of the image

  Image Entry point : 0x000000fd

  Load Region LR_FLASH (Base: 0x00000000, Size: 0x00002820, Max: 0x007c0400, ABSOLUTE, COMPRESSED[0x00001830])

    Execution Region ER_INIT (Base: 0x00000000, Size: 0x00000218, Max: 0xffffffff, ABSOLUTE)

    Base Addr    Size         Type   Attr      Idx    E Section Name        Object

    0x00000000   0x00000080   Data   RO           96    EXCEPT_VECTS        startup.o
    0x00000080   0x00000004   Code   RO           86    .ARM.__at_0x00000080  startup.o
    0x00000084   0x00000008   Code   RO           87    .ARM.__at_0x00000084  startup.o
    0x0000008c   0x00000004   Code   RO           88    .ARM.__at_0x0000008C  startup.o
    0x00000090   0x00000004   Code   RO           89    .ARM.__at_0x00000090  startup.o
    0x00000094   0x00000004   Code   RO           90    .ARM.__at_0x00000094  startup.o
    0x00000098   0x00000004   Code   RO           91    .ARM.__at_0x00000098  startup.o
    0x0000009c   0x00000004   Code   RO           92    .ARM.__at_0x0000009C  startup.o
    0x000000a0   0x00000004   Code   RO           93    .ARM.__at_0x000000A0  startup.o
    0x000000a4   0x00000058   Code   RO           94    .ARM.__at_0x000000A4  startup.o
    0x000000fc   0x00000008   Code   RO         1292  * !!!main             c_w.l(__main.o)
    0x00000104   0x00000034   Code   RO         1475    !!!scatter          c_w.l(__scatter.o)
    0x00000138   0x0000003a   Code   RO         1473    !!dczerorl          c_w.l(__dczerorl.o)
    0x00000172   0x00000002   PAD
    0x00000174   0x00000068   Code   RO           95    .text               startup.o
    0x000001dc   0x0000002c   Code   RO          507    CACHE.4KBMEM        driver.lib(timeout.o)
    0x00000208   0x00000010   Data   RO         1471    Region$$Table       anon$$obj.o


    Execution Region ER_MACH0 (Base: 0x00000218, Size: 0x00000000, Max: 0xffffffff, ABSOLUTE)

    **** No section assigned to this execution region ****


    Execution Region ER_MACH1 (Base: 0x00000218, Size: 0x00000000, Max: 0xffffffff, ABSOLUTE)

    **** No section assigned to this execution region ****


    Execution Region ER_MACH3 (Base: 0x00000218, Size: 0x00000000, Max: 0xffffffff, ABSOLUTE)

    **** No section assigned to this execution region ****


    Execution Region ER_MACH4 (Base: 0x00000218, Size: 0x00000000, Max: 0xffffffff, ABSOLUTE)

    **** No section assigned to this execution region ****


    Execution Region ER_MACH5 (Base: 0x00000218, Size: 0x00000000, Max: 0xffffffff, ABSOLUTE)

    **** No section assigned to this execution region ****


    Execution Region ER_MACH8 (Base: 0x00000218, Size: 0x00000000, Max: 0xffffffff, ABSOLUTE)

    **** No section assigned to this execution region ****


    Execution Region ER_MACH9 (Base: 0x00000218, Size: 0x00000000, Max: 0xffffffff, ABSOLUTE)

    **** No section assigned to this execution region ****


    Execution Region ER_NOTIFY0 (Base: 0x00000218, Size: 0x00000000, Max: 0xffffffff, ABSOLUTE)

    **** No section assigned to this execution region ****


    Execution Region ER_NOTIFY1 (Base: 0x00000218, Size: 0x00000000, Max: 0xffffffff, ABSOLUTE)

    **** No section assigned to this execution region ****


    Execution Region ER_NOTIFY4 (Base: 0x00000218, Size: 0x00000000, Max: 0xffffffff, ABSOLUTE)

    **** No section assigned to this execution region ****


    Execution Region ER_SHELL0 (Base: 0x00000218, Size: 0x00000000, Max: 0xffffffff, ABSOLUTE)

    **** No section assigned to this execution region ****


    Execution Region ER_SHELL1 (Base: 0x00000218, Size: 0x00000000, Max: 0xffffffff, ABSOLUTE)

    **** No section assigned to this execution region ****


    Execution Region ER_SHELL2 (Base: 0x00000218, Size: 0x00000000, Max: 0xffffffff, ABSOLUTE)

    **** No section assigned to this execution region ****


    Execution Region ER_ROM_ANY (Base: 0x00000218, Size: 0x000015ec, Max: 0xffffffff, ABSOLUTE)

    Base Addr    Size         Type   Attr      Idx    E Section Name        Object

    0x00000218   0x00000000   Code   RO         1284    .ARM.Collect$$_printf_percent$$00000000  c_w.l(_printf_percent.o)
    0x00000218   0x00000006   Code   RO         1283    .ARM.Collect$$_printf_percent$$00000009  c_w.l(_printf_d.o)
    0x0000021e   0x00000004   Code   RO         1303    .ARM.Collect$$_printf_percent$$00000017  c_w.l(_printf_percent_end.o)
    0x00000222   0x00000002   Code   RO         1291    .ARM.Collect$$libinit$$00000000  c_w.l(libinit.o)
    0x00000224   0x00000000   Code   RO         1309    .ARM.Collect$$libinit$$00000002  c_w.l(libinit2.o)
    0x00000224   0x00000000   Code   RO         1312    .ARM.Collect$$libinit$$00000008  c_w.l(libinit2.o)
    0x00000224   0x00000000   Code   RO         1314    .ARM.Collect$$libinit$$0000000A  c_w.l(libinit2.o)
    0x00000224   0x00000000   Code   RO         1316    .ARM.Collect$$libinit$$0000000C  c_w.l(libinit2.o)
    0x00000224   0x00000000   Code   RO         1319    .ARM.Collect$$libinit$$0000000F  c_w.l(libinit2.o)
    0x00000224   0x00000000   Code   RO         1321    .ARM.Collect$$libinit$$00000011  c_w.l(libinit2.o)
    0x00000224   0x00000000   Code   RO         1323    .ARM.Collect$$libinit$$00000013  c_w.l(libinit2.o)
    0x00000224   0x00000000   Code   RO         1325    .ARM.Collect$$libinit$$00000015  c_w.l(libinit2.o)
    0x00000224   0x00000000   Code   RO         1327    .ARM.Collect$$libinit$$00000017  c_w.l(libinit2.o)
    0x00000224   0x00000000   Code   RO         1329    .ARM.Collect$$libinit$$00000019  c_w.l(libinit2.o)
    0x00000224   0x00000000   Code   RO         1331    .ARM.Collect$$libinit$$0000001B  c_w.l(libinit2.o)
    0x00000224   0x00000000   Code   RO         1333    .ARM.Collect$$libinit$$0000001D  c_w.l(libinit2.o)
    0x00000224   0x00000000   Code   RO         1335    .ARM.Collect$$libinit$$0000001F  c_w.l(libinit2.o)
    0x00000224   0x00000000   Code   RO         1337    .ARM.Collect$$libinit$$00000021  c_w.l(libinit2.o)
    0x00000224   0x00000000   Code   RO         1339    .ARM.Collect$$libinit$$00000023  c_w.l(libinit2.o)
    0x00000224   0x00000000   Code   RO         1343    .ARM.Collect$$libinit$$0000002A  c_w.l(libinit2.o)
    0x00000224   0x00000000   Code   RO         1345    .ARM.Collect$$libinit$$0000002C  c_w.l(libinit2.o)
    0x00000224   0x00000000   Code   RO         1347    .ARM.Collect$$libinit$$0000002E  c_w.l(libinit2.o)
    0x00000224   0x00000000   Code   RO         1349    .ARM.Collect$$libinit$$00000030  c_w.l(libinit2.o)
    0x00000224   0x00000002   Code   RO         1350    .ARM.Collect$$libinit$$00000031  c_w.l(libinit2.o)
    0x00000226   0x00000002   Code   RO         1441    .ARM.Collect$$libshutdown$$00000000  c_w.l(libshutdown.o)
    0x00000228   0x00000000   Code   RO         1458    .ARM.Collect$$libshutdown$$00000003  c_w.l(libshutdown2.o)
    0x00000228   0x00000000   Code   RO         1461    .ARM.Collect$$libshutdown$$00000006  c_w.l(libshutdown2.o)
    0x00000228   0x00000000   Code   RO         1464    .ARM.Collect$$libshutdown$$00000009  c_w.l(libshutdown2.o)
    0x00000228   0x00000000   Code   RO         1466    .ARM.Collect$$libshutdown$$0000000B  c_w.l(libshutdown2.o)
    0x00000228   0x00000000   Code   RO         1469    .ARM.Collect$$libshutdown$$0000000E  c_w.l(libshutdown2.o)
    0x00000228   0x00000002   Code   RO         1470    .ARM.Collect$$libshutdown$$0000000F  c_w.l(libshutdown2.o)
    0x0000022a   0x00000000   Code   RO         1294    .ARM.Collect$$rtentry$$00000000  c_w.l(rtentry.o)
    0x0000022a   0x00000000   Code   RO         1356    .ARM.Collect$$rtentry$$00000002  c_w.l(rtentry2.o)
    0x0000022a   0x00000004   Code   RO         1370    .ARM.Collect$$rtentry$$00000005  c_w.l(rtentry5.o)
    0x0000022e   0x00000000   Code   RO         1358    .ARM.Collect$$rtentry$$00000009  c_w.l(rtentry2.o)
    0x0000022e   0x00000004   Code   RO         1359    .ARM.Collect$$rtentry$$0000000A  c_w.l(rtentry2.o)
    0x00000232   0x00000000   Code   RO         1361    .ARM.Collect$$rtentry$$0000000C  c_w.l(rtentry2.o)
    0x00000232   0x00000008   Code   RO         1362    .ARM.Collect$$rtentry$$0000000D  c_w.l(rtentry2.o)
    0x0000023a   0x00000002   PAD
    0x0000023c   0x00000004   Code   RO         1371    .ARM.Collect$$rtentry$$00002716  c_w.l(rtentry5.o)
    0x00000240   0x00000002   Code   RO         1409    .ARM.Collect$$rtexit$$00000000  c_w.l(rtexit.o)
    0x00000242   0x00000000   Code   RO         1425    .ARM.Collect$$rtexit$$00000002  c_w.l(rtexit2.o)
    0x00000242   0x00000004   Code   RO         1426    .ARM.Collect$$rtexit$$00000003  c_w.l(rtexit2.o)
    0x00000246   0x00000006   Code   RO         1427    .ARM.Collect$$rtexit$$00000004  c_w.l(rtexit2.o)
    0x0000024c   0x00000018   Code   RO          508    .driver.isr         driver.lib(timeout.o)
    0x00000264   0x00000010   Code   RO          490    .emb_text           driver.lib(watchdog.o)
    0x00000274   0x00000002   Code   RO         1251    .text               c_w.l(use_no_semi.o)
    0x00000276   0x00000002   PAD
    0x00000278   0x00000018   Code   RO         1257    .text               c_w.l(noretval__2printf.o)
    0x00000290   0x00000068   Code   RO         1259    .text               c_w.l(__printf.o)
    0x000002f8   0x00000078   Code   RO         1261    .text               c_w.l(_printf_dec.o)
    0x00000370   0x00000058   Code   RO         1285    .text               c_w.l(memcmp.o)
    0x000003c8   0x000000b8   Code   RO         1299    .text               c_w.l(_printf_intcommon.o)
    0x00000480   0x00000024   Code   RO         1301    .text               c_w.l(_printf_char_file.o)
    0x000004a4   0x00000030   Code   RO         1377    .text               c_w.l(_printf_char_common.o)
    0x000004d4   0x0000000c   Code   RO         1387    .text               c_w.l(exit.o)
    0x000004e0   0x0000005c   Code   RO          258    i.CacheInit         driver.lib(cache.o)
    0x0000053c   0x0000000c   Code   RO          276    i.ClkCurrentClkModeGet  driver.lib(clk.o)
    0x00000548   0x0000000c   Code   RO          289    i.ClkModuleDivGet   driver.lib(clk.o)
    0x00000554   0x00000020   Code   RO          292    i.ClkModuleEn       driver.lib(clk.o)
    0x00000574   0x00000018   Code   RO          294    i.ClkModuleGateEn   driver.lib(clk.o)
    0x0000058c   0x000000d4   Code   RO          297    i.ClkPorRcToDpll    driver.lib(clk.o)
    0x00000660   0x0000009c   Code   RO          304    i.ClkUseOsc32kCheckRc48m  driver.lib(clk.o)
    0x000006fc   0x00000018   Code   RO          509    i.DelayMs           driver.lib(timeout.o)
    0x00000714   0x00000030   Code   RO          352    i.FuartGetBaudClk   driver.lib(fuart.o)
    0x00000744   0x00000164   Code   RO          353    i.FuartIOctl        driver.lib(fuart.o)
    0x000008a8   0x000000dc   Code   RO          354    i.FuartInit         driver.lib(fuart.o)
    0x00000984   0x00000034   Code   RO            4    i.FuartInterrupt    saradcexample.o
    0x000009b8   0x00000020   Code   RO          356    i.FuartRecvByte     driver.lib(fuart.o)
    0x000009d8   0x00000060   Code   RO          357    i.FuartSend         driver.lib(fuart.o)
    0x00000a38   0x0000006c   Code   RO          395    i.GpioA0SetMode     driver.lib(gpio.o)
    0x00000aa4   0x00000038   Code   RO          404    i.GpioClrRegOneBit  driver.lib(gpio.o)
    0x00000adc   0x0000005c   Code   RO          410    i.GpioFuartRxIoConfig  driver.lib(gpio.o)
    0x00000b38   0x0000007c   Code   RO          411    i.GpioFuartTxIoConfig  driver.lib(gpio.o)
    0x00000bb4   0x00000034   Code   RO          430    i.GpioSetRegOneBit  driver.lib(gpio.o)
    0x00000be8   0x00000014   Code   RO          359    i.IsFuartRxIntSrc   driver.lib(fuart.o)
    0x00000bfc   0x00000014   Code   RO          360    i.IsFuartTxIntSrc   driver.lib(fuart.o)
    0x00000c10   0x00000022   Code   RO          510    i.IsTimeOut         driver.lib(timeout.o)
    0x00000c32   0x00000002   PAD
    0x00000c34   0x00000010   Code   RO          592    i.LdoGetOtpTrimValue  driver.lib(ldo_config.o)
    0x00000c44   0x00000010   Code   RO          665    i.LpWriteDis        driver.lib(wakeup.o)
    0x00000c54   0x0000001c   Code   RO          666    i.LpWriteEn         driver.lib(wakeup.o)
    0x00000c70   0x00000020   Code   RO          306    i.RC48MHzTrimBy1MHz  driver.lib(clk.o)
    0x00000c90   0x000000b0   Code   RO          219    i.SarAdcChannelGetValue  driver.lib(adc.o)
    0x00000d40   0x00000074   Code   RO          220    i.SarAdcGetAverageValue  driver.lib(adc.o)
    0x00000db4   0x00000034   Code   RO          222    i.SarAdcGetGpioVoltage  driver.lib(adc.o)
    0x00000de8   0x0000002c   Code   RO          223    i.SarAdcGetLdoinVoltage  driver.lib(adc.o)
    0x00000e14   0x00000098   Code   RO          225    i.SarAdcGetVinFromX  driver.lib(adc.o)
    0x00000eac   0x000000ea   Code   RO          226    i.SarAdcGpioSel     driver.lib(adc.o)
    0x00000f96   0x00000002   PAD
    0x00000f98   0x00000034   Code   RO          227    i.SarAdcIsTrimmed   driver.lib(adc.o)
    0x00000fcc   0x00000008   Code   RO          228    i.SarAdcLdoinVolInit  driver.lib(adc.o)
    0x00000fd4   0x00000154   Code   RO          229    i.SarAdcLoadParamFromOTP  driver.lib(adc.o)
    0x00001128   0x0000002c   Code   RO          260    i.SendCmdToCache    driver.lib(cache.o)
    0x00001154   0x00000002   Code   RO          132    i.SwUartSend        retarget.o
    0x00001156   0x0000001a   Code   RO          515    i.TimeOutSet        driver.lib(timeout.o)
    0x00001170   0x00000020   Code   RO          494    i.WdgDis            driver.lib(watchdog.o)
    0x00001190   0x00000004   Code   RO          133    i._sys_exit         retarget.o
    0x00001194   0x00000008   Code   RO          135    i.ferror            retarget.o
    0x0000119c   0x0000006c   Code   RO          137    i.fputc             retarget.o
    0x00001208   0x0000028c   Code   RO            6    i.main              saradcexample.o
    0x00001494   0x00000370   Data   RO          234    .constdata          driver.lib(adc.o)


    Execution Region RW_XMEM (Base: 0x20000000, Size: 0x00001038, Max: 0x00010000, ABSOLUTE, UNINIT, COMPRESSED[0x0000002c])

    Base Addr    Size         Type   Attr      Idx    E Section Name        Object

    0x20000000   0x00001000   Data   RW           97    MSP                 startup.o
    0x20001000   0x00000001   Data   RW            7    .data               saradcexample.o
    0x20001001   0x00000003   PAD
    0x20001004   0x0000000c   Data   RW          138    .data               retarget.o
    0x20001010   0x00000004   Data   RW          235    .data               driver.lib(adc.o)
    0x20001014   0x00000008   Data   RW          517    .data               driver.lib(timeout.o)
    0x2000101c   0x0000001c   Zero   RW          233    .bss                driver.lib(adc.o)


    Execution Region RW_XMEM_END (Base: 0x2000fffc, Size: 0x00000000, Max: 0x00000004, ABSOLUTE, UNINIT)

    **** No section assigned to this execution region ****



  Load Region LR$$.ARM.__AT_0x400020B4 (Base: 0x400020b4, Size: 0x00000000, Max: 0x00000004, ABSOLUTE)

    Execution Region ER$$.ARM.__AT_0x400020B4 (Base: 0x400020b4, Size: 0x00000004, Max: 0x00000004, ABSOLUTE, UNINIT)

    Base Addr    Size         Type   Attr      Idx    E Section Name        Object

    0x400020b4   0x00000004   Zero   RW          438    .ARM.__AT_0x400020B4  driver.lib(gpio.o)



  Load Region LR$$.ARM.__AT_0x400020B8 (Base: 0x400020b8, Size: 0x00000000, Max: 0x0000000c, ABSOLUTE)

    Execution Region ER$$.ARM.__AT_0x400020B8 (Base: 0x400020b8, Size: 0x0000000c, Max: 0x0000000c, ABSOLUTE, UNINIT)

    Base Addr    Size         Type   Attr      Idx    E Section Name        Object

    0x400020b8   0x0000000c   Zero   RW          439    .ARM.__AT_0x400020B8  driver.lib(gpio.o)



  Load Region LR$$.ARM.__AT_0x40005000 (Base: 0x40005000, Size: 0x00000000, Max: 0x00000004, ABSOLUTE)

    Execution Region ER$$.ARM.__AT_0x40005000 (Base: 0x40005000, Size: 0x00000004, Max: 0x00000004, ABSOLUTE, UNINIT)

    Base Addr    Size         Type   Attr      Idx    E Section Name        Object

    0x40005000   0x00000004   Zero   RW          261    .ARM.__AT_0x40005000  driver.lib(cache.o)



  Load Region LR$$.ARM.__AT_0x40005008 (Base: 0x40005008, Size: 0x00000000, Max: 0x00000004, ABSOLUTE)

    Execution Region ER$$.ARM.__AT_0x40005008 (Base: 0x40005008, Size: 0x00000004, Max: 0x00000004, ABSOLUTE, UNINIT)

    Base Addr    Size         Type   Attr      Idx    E Section Name        Object

    0x40005008   0x00000004   Zero   RW          262    .ARM.__AT_0x40005008  driver.lib(cache.o)



  Load Region LR$$.ARM.__AT_0x40013000 (Base: 0x40013000, Size: 0x00000000, Max: 0x00000008, ABSOLUTE)

    Execution Region ER$$.ARM.__AT_0x40013000 (Base: 0x40013000, Size: 0x00000008, Max: 0x00000008, ABSOLUTE, UNINIT)

    Base Addr    Size         Type   Attr      Idx    E Section Name        Object

    0x40013000   0x00000008   Zero   RW         1170    .ARM.__AT_0x40013000  driver.lib(i2s.o)



  Load Region LR$$.ARM.__AT_0x40014078 (Base: 0x40014078, Size: 0x00000000, Max: 0x00000004, ABSOLUTE)

    Execution Region ER$$.ARM.__AT_0x40014078 (Base: 0x40014078, Size: 0x00000004, Max: 0x00000004, ABSOLUTE, UNINIT)

    Base Addr    Size         Type   Attr      Idx    E Section Name        Object

    0x40014078   0x00000004   Zero   RW         1222    .ARM.__AT_0x40014078  driver.lib(pcm_fifo.o)



  Load Region LR$$.ARM.__AT_0x40015000 (Base: 0x40015000, Size: 0x00000000, Max: 0x00000004, ABSOLUTE)

    Execution Region ER$$.ARM.__AT_0x40015000 (Base: 0x40015000, Size: 0x00000004, Max: 0x00000004, ABSOLUTE, UNINIT)

    Base Addr    Size         Type   Attr      Idx    E Section Name        Object

    0x40015000   0x00000004   Zero   RW          546    .ARM.__AT_0x40015000  driver.lib(buart.o)



  Load Region LR$$.ARM.__AT_0x40015004 (Base: 0x40015004, Size: 0x00000000, Max: 0x00000004, ABSOLUTE)

    Execution Region ER$$.ARM.__AT_0x40015004 (Base: 0x40015004, Size: 0x00000004, Max: 0x00000004, ABSOLUTE, UNINIT)

    Base Addr    Size         Type   Attr      Idx    E Section Name        Object

    0x40015004   0x00000004   Zero   RW          547    .ARM.__AT_0x40015004  driver.lib(buart.o)



  Load Region LR$$.ARM.__AT_0x40015010 (Base: 0x40015010, Size: 0x00000000, Max: 0x00000004, ABSOLUTE)

    Execution Region ER$$.ARM.__AT_0x40015010 (Base: 0x40015010, Size: 0x00000004, Max: 0x00000004, ABSOLUTE, UNINIT)

    Base Addr    Size         Type   Attr      Idx    E Section Name        Object

    0x40015010   0x00000004   Zero   RW          548    .ARM.__AT_0x40015010  driver.lib(buart.o)



  Load Region LR$$.ARM.__AT_0x40015014 (Base: 0x40015014, Size: 0x00000000, Max: 0x00000004, ABSOLUTE)

    Execution Region ER$$.ARM.__AT_0x40015014 (Base: 0x40015014, Size: 0x00000004, Max: 0x00000004, ABSOLUTE, UNINIT)

    Base Addr    Size         Type   Attr      Idx    E Section Name        Object

    0x40015014   0x00000004   Zero   RW          549    .ARM.__AT_0x40015014  driver.lib(buart.o)



  Load Region LR$$.ARM.__AT_0x40015018 (Base: 0x40015018, Size: 0x00000000, Max: 0x00000004, ABSOLUTE)

    Execution Region ER$$.ARM.__AT_0x40015018 (Base: 0x40015018, Size: 0x00000004, Max: 0x00000004, ABSOLUTE, UNINIT)

    Base Addr    Size         Type   Attr      Idx    E Section Name        Object

    0x40015018   0x00000004   Zero   RW          550    .ARM.__AT_0x40015018  driver.lib(buart.o)



  Load Region LR$$.ARM.__AT_0x4001501C (Base: 0x4001501c, Size: 0x00000000, Max: 0x00000004, ABSOLUTE)

    Execution Region ER$$.ARM.__AT_0x4001501C (Base: 0x4001501c, Size: 0x00000004, Max: 0x00000004, ABSOLUTE, UNINIT)

    Base Addr    Size         Type   Attr      Idx    E Section Name        Object

    0x4001501c   0x00000004   Zero   RW          551    .ARM.__AT_0x4001501C  driver.lib(buart.o)



  Load Region LR$$.ARM.__AT_0x40015020 (Base: 0x40015020, Size: 0x00000000, Max: 0x00000004, ABSOLUTE)

    Execution Region ER$$.ARM.__AT_0x40015020 (Base: 0x40015020, Size: 0x00000004, Max: 0x00000004, ABSOLUTE, UNINIT)

    Base Addr    Size         Type   Attr      Idx    E Section Name        Object

    0x40015020   0x00000004   Zero   RW          552    .ARM.__AT_0x40015020  driver.lib(buart.o)



  Load Region LR$$.ARM.__AT_0x40015024 (Base: 0x40015024, Size: 0x00000000, Max: 0x00000004, ABSOLUTE)

    Execution Region ER$$.ARM.__AT_0x40015024 (Base: 0x40015024, Size: 0x00000004, Max: 0x00000004, ABSOLUTE, UNINIT)

    Base Addr    Size         Type   Attr      Idx    E Section Name        Object

    0x40015024   0x00000004   Zero   RW          553    .ARM.__AT_0x40015024  driver.lib(buart.o)



  Load Region LR$$.ARM.__AT_0x40015030 (Base: 0x40015030, Size: 0x00000000, Max: 0x00000004, ABSOLUTE)

    Execution Region ER$$.ARM.__AT_0x40015030 (Base: 0x40015030, Size: 0x00000004, Max: 0x00000004, ABSOLUTE, UNINIT)

    Base Addr    Size         Type   Attr      Idx    E Section Name        Object

    0x40015030   0x00000004   Zero   RW          554    .ARM.__AT_0x40015030  driver.lib(buart.o)



  Load Region LR$$.ARM.__AT_0x40015034 (Base: 0x40015034, Size: 0x00000000, Max: 0x00000004, ABSOLUTE)

    Execution Region ER$$.ARM.__AT_0x40015034 (Base: 0x40015034, Size: 0x00000004, Max: 0x00000004, ABSOLUTE, UNINIT)

    Base Addr    Size         Type   Attr      Idx    E Section Name        Object

    0x40015034   0x00000004   Zero   RW          555    .ARM.__AT_0x40015034  driver.lib(buart.o)



  Load Region LR$$.ARM.__AT_0x40015038 (Base: 0x40015038, Size: 0x00000000, Max: 0x00000004, ABSOLUTE)

    Execution Region ER$$.ARM.__AT_0x40015038 (Base: 0x40015038, Size: 0x00000004, Max: 0x00000004, ABSOLUTE, UNINIT)

    Base Addr    Size         Type   Attr      Idx    E Section Name        Object

    0x40015038   0x00000004   Zero   RW          556    .ARM.__AT_0x40015038  driver.lib(buart.o)



  Load Region LR$$.ARM.__AT_0x4001503C (Base: 0x4001503c, Size: 0x00000000, Max: 0x00000004, ABSOLUTE)

    Execution Region ER$$.ARM.__AT_0x4001503C (Base: 0x4001503c, Size: 0x00000004, Max: 0x00000004, ABSOLUTE, UNINIT)

    Base Addr    Size         Type   Attr      Idx    E Section Name        Object

    0x4001503c   0x00000004   Zero   RW          557    .ARM.__AT_0x4001503C  driver.lib(buart.o)



  Load Region LR$$.ARM.__AT_0x40015040 (Base: 0x40015040, Size: 0x00000000, Max: 0x00000004, ABSOLUTE)

    Execution Region ER$$.ARM.__AT_0x40015040 (Base: 0x40015040, Size: 0x00000004, Max: 0x00000004, ABSOLUTE, UNINIT)

    Base Addr    Size         Type   Attr      Idx    E Section Name        Object

    0x40015040   0x00000004   Zero   RW          558    .ARM.__AT_0x40015040  driver.lib(buart.o)



  Load Region LR$$.ARM.__AT_0x40015050 (Base: 0x40015050, Size: 0x00000000, Max: 0x00000004, ABSOLUTE)

    Execution Region ER$$.ARM.__AT_0x40015050 (Base: 0x40015050, Size: 0x00000004, Max: 0x00000004, ABSOLUTE, UNINIT)

    Base Addr    Size         Type   Attr      Idx    E Section Name        Object

    0x40015050   0x00000004   Zero   RW          559    .ARM.__AT_0x40015050  driver.lib(buart.o)



  Load Region LR$$.ARM.__AT_0x40015054 (Base: 0x40015054, Size: 0x00000000, Max: 0x00000004, ABSOLUTE)

    Execution Region ER$$.ARM.__AT_0x40015054 (Base: 0x40015054, Size: 0x00000004, Max: 0x00000004, ABSOLUTE, UNINIT)

    Base Addr    Size         Type   Attr      Idx    E Section Name        Object

    0x40015054   0x00000004   Zero   RW          560    .ARM.__AT_0x40015054  driver.lib(buart.o)



  Load Region LR$$.ARM.__AT_0x40015058 (Base: 0x40015058, Size: 0x00000000, Max: 0x00000004, ABSOLUTE)

    Execution Region ER$$.ARM.__AT_0x40015058 (Base: 0x40015058, Size: 0x00000004, Max: 0x00000004, ABSOLUTE, UNINIT)

    Base Addr    Size         Type   Attr      Idx    E Section Name        Object

    0x40015058   0x00000004   Zero   RW          561    .ARM.__AT_0x40015058  driver.lib(buart.o)



  Load Region LR$$.ARM.__AT_0x4001505C (Base: 0x4001505c, Size: 0x00000000, Max: 0x00000004, ABSOLUTE)

    Execution Region ER$$.ARM.__AT_0x4001505C (Base: 0x4001505c, Size: 0x00000004, Max: 0x00000004, ABSOLUTE, UNINIT)

    Base Addr    Size         Type   Attr      Idx    E Section Name        Object

    0x4001505c   0x00000004   Zero   RW          562    .ARM.__AT_0x4001505C  driver.lib(buart.o)



  Load Region LR$$.ARM.__AT_0x40015060 (Base: 0x40015060, Size: 0x00000000, Max: 0x00000004, ABSOLUTE)

    Execution Region ER$$.ARM.__AT_0x40015060 (Base: 0x40015060, Size: 0x00000004, Max: 0x00000004, ABSOLUTE, UNINIT)

    Base Addr    Size         Type   Attr      Idx    E Section Name        Object

    0x40015060   0x00000004   Zero   RW          563    .ARM.__AT_0x40015060  driver.lib(buart.o)



  Load Region LR$$.ARM.__AT_0x40015064 (Base: 0x40015064, Size: 0x00000000, Max: 0x00000004, ABSOLUTE)

    Execution Region ER$$.ARM.__AT_0x40015064 (Base: 0x40015064, Size: 0x00000004, Max: 0x00000004, ABSOLUTE, UNINIT)

    Base Addr    Size         Type   Attr      Idx    E Section Name        Object

    0x40015064   0x00000004   Zero   RW          564    .ARM.__AT_0x40015064  driver.lib(buart.o)



  Load Region LR$$.ARM.__AT_0x40015068 (Base: 0x40015068, Size: 0x00000000, Max: 0x00000004, ABSOLUTE)

    Execution Region ER$$.ARM.__AT_0x40015068 (Base: 0x40015068, Size: 0x00000004, Max: 0x00000004, ABSOLUTE, UNINIT)

    Base Addr    Size         Type   Attr      Idx    E Section Name        Object

    0x40015068   0x00000004   Zero   RW          565    .ARM.__AT_0x40015068  driver.lib(buart.o)



  Load Region LR$$.ARM.__AT_0x40015070 (Base: 0x40015070, Size: 0x00000000, Max: 0x00000004, ABSOLUTE)

    Execution Region ER$$.ARM.__AT_0x40015070 (Base: 0x40015070, Size: 0x00000004, Max: 0x00000004, ABSOLUTE, UNINIT)

    Base Addr    Size         Type   Attr      Idx    E Section Name        Object

    0x40015070   0x00000004   Zero   RW          566    .ARM.__AT_0x40015070  driver.lib(buart.o)



  Load Region LR$$.ARM.__AT_0x40015074 (Base: 0x40015074, Size: 0x00000000, Max: 0x00000004, ABSOLUTE)

    Execution Region ER$$.ARM.__AT_0x40015074 (Base: 0x40015074, Size: 0x00000004, Max: 0x00000004, ABSOLUTE, UNINIT)

    Base Addr    Size         Type   Attr      Idx    E Section Name        Object

    0x40015074   0x00000004   Zero   RW          567    .ARM.__AT_0x40015074  driver.lib(buart.o)



  Load Region LR$$.ARM.__AT_0x40015078 (Base: 0x40015078, Size: 0x00000000, Max: 0x00000004, ABSOLUTE)

    Execution Region ER$$.ARM.__AT_0x40015078 (Base: 0x40015078, Size: 0x00000004, Max: 0x00000004, ABSOLUTE, UNINIT)

    Base Addr    Size         Type   Attr      Idx    E Section Name        Object

    0x40015078   0x00000004   Zero   RW          568    .ARM.__AT_0x40015078  driver.lib(buart.o)



  Load Region LR$$.ARM.__AT_0x4001507C (Base: 0x4001507c, Size: 0x00000000, Max: 0x00000004, ABSOLUTE)

    Execution Region ER$$.ARM.__AT_0x4001507C (Base: 0x4001507c, Size: 0x00000004, Max: 0x00000004, ABSOLUTE, UNINIT)

    Base Addr    Size         Type   Attr      Idx    E Section Name        Object

    0x4001507c   0x00000004   Zero   RW          569    .ARM.__AT_0x4001507C  driver.lib(buart.o)



  Load Region LR$$.ARM.__AT_0x40015080 (Base: 0x40015080, Size: 0x00000000, Max: 0x00000004, ABSOLUTE)

    Execution Region ER$$.ARM.__AT_0x40015080 (Base: 0x40015080, Size: 0x00000004, Max: 0x00000004, ABSOLUTE, UNINIT)

    Base Addr    Size         Type   Attr      Idx    E Section Name        Object

    0x40015080   0x00000004   Zero   RW          570    .ARM.__AT_0x40015080  driver.lib(buart.o)



  Load Region LR$$.ARM.__AT_0x40015084 (Base: 0x40015084, Size: 0x00000000, Max: 0x00000004, ABSOLUTE)

    Execution Region ER$$.ARM.__AT_0x40015084 (Base: 0x40015084, Size: 0x00000004, Max: 0x00000004, ABSOLUTE, UNINIT)

    Base Addr    Size         Type   Attr      Idx    E Section Name        Object

    0x40015084   0x00000004   Zero   RW          571    .ARM.__AT_0x40015084  driver.lib(buart.o)



  Load Region LR$$.ARM.__AT_0x40016000 (Base: 0x40016000, Size: 0x00000000, Max: 0x00000004, ABSOLUTE)

    Execution Region ER$$.ARM.__AT_0x40016000 (Base: 0x40016000, Size: 0x00000004, Max: 0x00000004, ABSOLUTE, UNINIT)

    Base Addr    Size         Type   Attr      Idx    E Section Name        Object

    0x40016000   0x00000004   Zero   RW          362    .ARM.__AT_0x40016000  driver.lib(fuart.o)



  Load Region LR$$.ARM.__AT_0x40016004 (Base: 0x40016004, Size: 0x00000000, Max: 0x00000004, ABSOLUTE)

    Execution Region ER$$.ARM.__AT_0x40016004 (Base: 0x40016004, Size: 0x00000004, Max: 0x00000004, ABSOLUTE, UNINIT)

    Base Addr    Size         Type   Attr      Idx    E Section Name        Object

    0x40016004   0x00000004   Zero   RW          363    .ARM.__AT_0x40016004  driver.lib(fuart.o)



  Load Region LR$$.ARM.__AT_0x40016010 (Base: 0x40016010, Size: 0x00000000, Max: 0x00000004, ABSOLUTE)

    Execution Region ER$$.ARM.__AT_0x40016010 (Base: 0x40016010, Size: 0x00000004, Max: 0x00000004, ABSOLUTE, UNINIT)

    Base Addr    Size         Type   Attr      Idx    E Section Name        Object

    0x40016010   0x00000004   Zero   RW          364    .ARM.__AT_0x40016010  driver.lib(fuart.o)



  Load Region LR$$.ARM.__AT_0x40016014 (Base: 0x40016014, Size: 0x00000000, Max: 0x00000004, ABSOLUTE)

    Execution Region ER$$.ARM.__AT_0x40016014 (Base: 0x40016014, Size: 0x00000004, Max: 0x00000004, ABSOLUTE, UNINIT)

    Base Addr    Size         Type   Attr      Idx    E Section Name        Object

    0x40016014   0x00000004   Zero   RW          365    .ARM.__AT_0x40016014  driver.lib(fuart.o)



  Load Region LR$$.ARM.__AT_0x40016018 (Base: 0x40016018, Size: 0x00000000, Max: 0x00000004, ABSOLUTE)

    Execution Region ER$$.ARM.__AT_0x40016018 (Base: 0x40016018, Size: 0x00000004, Max: 0x00000004, ABSOLUTE, UNINIT)

    Base Addr    Size         Type   Attr      Idx    E Section Name        Object

    0x40016018   0x00000004   Zero   RW          366    .ARM.__AT_0x40016018  driver.lib(fuart.o)



  Load Region LR$$.ARM.__AT_0x4001601C (Base: 0x4001601c, Size: 0x00000000, Max: 0x00000004, ABSOLUTE)

    Execution Region ER$$.ARM.__AT_0x4001601C (Base: 0x4001601c, Size: 0x00000004, Max: 0x00000004, ABSOLUTE, UNINIT)

    Base Addr    Size         Type   Attr      Idx    E Section Name        Object

    0x4001601c   0x00000004   Zero   RW          367    .ARM.__AT_0x4001601C  driver.lib(fuart.o)



  Load Region LR$$.ARM.__AT_0x40016020 (Base: 0x40016020, Size: 0x00000000, Max: 0x00000004, ABSOLUTE)

    Execution Region ER$$.ARM.__AT_0x40016020 (Base: 0x40016020, Size: 0x00000004, Max: 0x00000004, ABSOLUTE, UNINIT)

    Base Addr    Size         Type   Attr      Idx    E Section Name        Object

    0x40016020   0x00000004   Zero   RW          368    .ARM.__AT_0x40016020  driver.lib(fuart.o)



  Load Region LR$$.ARM.__AT_0x40016024 (Base: 0x40016024, Size: 0x00000000, Max: 0x00000004, ABSOLUTE)

    Execution Region ER$$.ARM.__AT_0x40016024 (Base: 0x40016024, Size: 0x00000004, Max: 0x00000004, ABSOLUTE, UNINIT)

    Base Addr    Size         Type   Attr      Idx    E Section Name        Object

    0x40016024   0x00000004   Zero   RW          369    .ARM.__AT_0x40016024  driver.lib(fuart.o)



  Load Region LR$$.ARM.__AT_0x40016030 (Base: 0x40016030, Size: 0x00000000, Max: 0x00000004, ABSOLUTE)

    Execution Region ER$$.ARM.__AT_0x40016030 (Base: 0x40016030, Size: 0x00000004, Max: 0x00000004, ABSOLUTE, UNINIT)

    Base Addr    Size         Type   Attr      Idx    E Section Name        Object

    0x40016030   0x00000004   Zero   RW          370    .ARM.__AT_0x40016030  driver.lib(fuart.o)



  Load Region LR$$.ARM.__AT_0x40016034 (Base: 0x40016034, Size: 0x00000000, Max: 0x00000004, ABSOLUTE)

    Execution Region ER$$.ARM.__AT_0x40016034 (Base: 0x40016034, Size: 0x00000004, Max: 0x00000004, ABSOLUTE, UNINIT)

    Base Addr    Size         Type   Attr      Idx    E Section Name        Object

    0x40016034   0x00000004   Zero   RW          371    .ARM.__AT_0x40016034  driver.lib(fuart.o)



  Load Region LR$$.ARM.__AT_0x40016038 (Base: 0x40016038, Size: 0x00000000, Max: 0x00000004, ABSOLUTE)

    Execution Region ER$$.ARM.__AT_0x40016038 (Base: 0x40016038, Size: 0x00000004, Max: 0x00000004, ABSOLUTE, UNINIT)

    Base Addr    Size         Type   Attr      Idx    E Section Name        Object

    0x40016038   0x00000004   Zero   RW          372    .ARM.__AT_0x40016038  driver.lib(fuart.o)



  Load Region LR$$.ARM.__AT_0x4001603C (Base: 0x4001603c, Size: 0x00000000, Max: 0x00000004, ABSOLUTE)

    Execution Region ER$$.ARM.__AT_0x4001603C (Base: 0x4001603c, Size: 0x00000004, Max: 0x00000004, ABSOLUTE, UNINIT)

    Base Addr    Size         Type   Attr      Idx    E Section Name        Object

    0x4001603c   0x00000004   Zero   RW          373    .ARM.__AT_0x4001603C  driver.lib(fuart.o)



  Load Region LR$$.ARM.__AT_0x40016040 (Base: 0x40016040, Size: 0x00000000, Max: 0x00000004, ABSOLUTE)

    Execution Region ER$$.ARM.__AT_0x40016040 (Base: 0x40016040, Size: 0x00000004, Max: 0x00000004, ABSOLUTE, UNINIT)

    Base Addr    Size         Type   Attr      Idx    E Section Name        Object

    0x40016040   0x00000004   Zero   RW          374    .ARM.__AT_0x40016040  driver.lib(fuart.o)



  Load Region LR$$.ARM.__AT_0x4001A000 (Base: 0x4001a000, Size: 0x00000000, Max: 0x00000004, ABSOLUTE)

    Execution Region ER$$.ARM.__AT_0x4001A000 (Base: 0x4001a000, Size: 0x00000004, Max: 0x00000004, ABSOLUTE, UNINIT)

    Base Addr    Size         Type   Attr      Idx    E Section Name        Object

    0x4001a000   0x00000004   Zero   RW          979    .ARM.__AT_0x4001A000  driver.lib(dac.o)



  Load Region LR$$.ARM.__AT_0x4001A008 (Base: 0x4001a008, Size: 0x00000000, Max: 0x00000004, ABSOLUTE)

    Execution Region ER$$.ARM.__AT_0x4001A008 (Base: 0x4001a008, Size: 0x00000004, Max: 0x00000004, ABSOLUTE, UNINIT)

    Base Addr    Size         Type   Attr      Idx    E Section Name        Object

    0x4001a008   0x00000004   Zero   RW          980    .ARM.__AT_0x4001A008  driver.lib(dac.o)



  Load Region LR$$.ARM.__AT_0x4001A014 (Base: 0x4001a014, Size: 0x00000000, Max: 0x00000004, ABSOLUTE)

    Execution Region ER$$.ARM.__AT_0x4001A014 (Base: 0x4001a014, Size: 0x00000004, Max: 0x00000004, ABSOLUTE, UNINIT)

    Base Addr    Size         Type   Attr      Idx    E Section Name        Object

    0x4001a014   0x00000004   Zero   RW          981    .ARM.__AT_0x4001A014  driver.lib(dac.o)



  Load Region LR$$.ARM.__AT_0x4001A01C (Base: 0x4001a01c, Size: 0x00000000, Max: 0x00000004, ABSOLUTE)

    Execution Region ER$$.ARM.__AT_0x4001A01C (Base: 0x4001a01c, Size: 0x00000004, Max: 0x00000004, ABSOLUTE, UNINIT)

    Base Addr    Size         Type   Attr      Idx    E Section Name        Object

    0x4001a01c   0x00000004   Zero   RW          982    .ARM.__AT_0x4001A01C  driver.lib(dac.o)



  Load Region LR$$.ARM.__AT_0x4001A094 (Base: 0x4001a094, Size: 0x00000000, Max: 0x00000008, ABSOLUTE)

    Execution Region ER$$.ARM.__AT_0x4001A094 (Base: 0x4001a094, Size: 0x00000008, Max: 0x00000008, ABSOLUTE, UNINIT)

    Base Addr    Size         Type   Attr      Idx    E Section Name        Object

    0x4001a094   0x00000008   Zero   RW          883    .ARM.__AT_0x4001A094  driver.lib(audio_adc.o)



  Load Region LR$$.ARM.__AT_0x4001A09C (Base: 0x4001a09c, Size: 0x00000000, Max: 0x00000004, ABSOLUTE)

    Execution Region ER$$.ARM.__AT_0x4001A09C (Base: 0x4001a09c, Size: 0x00000004, Max: 0x00000004, ABSOLUTE, UNINIT)

    Base Addr    Size         Type   Attr      Idx    E Section Name        Object

    0x4001a09c   0x00000004   Zero   RW          983    .ARM.__AT_0x4001A09C  driver.lib(dac.o)



  Load Region LR$$.ARM.__AT_0x4001A0A0 (Base: 0x4001a0a0, Size: 0x00000000, Max: 0x00000004, ABSOLUTE)

    Execution Region ER$$.ARM.__AT_0x4001A0A0 (Base: 0x4001a0a0, Size: 0x00000004, Max: 0x00000004, ABSOLUTE, UNINIT)

    Base Addr    Size         Type   Attr      Idx    E Section Name        Object

    0x4001a0a0   0x00000004   Zero   RW          984    .ARM.__AT_0x4001A0A0  driver.lib(dac.o)



  Load Region LR$$.ARM.__AT_0x4001A0A4 (Base: 0x4001a0a4, Size: 0x00000000, Max: 0x00000020, ABSOLUTE)

    Execution Region ER$$.ARM.__AT_0x4001A0A4 (Base: 0x4001a0a4, Size: 0x00000020, Max: 0x00000020, ABSOLUTE, UNINIT)

    Base Addr    Size         Type   Attr      Idx    E Section Name        Object

    0x4001a0a4   0x00000020   Zero   RW          985    .ARM.__AT_0x4001A0A4  driver.lib(dac.o)



  Load Region LR$$.ARM.__AT_0x4001A0C4 (Base: 0x4001a0c4, Size: 0x00000000, Max: 0x00000018, ABSOLUTE)

    Execution Region ER$$.ARM.__AT_0x4001A0C4 (Base: 0x4001a0c4, Size: 0x00000018, Max: 0x00000018, ABSOLUTE, UNINIT)

    Base Addr    Size         Type   Attr      Idx    E Section Name        Object

    0x4001a0c4   0x00000018   Zero   RW          884    .ARM.__AT_0x4001A0C4  driver.lib(audio_adc.o)



  Load Region LR$$.ARM.__AT_0x4001B000 (Base: 0x4001b000, Size: 0x00000000, Max: 0x00000004, ABSOLUTE)

    Execution Region ER$$.ARM.__AT_0x4001B000 (Base: 0x4001b000, Size: 0x00000004, Max: 0x00000004, ABSOLUTE, UNINIT)

    Base Addr    Size         Type   Attr      Idx    E Section Name        Object

    0x4001b000   0x00000004   Zero   RW         1129    .ARM.__AT_0x4001B000  driver.lib(timer.o)



  Load Region LR$$.ARM.__AT_0x4001C000 (Base: 0x4001c000, Size: 0x00000000, Max: 0x00000004, ABSOLUTE)

    Execution Region ER$$.ARM.__AT_0x4001C000 (Base: 0x4001c000, Size: 0x00000004, Max: 0x00000004, ABSOLUTE, UNINIT)

    Base Addr    Size         Type   Attr      Idx    E Section Name        Object

    0x4001c000   0x00000004   Zero   RW         1130    .ARM.__AT_0x4001C000  driver.lib(timer.o)



  Load Region LR$$.ARM.__AT_0x4001F014 (Base: 0x4001f014, Size: 0x00000000, Max: 0x00000008, ABSOLUTE)

    Execution Region ER$$.ARM.__AT_0x4001F014 (Base: 0x4001f014, Size: 0x00000008, Max: 0x00000008, ABSOLUTE, UNINIT)

    Base Addr    Size         Type   Attr      Idx    E Section Name        Object

    0x4001f014   0x00000008   Zero   RW          307    .ARM.__AT_0x4001F014  driver.lib(clk.o)



  Load Region LR$$.ARM.__AT_0x4001F01C (Base: 0x4001f01c, Size: 0x00000000, Max: 0x00000008, ABSOLUTE)

    Execution Region ER$$.ARM.__AT_0x4001F01C (Base: 0x4001f01c, Size: 0x00000008, Max: 0x00000008, ABSOLUTE, UNINIT)

    Base Addr    Size         Type   Attr      Idx    E Section Name        Object

    0x4001f01c   0x00000008   Zero   RW          308    .ARM.__AT_0x4001F01C  driver.lib(clk.o)



  Load Region LR$$.ARM.__AT_0x40020100 (Base: 0x40020100, Size: 0x00000000, Max: 0x00000004, ABSOLUTE)

    Execution Region ER$$.ARM.__AT_0x40020100 (Base: 0x40020100, Size: 0x00000004, Max: 0x00000004, ABSOLUTE, UNINIT)

    Base Addr    Size         Type   Attr      Idx    E Section Name        Object

    0x40020100   0x00000004   Zero   RW          627    .ARM.__AT_0x40020100  driver.lib(rst.o)



  Load Region LR$$.ARM.__AT_0x40021000 (Base: 0x40021000, Size: 0x00000000, Max: 0x00000014, ABSOLUTE)

    Execution Region ER$$.ARM.__AT_0x40021000 (Base: 0x40021000, Size: 0x00000014, Max: 0x00000014, ABSOLUTE, UNINIT)

    Base Addr    Size         Type   Attr      Idx    E Section Name        Object

    0x40021000   0x00000014   Zero   RW          232    .ARM.__AT_0x40021000  driver.lib(adc.o)



  Load Region LR$$.ARM.__AT_0x40022004 (Base: 0x40022004, Size: 0x00000000, Max: 0x00000004, ABSOLUTE)

    Execution Region ER$$.ARM.__AT_0x40022004 (Base: 0x40022004, Size: 0x00000004, Max: 0x00000004, ABSOLUTE, UNINIT)

    Base Addr    Size         Type   Attr      Idx    E Section Name        Object

    0x40022004   0x00000004   Zero   RW          695    .ARM.__AT_0x40022004  driver.lib(wakeup.o)



  Load Region LR$$.ARM.__AT_0x40022008 (Base: 0x40022008, Size: 0x00000000, Max: 0x00000004, ABSOLUTE)

    Execution Region ER$$.ARM.__AT_0x40022008 (Base: 0x40022008, Size: 0x00000004, Max: 0x00000004, ABSOLUTE, UNINIT)

    Base Addr    Size         Type   Attr      Idx    E Section Name        Object

    0x40022008   0x00000004   Zero   RW          696    .ARM.__AT_0x40022008  driver.lib(wakeup.o)



  Load Region LR$$.ARM.__AT_0x40022010 (Base: 0x40022010, Size: 0x00000000, Max: 0x00000004, ABSOLUTE)

    Execution Region ER$$.ARM.__AT_0x40022010 (Base: 0x40022010, Size: 0x00000004, Max: 0x00000004, ABSOLUTE, UNINIT)

    Base Addr    Size         Type   Attr      Idx    E Section Name        Object

    0x40022010   0x00000004   Zero   RW          697    .ARM.__AT_0x40022010  driver.lib(wakeup.o)



  Load Region LR$$.ARM.__AT_0x40022018 (Base: 0x40022018, Size: 0x00000000, Max: 0x00000008, ABSOLUTE)

    Execution Region ER$$.ARM.__AT_0x40022018 (Base: 0x40022018, Size: 0x00000008, Max: 0x00000008, ABSOLUTE, UNINIT)

    Base Addr    Size         Type   Attr      Idx    E Section Name        Object

    0x40022018   0x00000008   Zero   RW          309    .ARM.__AT_0x40022018  driver.lib(clk.o)



  Load Region LR$$.ARM.__AT_0x40022024 (Base: 0x40022024, Size: 0x00000000, Max: 0x00000004, ABSOLUTE)

    Execution Region ER$$.ARM.__AT_0x40022024 (Base: 0x40022024, Size: 0x00000004, Max: 0x00000004, ABSOLUTE, UNINIT)

    Base Addr    Size         Type   Attr      Idx    E Section Name        Object

    0x40022024   0x00000004   Zero   RW          310    .ARM.__AT_0x40022024  driver.lib(clk.o)



  Load Region LR$$.ARM.__AT_0x40022030 (Base: 0x40022030, Size: 0x00000000, Max: 0x00000004, ABSOLUTE)

    Execution Region ER$$.ARM.__AT_0x40022030 (Base: 0x40022030, Size: 0x00000004, Max: 0x00000004, ABSOLUTE, UNINIT)

    Base Addr    Size         Type   Attr      Idx    E Section Name        Object

    0x40022030   0x00000004   Zero   RW          311    .ARM.__AT_0x40022030  driver.lib(clk.o)



  Load Region LR$$.ARM.__AT_0x40022100 (Base: 0x40022100, Size: 0x00000000, Max: 0x00000008, ABSOLUTE)

    Execution Region ER$$.ARM.__AT_0x40022100 (Base: 0x40022100, Size: 0x00000008, Max: 0x00000008, ABSOLUTE, UNINIT)

    Base Addr    Size         Type   Attr      Idx    E Section Name        Object

    0x40022100   0x00000008   Zero   RW          698    .ARM.__AT_0x40022100  driver.lib(wakeup.o)


==============================================================================

Image component sizes


      Code (inc. data)   RO Data    RW Data    ZI Data      Debug   

      1054        532        144       4112          0      10288   Object Totals
         0          0         16          0          0          0   (incl. Generated)
         0          0          0          3          0          0   (incl. Padding)
      4070        426        880         12        392       3868   Library Totals
        10          0          0          0          0          0   (incl. Padding)

==============================================================================


      Code (inc. data)   RO Data    RW Data    ZI Data      Debug   

      5124        958       1024       4124        392      11452   Grand Totals
      5124        958       1024         44        392      11452   ELF Image Totals (compressed)
      5124        958       1024         44          0          0   ROM Totals

==============================================================================

    Total RO  Size (Code + RO Data)                 6148 (   6.00kB)
    Total RW  Size (RW Data + ZI Data)              4516 (   4.41kB)
    Total ROM Size (Code + RO Data + RW Data)       6192 (   6.05kB)

==============================================================================

