ARM Linker, 5.03 [Build 76] [MDK-ARM Standard]

==============================================================================

Image Symbol Table

    Local Symbols

    Symbol Name                              Value     Ov Type        Size  Object(Section)

    EXCEPT_VECTS                             0x00000000   Section      128  startup.o(EXCEPT_VECTS)
    ../clib/angel/boardlib.s                 0x00000000   Number         0  boardinit2.o ABSOLUTE
    ../clib/angel/boardlib.s                 0x00000000   Number         0  boardinit3.o ABSOLUTE
    ../clib/angel/boardlib.s                 0x00000000   Number         0  boardinit1.o ABSOLUTE
    ../clib/angel/boardlib.s                 0x00000000   Number         0  boardshut.o ABSOLUTE
    ../clib/angel/dczerorl2.s                0x00000000   Number         0  __dczerorl2.o ABSOLUTE
    ../clib/angel/kernel.s                   0x00000000   Number         0  rtentry2.o ABSOLUTE
    ../clib/angel/kernel.s                   0x00000000   Number         0  rtentry.o ABSOLUTE
    ../clib/angel/kernel.s                   0x00000000   Number         0  rtexit.o ABSOLUTE
    ../clib/angel/kernel.s                   0x00000000   Number         0  rtentry5.o ABSOLUTE
    ../clib/angel/kernel.s                   0x00000000   Number         0  rtentry4.o ABSOLUTE
    ../clib/angel/kernel.s                   0x00000000   Number         0  rtexit2.o ABSOLUTE
    ../clib/angel/rt.s                       0x00000000   Number         0  aeabi_ldiv0.o ABSOLUTE
    ../clib/angel/rt.s                       0x00000000   Number         0  aeabi_ldiv0_sigfpe.o ABSOLUTE
    ../clib/angel/rt.s                       0x00000000   Number         0  rt_errno_addr_intlibspace.o ABSOLUTE
    ../clib/angel/rt.s                       0x00000000   Number         0  rt_errno_addr.o ABSOLUTE
    ../clib/angel/rt.s                       0x00000000   Number         0  rt_locale_intlibspace.o ABSOLUTE
    ../clib/angel/rt.s                       0x00000000   Number         0  rt_raise.o ABSOLUTE
    ../clib/angel/rt.s                       0x00000000   Number         0  rt_locale.o ABSOLUTE
    ../clib/angel/rt.s                       0x00000000   Number         0  rt_div0.o ABSOLUTE
    ../clib/angel/scatter.s                  0x00000000   Number         0  __scatter.o ABSOLUTE
    ../clib/angel/startup.s                  0x00000000   Number         0  __main.o ABSOLUTE
    ../clib/angel/sys.s                      0x00000000   Number         0  use_no_semi.o ABSOLUTE
    ../clib/angel/sys.s                      0x00000000   Number         0  libspace.o ABSOLUTE
    ../clib/angel/sys.s                      0x00000000   Number         0  indicate_semi.o ABSOLUTE
    ../clib/angel/sys.s                      0x00000000   Number         0  sys_stackheap_outer.o ABSOLUTE
    ../clib/angel/sys.s                      0x00000000   Number         0  sys_stackheap.o ABSOLUTE
    ../clib/angel/sysapp.c                   0x00000000   Number         0  sys_command.o ABSOLUTE
    ../clib/armsys.c                         0x00000000   Number         0  _get_argv_nomalloc.o ABSOLUTE
    ../clib/armsys.c                         0x00000000   Number         0  no_argv.o ABSOLUTE
    ../clib/armsys.c                         0x00000000   Number         0  argv_veneer.o ABSOLUTE
    ../clib/armsys.c                         0x00000000   Number         0  argv_veneer.o ABSOLUTE
    ../clib/bigflt.c                         0x00000000   Number         0  bigflt0.o ABSOLUTE
    ../clib/btod.s                           0x00000000   Number         0  btod.o ABSOLUTE
    ../clib/fenv.c                           0x00000000   Number         0  _rserrno.o ABSOLUTE
    ../clib/heapalloc.c                      0x00000000   Number         0  hrguard.o ABSOLUTE
    ../clib/libinit.s                        0x00000000   Number         0  libshutdown.o ABSOLUTE
    ../clib/libinit.s                        0x00000000   Number         0  libinit.o ABSOLUTE
    ../clib/libinit.s                        0x00000000   Number         0  libshutdown2.o ABSOLUTE
    ../clib/libinit.s                        0x00000000   Number         0  libinit3.o ABSOLUTE
    ../clib/libinit.s                        0x00000000   Number         0  libinit2.o ABSOLUTE
    ../clib/locale.s                         0x00000000   Number         0  lc_numeric_c.o ABSOLUTE
    ../clib/longlong.s                       0x00000000   Number         0  lludivv7m.o ABSOLUTE
    ../clib/longlong.s                       0x00000000   Number         0  llsdiv.o ABSOLUTE
    ../clib/longlong.s                       0x00000000   Number         0  llsshr.o ABSOLUTE
    ../clib/longlong.s                       0x00000000   Number         0  lludiv10.o ABSOLUTE
    ../clib/memcpset.s                       0x00000000   Number         0  rt_memclr_w.o ABSOLUTE
    ../clib/memcpset.s                       0x00000000   Number         0  rt_memclr.o ABSOLUTE
[...]
    i.CodecDacVmidChargeOp                   0x00001034   Section        0  dac.o(i.CodecDacVmidChargeOp)
    i.CodecFmSrcSelect                       0x00001074   Section        0  audio_adc.o(i.CodecFmSrcSelect)
    i.CodecFminIsConnect                     0x000010f4   Section        0  dac.o(i.CodecFminIsConnect)
    i.CodecLineinIsConnect                   0x00001110   Section        0  dac.o(i.CodecLineinIsConnect)
    i.CodecMicBiasEn                         0x0000112c   Section        0  dac.o(i.CodecMicBiasEn)
    i.CodecMixDacConnect                     0x00001174   Section        0  dac.o(i.CodecMixDacConnect)
    i.CodecMixDacDisconnect                  0x00001298   Section        0  dac.o(i.CodecMixDacDisconnect)
    i.CodecMixFmConnect                      0x00001394   Section        0  dac.o(i.CodecMixFmConnect)
    i.CodecMixFmDisconnect                   0x000014cc   Section        0  dac.o(i.CodecMixFmDisconnect)
    i.CodecMixLineinConnect                  0x00001598   Section        0  dac.o(i.CodecMixLineinConnect)
    i.CodecMixLineinDisconnect               0x000016cc   Section        0  dac.o(i.CodecMixLineinDisconnect)
    i.CodecMixPgaConnect                     0x00001798   Section        0  dac.o(i.CodecMixPgaConnect)
    i.CodecMixPgaDisconnect                  0x0000188c   Section        0  dac.o(i.CodecMixPgaDisconnect)
    i.CodecPgaSrcSelect                      0x00001964   Section        0  audio_adc.o(i.CodecPgaSrcSelect)
    i.CodecPgainIsConnect                    0x000019f4   Section        0  dac.o(i.CodecPgainIsConnect)
    i.DacAdcSampleRateSet                    0x00001a10   Section        0  dac.o(i.DacAdcSampleRateSet)
    i.DacConfig                              0x00001b08   Section        0  dac.o(i.DacConfig)
    i.DacDigitalMuteSet                      0x00001b98   Section        0  dac.o(i.DacDigitalMuteSet)
    i.DacDisable                             0x00001ba8   Section        0  dac.o(i.DacDisable)
    i.DacMonoConfig                          0x00001bb8   Section        0  dac.o(i.DacMonoConfig)
    i.DacPhaseDiffConfig                     0x00001be0   Section        0  dac.o(i.DacPhaseDiffConfig)
    i.DacSoftMuteSet                         0x00001bf4   Section        0  dac.o(i.DacSoftMuteSet)
    i.DacVolumeSet                           0x00001c4c   Section        0  dac.o(i.DacVolumeSet)
    i.DelayMs                                0x00001c68   Section        0  timeout.o(i.DelayMs)
    i.FuartGetBaudClk                        0x00001c80   Section        0  fuart.o(i.FuartGetBaudClk)
    FuartGetBaudClk                          0x00001c81   Thumb Code    40  fuart.o(i.FuartGetBaudClk)
    i.FuartInit                              0x00001cb0   Section        0  fuart.o(i.FuartInit)
    i.FuartSend                              0x00001d8c   Section        0  fuart.o(i.FuartSend)
    i.GpioA0SetMode                          0x00001dec   Section        0  gpio.o(i.GpioA0SetMode)
    i.GpioFuartRxIoConfig                    0x00001e58   Section        0  gpio.o(i.GpioFuartRxIoConfig)
    i.GpioFuartTxIoConfig                    0x00001eb4   Section        0  gpio.o(i.GpioFuartTxIoConfig)
    i.IsTimeOut                              0x00001f30   Section        0  timeout.o(i.IsTimeOut)
    i.LpWriteDis                             0x00001f54   Section        0  wakeup.o(i.LpWriteDis)
    i.LpWriteEn                              0x00001f64   Section        0  wakeup.o(i.LpWriteEn)
    i.PcmDataExtract                         0x00001f80   Section        0  audio_adc.o(i.PcmDataExtract)
    i.PcmFifoClear                           0x00002020   Section        0  pcm_fifo.o(i.PcmFifoClear)
    i.PcmFifoInitialize                      0x0000202c   Section        0  pcm_fifo.o(i.PcmFifoInitialize)
    i.PcmFifoSetStatus                       0x0000207c   Section        0  pcm_fifo.o(i.PcmFifoSetStatus)
    i.PcmTxIsTransferDone                    0x00002088   Section        0  pcm_transfer.o(i.PcmTxIsTransferDone)
    i.PcmTxSetPcmDataMode                    0x00002094   Section        0  pcm_transfer.o(i.PcmTxSetPcmDataMode)
    i.PcmTxTransferData                      0x000020a0   Section        0  pcm_transfer.o(i.PcmTxTransferData)
    i.PhubPathClose                          0x000020f4   Section        0  audio_path.o(i.PhubPathClose)
    i.PhubPathSel                            0x00002104   Section        0  audio_path.o(i.PhubPathSel)
    i.PmemDataPathSel                        0x00002140   Section        0  pmem.o(i.PmemDataPathSel)
    i.RC48MHzTrimBy1MHz                      0x00002164   Section        0  clk.o(i.RC48MHzTrimBy1MHz)
    i.Rst12p288GeneratorModule               0x00002184   Section        0  rst.o(i.Rst12p288GeneratorModule)
    i.SendCmdToCache                         0x000021a0   Section        0  cache.o(i.SendCmdToCache)
    SendCmdToCache                           0x000021a1   Thumb Code    40  cache.o(i.SendCmdToCache)
    i.SwUartSend                             0x000021cc   Section        0  retarget.o(i.SwUartSend)
    i.TimeOutSet                             0x000021ce   Section        0  timeout.o(i.TimeOutSet)
    i.WdgFeed                                0x000021e8   Section        0  watchdog.o(i.WdgFeed)
    i.__IsFunction__                         0x00002208   Section        0  gpio.o(i.__IsFunction__)
    i._sys_exit                              0x00002378   Section        0  retarget.o(i._sys_exit)
    i.ferror                                 0x0000237c   Section        0  retarget.o(i.ferror)
    i.fputc                                  0x00002384   Section        0  retarget.o(i.fputc)
    i.main                                   0x000023f0   Section        0  audiopath.o(i.main)
    .constdata                               0x0000252c   Section      318  audiopath.o(.constdata)
    .constdata                               0x0000266a   Section       20  dac.o(.constdata)
    MSP                                      0x20000000   Section     4096  startup.o(MSP)
    sys_stack_heap                           0x20000000   Data        4096  startup.o(MSP)
    .data                                    0x20001000   Section        8  audiopath.o(.data)
    .data                                    0x20001008   Section       12  retarget.o(.data)
    sOsDebugFlag                             0x20001008   Data           1  retarget.o(.data)
    IsSwUartActedAsFuartFlag                 0x20001009   Data           1  retarget.o(.data)
    .data                                    0x20001014   Section       16  audio_adc.o(.data)
    sPrevAdcChannel                          0x20001014   Data           2  audio_adc.o(.data)
    gAdcPcmReadPtr                           0x20001018   Data           4  audio_adc.o(.data)
    gAdcPcmInFifoAddr                        0x2000101c   Data           4  audio_adc.o(.data)
    gAdcPcmInFifoCapacity                    0x20001020   Data           4  audio_adc.o(.data)
    .data                                    0x20001024   Section       12  dac.o(.data)
    sIsEnableDacClock                        0x20001024   Data           1  dac.o(.data)
    sIsDacInitOK                             0x20001025   Data           1  dac.o(.data)
    sFmMixVol                                0x20001026   Data           2  dac.o(.data)
    sLineMixVol                              0x20001028   Data           2  dac.o(.data)
    sPgaMixVol                               0x2000102a   Data           2  dac.o(.data)
    sDacMixVol                               0x2000102c   Data           2  dac.o(.data)
    sPrevDacChannel                          0x2000102e   Data           2  dac.o(.data)
    .data                                    0x20001030   Section        8  timeout.o(.data)
    .ARM.__AT_0x400020B4                     0x400020b4   Section        4  gpio.o(.ARM.__AT_0x400020B4)
    .ARM.__AT_0x400020B8                     0x400020b8   Section       12  gpio.o(.ARM.__AT_0x400020B8)
    .ARM.__AT_0x40005000                     0x40005000   Section        4  cache.o(.ARM.__AT_0x40005000)
    .ARM.__AT_0x40005008                     0x40005008   Section        4  cache.o(.ARM.__AT_0x40005008)
    .ARM.__AT_0x40013000                     0x40013000   Section        8  i2s.o(.ARM.__AT_0x40013000)
    .ARM.__AT_0x40014078                     0x40014078   Section        4  pcm_fifo.o(.ARM.__AT_0x40014078)
    .ARM.__AT_0x40015000                     0x40015000   Section        4  buart.o(.ARM.__AT_0x40015000)
    BuartCfgReg                              0x40015000   Data           4  buart.o(.ARM.__AT_0x40015000)
    .ARM.__AT_0x40015004                     0x40015004   Section        4  buart.o(.ARM.__AT_0x40015004)
    BuartClkDivCfgReg                        0x40015004   Data           4  buart.o(.ARM.__AT_0x40015004)
    .ARM.__AT_0x40015010                     0x40015010   Section        4  buart.o(.ARM.__AT_0x40015010)
    BuartRxDataReg                           0x40015010   Data           4  buart.o(.ARM.__AT_0x40015010)
    .ARM.__AT_0x40015014                     0x40015014   Section        4  buart.o(.ARM.__AT_0x40015014)
    BuartRxCtlReg                            0x40015014   Data           4  buart.o(.ARM.__AT_0x40015014)
    .ARM.__AT_0x40015018                     0x40015018   Section        4  buart.o(.ARM.__AT_0x40015018)
    BuartRxStatReg                           0x40015018   Data           4  buart.o(.ARM.__AT_0x40015018)
    .ARM.__AT_0x4001501C                     0x4001501c   Section        4  buart.o(.ARM.__AT_0x4001501C)
    BuartRxFifoCfgReg                        0x4001501c   Data           4  buart.o(.ARM.__AT_0x4001501C)
    .ARM.__AT_0x40015020                     0x40015020   Section        4  buart.o(.ARM.__AT_0x40015020)
    BuartRxFifoCtlReg                        0x40015020   Data           4  buart.o(.ARM.__AT_0x40015020)
    .ARM.__AT_0x40015024                     0x40015024   Section        4  buart.o(.ARM.__AT_0x40015024)
    BuartRxFifoStatReg                       0x40015024   Data           4  buart.o(.ARM.__AT_0x40015024)
    .ARM.__AT_0x40015030                     0x40015030   Section        4  buart.o(.ARM.__AT_0x40015030)
    BuartTxDataReg                           0x40015030   Data           4  buart.o(.ARM.__AT_0x40015030)
    .ARM.__AT_0x40015034                     0x40015034   Section        4  buart.o(.ARM.__AT_0x40015034)
    BuartTxCtlReg                            0x40015034   Data           4  buart.o(.ARM.__AT_0x40015034)
    .ARM.__AT_0x40015038                     0x40015038   Section        4  buart.o(.ARM.__AT_0x40015038)
    BuartTxStatReg                           0x40015038   Data           4  buart.o(.ARM.__AT_0x40015038)
    .ARM.__AT_0x4001503C                     0x4001503c   Section        4  buart.o(.ARM.__AT_0x4001503C)
    BuartTxFifoCtlReg                        0x4001503c   Data           4  buart.o(.ARM.__AT_0x4001503C)
    .ARM.__AT_0x40015040                     0x40015040   Section        4  buart.o(.ARM.__AT_0x40015040)
    BuartTxFifoStatReg                       0x40015040   Data           4  buart.o(.ARM.__AT_0x40015040)
    .ARM.__AT_0x40015050                     0x40015050   Section        4  buart.o(.ARM.__AT_0x40015050)
    BuartBRxFlowCtlReg                       0x40015050   Data           4  buart.o(.ARM.__AT_0x40015050)
    .ARM.__AT_0x40015054                     0x40015054   Section        4  buart.o(.ARM.__AT_0x40015054)
    BuartBRxFifoCfg0Reg                      0x40015054   Data           4  buart.o(.ARM.__AT_0x40015054)
    .ARM.__AT_0x40015058                     0x40015058   Section        4  buart.o(.ARM.__AT_0x40015058)
    BuartBRxFifoCfg1Reg                      0x40015058   Data           4  buart.o(.ARM.__AT_0x40015058)
    .ARM.__AT_0x4001505C                     0x4001505c   Section        4  buart.o(.ARM.__AT_0x4001505C)
    BuartBRxFifoCfg2Reg                      0x4001505c   Data           4  buart.o(.ARM.__AT_0x4001505C)
    .ARM.__AT_0x40015060                     0x40015060   Section        4  buart.o(.ARM.__AT_0x40015060)
    BuartBRxFifoCtlReg                       0x40015060   Data           4  buart.o(.ARM.__AT_0x40015060)
    .ARM.__AT_0x40015064                     0x40015064   Section        4  buart.o(.ARM.__AT_0x40015064)
    BuartBRxFifoStatReg                      0x40015064   Data           4  buart.o(.ARM.__AT_0x40015064)
    .ARM.__AT_0x40015068                     0x40015068   Section        4  buart.o(.ARM.__AT_0x40015068)
    BuartBRxFifoRdAdrReg                     0x40015068   Data           4  buart.o(.ARM.__AT_0x40015068)
    .ARM.__AT_0x40015070                     0x40015070   Section        4  buart.o(.ARM.__AT_0x40015070)
    BuartBTxFlowCtlReg                       0x40015070   Data           4  buart.o(.ARM.__AT_0x40015070)
    .ARM.__AT_0x40015074                     0x40015074   Section        4  buart.o(.ARM.__AT_0x40015074)
    BuartBTxFifoCfg0Reg                      0x40015074   Data           4  buart.o(.ARM.__AT_0x40015074)
    .ARM.__AT_0x40015078                     0x40015078   Section        4  buart.o(.ARM.__AT_0x40015078)
    BuartBTxFifoCfg1Reg                      0x40015078   Data           4  buart.o(.ARM.__AT_0x40015078)
    .ARM.__AT_0x4001507C                     0x4001507c   Section        4  buart.o(.ARM.__AT_0x4001507C)
    BuartBTxFifoCfg2Reg                      0x4001507c   Data           4  buart.o(.ARM.__AT_0x4001507C)
    .ARM.__AT_0x40015080                     0x40015080   Section        4  buart.o(.ARM.__AT_0x40015080)
    BuartBTxFifoCtlReg                       0x40015080   Data           4  buart.o(.ARM.__AT_0x40015080)
    .ARM.__AT_0x40015084                     0x40015084   Section        4  buart.o(.ARM.__AT_0x40015084)
    BuartBTxFifoStatReg                      0x40015084   Data           4  buart.o(.ARM.__AT_0x40015084)
    .ARM.__AT_0x40016000                     0x40016000   Section        4  fuart.o(.ARM.__AT_0x40016000)
    FuartCfgReg                              0x40016000   Data           4  fuart.o(.ARM.__AT_0x40016000)
    .ARM.__AT_0x40016004                     0x40016004   Section        4  fuart.o(.ARM.__AT_0x40016004)
    FuartClkDivCfgReg                        0x40016004   Data           4  fuart.o(.ARM.__AT_0x40016004)
    .ARM.__AT_0x40016010                     0x40016010   Section        4  fuart.o(.ARM.__AT_0x40016010)
    FuartRxDataReg                           0x40016010   Data           4  fuart.o(.ARM.__AT_0x40016010)
    .ARM.__AT_0x40016014                     0x40016014   Section        4  fuart.o(.ARM.__AT_0x40016014)
    FuartRxCtlReg                            0x40016014   Data           4  fuart.o(.ARM.__AT_0x40016014)
    .ARM.__AT_0x40016018                     0x40016018   Section        4  fuart.o(.ARM.__AT_0x40016018)
    FuartRxStatReg                           0x40016018   Data           4  fuart.o(.ARM.__AT_0x40016018)
    .ARM.__AT_0x4001601C                     0x4001601c   Section        4  fuart.o(.ARM.__AT_0x4001601C)
    FuartRxFifoCfgReg                        0x4001601c   Data           4  fuart.o(.ARM.__AT_0x4001601C)
    .ARM.__AT_0x40016020                     0x40016020   Section        4  fuart.o(.ARM.__AT_0x40016020)
    FuartRxFifoCtlReg                        0x40016020   Data           4  fuart.o(.ARM.__AT_0x40016020)
    .ARM.__AT_0x40016024                     0x40016024   Section        4  fuart.o(.ARM.__AT_0x40016024)
    FuartRxFifoStatReg                       0x40016024   Data           4  fuart.o(.ARM.__AT_0x40016024)
    .ARM.__AT_0x40016030                     0x40016030   Section        4  fuart.o(.ARM.__AT_0x40016030)
    FuartTxDataReg                           0x40016030   Data           4  fuart.o(.ARM.__AT_0x40016030)
    .ARM.__AT_0x40016034                     0x40016034   Section        4  fuart.o(.ARM.__AT_0x40016034)
    FuartTxCtlReg                            0x40016034   Data           4  fuart.o(.ARM.__AT_0x40016034)
    .ARM.__AT_0x40016038                     0x40016038   Section        4  fuart.o(.ARM.__AT_0x40016038)
    FuartTxStatReg                           0x40016038   Data           4  fuart.o(.ARM.__AT_0x40016038)
    .ARM.__AT_0x4001603C                     0x4001603c   Section        4  fuart.o(.ARM.__AT_0x4001603C)
    FuartTxFifoCtlReg                        0x4001603c   Data           4  fuart.o(.ARM.__AT_0x4001603C)
    .ARM.__AT_0x40016040                     0x40016040   Section        4  fuart.o(.ARM.__AT_0x40016040)
    FuartTxFifoStatReg                       0x40016040   Data           4  fuart.o(.ARM.__AT_0x40016040)
    .ARM.__AT_0x40018000                     0x40018000   Section        4  audio_path.o(.ARM.__AT_0x40018000)
    .ARM.__AT_0x4001A000                     0x4001a000   Section        4  dac.o(.ARM.__AT_0x4001A000)
    .ARM.__AT_0x4001A008                     0x4001a008   Section        4  dac.o(.ARM.__AT_0x4001A008)
    .ARM.__AT_0x4001A014                     0x4001a014   Section        4  dac.o(.ARM.__AT_0x4001A014)
    .ARM.__AT_0x4001A01C                     0x4001a01c   Section        4  dac.o(.ARM.__AT_0x4001A01C)
    .ARM.__AT_0x4001A028                     0x4001a028   Section        4  eq.o(.ARM.__AT_0x4001A028)
    .ARM.__AT_0x4001A094                     0x4001a094   Section        8  audio_adc.o(.ARM.__AT_0x4001A094)
    .ARM.__AT_0x4001A09C                     0x4001a09c   Section        4  dac.o(.ARM.__AT_0x4001A09C)
    .ARM.__AT_0x4001A0A0                     0x4001a0a0   Section        4  dac.o(.ARM.__AT_0x4001A0A0)
    .ARM.__AT_0x4001A0A4                     0x4001a0a4   Section       32  dac.o(.ARM.__AT_0x4001A0A4)
    .ARM.__AT_0x4001A0C4                     0x4001a0c4   Section       24  audio_adc.o(.ARM.__AT_0x4001A0C4)
    .ARM.__AT_0x4001B000                     0x4001b000   Section        4  timer.o(.ARM.__AT_0x4001B000)
    .ARM.__AT_0x4001C000                     0x4001c000   Section        4  timer.o(.ARM.__AT_0x4001C000)
    .ARM.__AT_0x4001F014                     0x4001f014   Section        8  clk.o(.ARM.__AT_0x4001F014)
    .ARM.__AT_0x4001F01C                     0x4001f01c   Section        8  clk.o(.ARM.__AT_0x4001F01C)
    .ARM.__AT_0x40020100                     0x40020100   Section        4  rst.o(.ARM.__AT_0x40020100)
    .ARM.__AT_0x40021000                     0x40021000   Section       20  adc.o(.ARM.__AT_0x40021000)
    .ARM.__AT_0x40022004                     0x40022004   Section        4  wakeup.o(.ARM.__AT_0x40022004)
    .ARM.__AT_0x40022008                     0x40022008   Section        4  wakeup.o(.ARM.__AT_0x40022008)
    .ARM.__AT_0x40022010                     0x40022010   Section        4  wakeup.o(.ARM.__AT_0x40022010)
    .ARM.__AT_0x40022018                     0x40022018   Section        8  clk.o(.ARM.__AT_0x40022018)
    .ARM.__AT_0x40022024                     0x40022024   Section        4  clk.o(.ARM.__AT_0x40022024)
    .ARM.__AT_0x40022030                     0x40022030   Section        4  clk.o(.ARM.__AT_0x40022030)
    .ARM.__AT_0x40022100                     0x40022100   Section        8  wakeup.o(.ARM.__AT_0x40022100)

    Global Symbols

    Symbol Name                              Value     Ov Type        Size  Object(Section)

    BuildAttributes$$THM_ISAv4$P$D$K$B$S$PE$A:L22UL41UL21$X:L11$S22US41US21$IEEE1$IW$USESV6$~STKCKD$USESV7$~SHL$OTIME$ROPI$IEEEX$EBA8$UX$STANDARDLIB$REQ8$PRES8$EABIv2 0x00000000   Number         0  anon$$obj.o ABSOLUTE
    __ARM_use_no_argv                        0x00000000   Number         0  audiopath.o ABSOLUTE
    DmaCh0Interrupt                           - Undefined Weak Reference
    DmaCh1Interrupt                           - Undefined Weak Reference
    GpioInterrupt                             - Undefined Weak Reference
    Image$$ZI$$Limit                          - Undefined Weak Reference
    IrInterrupt                               - Undefined Weak Reference
    PwcInterrupt                              - Undefined Weak Reference
    RtcInterrupt                              - Undefined Weak Reference
    SdInterrupt                               - Undefined Weak Reference
    SpimInterrupt                             - Undefined Weak Reference
    SpisInterrupt                             - Undefined Weak Reference
    Timer0Interrupt                           - Undefined Weak Reference
    Timer1Interrupt                           - Undefined Weak Reference
    UsbInterrupt                              - Undefined Weak Reference
    WatchDogInterrupt                         - Undefined Weak Reference
    __ARM_exceptions_init                     - Undefined Weak Reference
    __alloca_initialize                       - Undefined Weak Reference
    __cpp_initialize__aeabi_                  - Undefined Weak Reference
    __cxa_finalize                            - Undefined Weak Reference
    __sigvec_lookup                           - Undefined Weak Reference
    _atexit_init                              - Undefined Weak Reference
    _call_atexit_fns                          - Undefined Weak Reference
    _clock_init                               - Undefined Weak Reference
    _fp_trap_init                             - Undefined Weak Reference
    _fp_trap_shutdown                         - Undefined Weak Reference
    _get_lc_collate                           - Undefined Weak Reference
    _get_lc_ctype                             - Undefined Weak Reference
    _get_lc_monetary                          - Undefined Weak Reference
    _get_lc_time                              - Undefined Weak Reference
    _getenv_init                              - Undefined Weak Reference
    _handle_redirection                       - Undefined Weak Reference
    _init_alloc                               - Undefined Weak Reference
    _init_user_alloc                          - Undefined Weak Reference
    _initio                                   - Undefined Weak Reference
    _printf_mbtowc                            - Undefined Weak Reference
    _printf_post_padding                      - Undefined Weak Reference
    _printf_pre_padding                       - Undefined Weak Reference
    _printf_truncate_signed                   - Undefined Weak Reference
    _printf_truncate_unsigned                 - Undefined Weak Reference
    _rand_init                                - Undefined Weak Reference
    _signal_finish                            - Undefined Weak Reference
    _signal_init                              - Undefined Weak Reference
    _terminate_alloc                          - Undefined Weak Reference
    _terminate_user_alloc                     - Undefined Weak Reference
    _terminateio                              - Undefined Weak Reference
    audio_decoder_interrupt_handler           - Undefined Weak Reference
    pendsv_interrupt                          - Undefined Weak Reference
    svcall_interrupt                          - Undefined Weak Reference
    __main                                   0x000000fd   Thumb Code     8  __main.o(!!!main)
    __scatterload                            0x00000105   Thumb Code     0  __scatter.o(!!!scatter)
    __scatterload_rt2                        0x00000105   Thumb Code    44  __scatter.o(!!!scatter)
    __scatterload_rt2_thumb_only             0x00000105   Thumb Code     0  __scatter.o(!!!scatter)
    __scatterload_null                       0x00000113   Thumb Code     0  __scatter.o(!!!scatter)
    __decompress                             0x00000139   Thumb Code    90  __dczerorl2.o(!!dczerorl2)
    __decompress1                            0x00000139   Thumb Code     0  __dczerorl2.o(!!dczerorl2)
    mv_main                                  0x000001a7   Thumb Code    44  startup.o(.text)
    reset_handler                            0x000001d5   Thumb Code     6  startup.o(.text)
    nmi_handler                              0x000001db   Thumb Code     2  startup.o(.text)
    hardfault_handler                        0x000001dd   Thumb Code     2  startup.o(.text)
    memmanage_handler                        0x000001df   Thumb Code     2  startup.o(.text)
    busfault_handler                         0x000001e1   Thumb Code     2  startup.o(.text)
    usagefault_handler                       0x000001e3   Thumb Code     2  startup.o(.text)
    __udelay                                 0x000001fd   Thumb Code    36  timeout.o(CACHE.4KBMEM)
    Region$$Table$$Base                      0x00000228   Number         0  anon$$obj.o(Region$$Table)
    Region$$Table$$Limit                     0x00000238   Number         0  anon$$obj.o(Region$$Table)
    _printf_percent                          0x00000239   Thumb Code     0  _printf_percent.o(.ARM.Collect$$_printf_percent$$00000000)
    _printf_percent_end                      0x00000239   Thumb Code     0  _printf_percent_end.o(.ARM.Collect$$_printf_percent$$00000017)
    __rt_lib_init                            0x0000023d   Thumb Code     0  libinit.o(.ARM.Collect$$libinit$$00000000)
    __rt_lib_init_alloca_1                   0x0000023f   Thumb Code     0  libinit2.o(.ARM.Collect$$libinit$$0000002C)
    __rt_lib_init_argv_1                     0x0000023f   Thumb Code     0  libinit2.o(.ARM.Collect$$libinit$$0000002A)
    __rt_lib_init_atexit_1                   0x0000023f   Thumb Code     0  libinit2.o(.ARM.Collect$$libinit$$00000019)
    __rt_lib_init_clock_1                    0x0000023f   Thumb Code     0  libinit2.o(.ARM.Collect$$libinit$$0000001F)
    __rt_lib_init_cpp_1                      0x0000023f   Thumb Code     0  libinit2.o(.ARM.Collect$$libinit$$00000030)
    __rt_lib_init_exceptions_1               0x0000023f   Thumb Code     0  libinit2.o(.ARM.Collect$$libinit$$0000002E)
    __rt_lib_init_fp_1                       0x0000023f   Thumb Code     0  libinit2.o(.ARM.Collect$$libinit$$00000002)
    __rt_lib_init_fp_trap_1                  0x0000023f   Thumb Code     0  libinit2.o(.ARM.Collect$$libinit$$0000001D)
    __rt_lib_init_getenv_1                   0x0000023f   Thumb Code     0  libinit2.o(.ARM.Collect$$libinit$$00000021)
    __rt_lib_init_heap_1                     0x0000023f   Thumb Code     0  libinit2.o(.ARM.Collect$$libinit$$00000008)
    __rt_lib_init_lc_collate_1               0x0000023f   Thumb Code     0  libinit2.o(.ARM.Collect$$libinit$$0000000F)
    __rt_lib_init_lc_ctype_1                 0x0000023f   Thumb Code     0  libinit2.o(.ARM.Collect$$libinit$$00000011)
    __rt_lib_init_lc_monetary_1              0x0000023f   Thumb Code     0  libinit2.o(.ARM.Collect$$libinit$$00000013)
    __rt_lib_init_lc_numeric_1               0x0000023f   Thumb Code     0  libinit2.o(.ARM.Collect$$libinit$$00000015)
    __rt_lib_init_lc_time_1                  0x0000023f   Thumb Code     0  libinit2.o(.ARM.Collect$$libinit$$00000017)
    __rt_lib_init_rand_1                     0x0000023f   Thumb Code     0  libinit2.o(.ARM.Collect$$libinit$$0000000C)
    __rt_lib_init_return                     0x0000023f   Thumb Code     0  libinit2.o(.ARM.Collect$$libinit$$00000031)
    __rt_lib_init_signal_1                   0x0000023f   Thumb Code     0  libinit2.o(.ARM.Collect$$libinit$$0000001B)
    __rt_lib_init_stdio_1                    0x0000023f   Thumb Code     0  libinit2.o(.ARM.Collect$$libinit$$00000023)
    __rt_lib_init_user_alloc_1               0x0000023f   Thumb Code     0  libinit2.o(.ARM.Collect$$libinit$$0000000A)
    __rt_lib_shutdown                        0x00000241   Thumb Code     0  libshutdown.o(.ARM.Collect$$libshutdown$$00000000)
    __rt_lib_shutdown_fp_trap_1              0x00000243   Thumb Code     0  libshutdown2.o(.ARM.Collect$$libshutdown$$00000006)
    __rt_lib_shutdown_heap_1                 0x00000243   Thumb Code     0  libshutdown2.o(.ARM.Collect$$libshutdown$$0000000E)
    __rt_lib_shutdown_return                 0x00000243   Thumb Code     0  libshutdown2.o(.ARM.Collect$$libshutdown$$0000000F)
    __rt_lib_shutdown_signal_1               0x00000243   Thumb Code     0  libshutdown2.o(.ARM.Collect$$libshutdown$$00000009)
    __rt_lib_shutdown_stdio_1                0x00000243   Thumb Code     0  libshutdown2.o(.ARM.Collect$$libshutdown$$00000003)
    __rt_lib_shutdown_user_alloc_1           0x00000243   Thumb Code     0  libshutdown2.o(.ARM.Collect$$libshutdown$$0000000B)
    __rt_entry                               0x00000245   Thumb Code     0  rtentry.o(.ARM.Collect$$rtentry$$00000000)
    __rt_entry_presh_1                       0x00000245   Thumb Code     0  rtentry2.o(.ARM.Collect$$rtentry$$00000002)
    __rt_entry_sh                            0x00000245   Thumb Code     0  rtentry5.o(.ARM.Collect$$rtentry$$00000005)
    __rt_entry_li                            0x00000249   Thumb Code     0  rtentry2.o(.ARM.Collect$$rtentry$$0000000A)
    __rt_entry_postsh_1                      0x00000249   Thumb Code     0  rtentry2.o(.ARM.Collect$$rtentry$$00000009)
    __rt_entry_main                          0x0000024d   Thumb Code     0  rtentry2.o(.ARM.Collect$$rtentry$$0000000D)
    __rt_entry_postli_1                      0x0000024d   Thumb Code     0  rtentry2.o(.ARM.Collect$$rtentry$$0000000C)
    __rt_exit                                0x00000259   Thumb Code     0  rtexit.o(.ARM.Collect$$rtexit$$00000000)
    __rt_exit_ls                             0x0000025b   Thumb Code     0  rtexit2.o(.ARM.Collect$$rtexit$$00000003)
    __rt_exit_prels_1                        0x0000025b   Thumb Code     0  rtexit2.o(.ARM.Collect$$rtexit$$00000002)
    __rt_exit_exit                           0x0000025f   Thumb Code     0  rtexit2.o(.ARM.Collect$$rtexit$$00000004)
    FuartInterrupt                           0x00000265   Thumb Code    82  fuart.o(.driver.isr)
    BuartInterrupt                           0x000002d5   Thumb Code    78  buart.o(.driver.isr)
    systick_interrupt                        0x00000341   Thumb Code    12  timeout.o(.driver.isr)
    GetSysTick1MsCnt                         0x0000034d   Thumb Code     6  timeout.o(.driver.isr)
    __asm___10_watchdog_c_WdgEn____ENABLE_IRQ 0x00000359   Thumb Code     4  watchdog.o(.emb_text)
    __asm___10_watchdog_c_WdgEn____DISABLE_IRQ 0x0000035d   Thumb Code     4  watchdog.o(.emb_text)
    __asm___10_watchdog_c_WdgEn____ENABLE_FAULT_IRQ 0x00000361   Thumb Code     4  watchdog.o(.emb_text)
    __asm___10_watchdog_c_WdgEn____DISABLE_FAULT_IRQ 0x00000365   Thumb Code     4  watchdog.o(.emb_text)
    __I$use$semihosting                      0x00000369   Thumb Code     0  use_no_semi.o(.text)
    __use_no_semihosting_swi                 0x00000369   Thumb Code     2  use_no_semi.o(.text)
    __2printf                                0x0000036d   Thumb Code    20  noretval__2printf.o(.text)
    __printf                                 0x00000385   Thumb Code   104  __printf.o(.text)
    __aeabi_memclr                           0x000003ed   Thumb Code     0  rt_memclr.o(.text)
    __rt_memclr                              0x000003ed   Thumb Code    68  rt_memclr.o(.text)
    _memset                                  0x000003f1   Thumb Code     0  rt_memclr.o(.text)
    __aeabi_memclr4                          0x00000431   Thumb Code     0  rt_memclr_w.o(.text)
    __aeabi_memclr8                          0x00000431   Thumb Code     0  rt_memclr_w.o(.text)
    __rt_memclr_w                            0x00000431   Thumb Code    78  rt_memclr_w.o(.text)
    _memset_w                                0x00000435   Thumb Code     0  rt_memclr_w.o(.text)
    _printf_char_file                        0x00000481   Thumb Code    32  _printf_char_file.o(.text)
    _printf_char_common                      0x000004af   Thumb Code    32  _printf_char_common.o(.text)
    exit                                     0x000004d5   Thumb Code    12  exit.o(.text)
    AdcClose                                 0x000004e1   Thumb Code    14  audio_adc.o(i.AdcClose)
    AdcConfig                                0x000004f9   Thumb Code   142  audio_adc.o(i.AdcConfig)
    AdcMixCurrWritePointGet                  0x0000059d   Thumb Code     8  audio_adc.o(i.AdcMixCurrWritePointGet)
    AdcPcmDataRead                           0x000005a9   Thumb Code   266  audio_adc.o(i.AdcPcmDataRead)
    AdcPmemPcmRemainLenGet                   0x000006c5   Thumb Code    72  audio_adc.o(i.AdcPmemPcmRemainLenGet)
    AdcPmemWriteDis                          0x00000721   Thumb Code     8  audio_adc.o(i.AdcPmemWriteDis)
    AdcPmemWriteEn                           0x0000072d   Thumb Code     8  audio_adc.o(i.AdcPmemWriteEn)
    AdcToPmem                                0x00000739   Thumb Code    86  audio_adc.o(i.AdcToPmem)
    CacheInit                                0x000007ad   Thumb Code    84  cache.o(i.CacheInit)
    ClkCurrentClkModeGet                     0x00000809   Thumb Code     8  clk.o(i.ClkCurrentClkModeGet)
    ClkMclkSel                               0x00000815   Thumb Code    88  clk.o(i.ClkMclkSel)
    ClkMclkSelBySampleRate                   0x00000875   Thumb Code   146  clk.o(i.ClkMclkSelBySampleRate)
    ClkModuleEn                              0x00000909   Thumb Code    26  clk.o(i.ClkModuleEn)
    ClkModuleGateEn                          0x00000929   Thumb Code    16  clk.o(i.ClkModuleGateEn)
    ClkPorRcToDpll                           0x00000941   Thumb Code   186  clk.o(i.ClkPorRcToDpll)
    ClkUseOsc32kCheckRc48m                   0x00000a15   Thumb Code   140  clk.o(i.ClkUseOsc32kCheckRc48m)
    CodecAdcAnaInit                          0x00000ab1   Thumb Code    96  audio_adc.o(i.CodecAdcAnaInit)
    CodecAdcChannelDisconnect                0x00000b1d   Thumb Code   300  audio_adc.o(i.CodecAdcChannelDisconnect)
    CodecAdcChannelSel                       0x00000c55   Thumb Code   252  audio_adc.o(i.CodecAdcChannelSel)
    CodecAdcLineInGainConfig                 0x00000d55   Thumb Code    24  audio_adc.o(i.CodecAdcLineInGainConfig)
    CodecClockEnable                         0x00000d71   Thumb Code    36  dac.o(i.CodecClockEnable)
    CodecClockRestore                        0x00000d9d   Thumb Code    30  dac.o(i.CodecClockRestore)
    CodecDacChannelDisconnect                0x00000dc5   Thumb Code   126  dac.o(i.CodecDacChannelDisconnect)
    CodecDacChannelSel                       0x00000e4d   Thumb Code   124  dac.o(i.CodecDacChannelSel)
    CodecDacInit                             0x00000ecd   Thumb Code   244  dac.o(i.CodecDacInit)
    CodecDacIsAnaMute                        0x00000fd9   Thumb Code    52  dac.o(i.CodecDacIsAnaMute)
    CodecDacIsSoftMute                       0x00001015   Thumb Code    26  dac.o(i.CodecDacIsSoftMute)
    CodecDacVmidChargeOp                     0x00001035   Thumb Code    58  dac.o(i.CodecDacVmidChargeOp)
    CodecFmSrcSelect                         0x00001075   Thumb Code   124  audio_adc.o(i.CodecFmSrcSelect)
    CodecFminIsConnect                       0x000010f5   Thumb Code    24  dac.o(i.CodecFminIsConnect)
    CodecLineinIsConnect                     0x00001111   Thumb Code    24  dac.o(i.CodecLineinIsConnect)
    CodecMicBiasEn                           0x0000112d   Thumb Code    62  dac.o(i.CodecMicBiasEn)
    CodecMixDacConnect                       0x00001175   Thumb Code   274  dac.o(i.CodecMixDacConnect)
    CodecMixDacDisconnect                    0x00001299   Thumb Code   240  dac.o(i.CodecMixDacDisconnect)
    CodecMixFmConnect                        0x00001395   Thumb Code   296  dac.o(i.CodecMixFmConnect)
    CodecMixFmDisconnect                     0x000014cd   Thumb Code   182  dac.o(i.CodecMixFmDisconnect)
    CodecMixLineinConnect                    0x00001599   Thumb Code   292  dac.o(i.CodecMixLineinConnect)
    CodecMixLineinDisconnect                 0x000016cd   Thumb Code   186  dac.o(i.CodecMixLineinDisconnect)
    CodecMixPgaConnect                       0x00001799   Thumb Code   228  dac.o(i.CodecMixPgaConnect)
    CodecMixPgaDisconnect                    0x0000188d   Thumb Code   194  dac.o(i.CodecMixPgaDisconnect)
    CodecPgaSrcSelect                        0x00001965   Thumb Code   132  audio_adc.o(i.CodecPgaSrcSelect)
    CodecPgainIsConnect                      0x000019f5   Thumb Code    24  dac.o(i.CodecPgainIsConnect)
    DacAdcSampleRateSet                      0x00001a11   Thumb Code   232  dac.o(i.DacAdcSampleRateSet)
    DacConfig                                0x00001b09   Thumb Code   126  dac.o(i.DacConfig)
    DacDigitalMuteSet                        0x00001b99   Thumb Code    12  dac.o(i.DacDigitalMuteSet)
    DacDisable                               0x00001ba9   Thumb Code    10  dac.o(i.DacDisable)
    DacMonoConfig                            0x00001bb9   Thumb Code    34  dac.o(i.DacMonoConfig)
    DacPhaseDiffConfig                       0x00001be1   Thumb Code    14  dac.o(i.DacPhaseDiffConfig)
    DacSoftMuteSet                           0x00001bf5   Thumb Code    82  dac.o(i.DacSoftMuteSet)
    DacVolumeSet                             0x00001c4d   Thumb Code    18  dac.o(i.DacVolumeSet)
    DelayMs                                  0x00001c69   Thumb Code    24  timeout.o(i.DelayMs)
    FuartInit                                0x00001cb1   Thumb Code   190  fuart.o(i.FuartInit)
    FuartSend                                0x00001d8d   Thumb Code    78  fuart.o(i.FuartSend)
    GpioA0SetMode                            0x00001ded   Thumb Code    96  gpio.o(i.GpioA0SetMode)
    GpioFuartRxIoConfig                      0x00001e59   Thumb Code    84  gpio.o(i.GpioFuartRxIoConfig)
    GpioFuartTxIoConfig                      0x00001eb5   Thumb Code   106  gpio.o(i.GpioFuartTxIoConfig)
    IsTimeOut                                0x00001f31   Thumb Code    34  timeout.o(i.IsTimeOut)
    LpWriteDis                               0x00001f55   Thumb Code    10  wakeup.o(i.LpWriteDis)
    LpWriteEn                                0x00001f65   Thumb Code    22  wakeup.o(i.LpWriteEn)
    PcmDataExtract                           0x00001f81   Thumb Code   158  audio_adc.o(i.PcmDataExtract)
    PcmFifoClear                             0x00002021   Thumb Code     8  pcm_fifo.o(i.PcmFifoClear)
    PcmFifoInitialize                        0x0000202d   Thumb Code    74  pcm_fifo.o(i.PcmFifoInitialize)
    PcmFifoSetStatus                         0x0000207d   Thumb Code     6  pcm_fifo.o(i.PcmFifoSetStatus)
    PcmTxIsTransferDone                      0x00002089   Thumb Code     8  pcm_transfer.o(i.PcmTxIsTransferDone)
    PcmTxSetPcmDataMode                      0x00002095   Thumb Code     6  pcm_transfer.o(i.PcmTxSetPcmDataMode)
    PcmTxTransferData                        0x000020a1   Thumb Code    72  pcm_transfer.o(i.PcmTxTransferData)
    PhubPathClose                            0x000020f5   Thumb Code    12  audio_path.o(i.PhubPathClose)
    PhubPathSel                              0x00002105   Thumb Code    54  audio_path.o(i.PhubPathSel)
    PmemDataPathSel                          0x00002141   Thumb Code    30  pmem.o(i.PmemDataPathSel)
    RC48MHzTrimBy1MHz                        0x00002165   Thumb Code    24  clk.o(i.RC48MHzTrimBy1MHz)
    Rst12p288GeneratorModule                 0x00002185   Thumb Code    22  rst.o(i.Rst12p288GeneratorModule)
    SwUartSend                               0x000021cd   Thumb Code     2  retarget.o(i.SwUartSend)
    TimeOutSet                               0x000021cf   Thumb Code    26  timeout.o(i.TimeOutSet)
    WdgFeed                                  0x000021e9   Thumb Code    24  watchdog.o(i.WdgFeed)
    __IsFunction__                           0x00002209   Thumb Code   364  gpio.o(i.__IsFunction__)
    _sys_exit                                0x00002379   Thumb Code     4  retarget.o(i._sys_exit)
    ferror                                   0x0000237d   Thumb Code     8  retarget.o(i.ferror)
    fputc                                    0x00002385   Thumb Code    94  retarget.o(i.fputc)
    main                                     0x000023f1   Thumb Code   286  audiopath.o(i.main)
    DacAdcSampleRate                         0x0000266a   Data          20  dac.o(.constdata)
    __heap_base                              0x20001000   Number         0  startup.o ABSOLUTE
    __heap_limit                             0x20001000   Number         0  startup.o ABSOLUTE
    __initial_sp                             0x20001000   Number         0  startup.o ABSOLUTE
    gPathState                               0x20001000   Data           1  audiopath.o(.data)
    SendBuf                                  0x20001004   Data           4  audiopath.o(.data)
    __stdout                                 0x2000100c   Data           4  retarget.o(.data)
    __stdin                                  0x20001010   Data           4  retarget.o(.data)
    loops_per_tick                           0x20001030   Data           4  timeout.o(.data)
    gSysTick                                 0x20001034   Data           4  timeout.o(.data)
    RegGpioCfg2Sel                           0x400020b4   Data           4  gpio.o(.ARM.__AT_0x400020B4)
    RegGpioCfg3Sel                           0x400020b8   Data          12  gpio.o(.ARM.__AT_0x400020B8)
    RegCachCtrl                              0x40005000   Data           4  cache.o(.ARM.__AT_0x40005000)
    RegCachBmtxCtrl                          0x40005008   Data           4  cache.o(.ARM.__AT_0x40005008)
    RegI2sCtrl                               0x40013000   Data           8  i2s.o(.ARM.__AT_0x40013000)
    PCM_FIFO_INFO                            0x40014078   Data           4  pcm_fifo.o(.ARM.__AT_0x40014078)
    RegPhubCtrl                              0x40018000   Data           4  audio_path.o(.ARM.__AT_0x40018000)
    RegCodecCtrl                             0x4001a000   Data           4  dac.o(.ARM.__AT_0x4001A000)
    RegCodecIntVolMute                       0x4001a008   Data           4  dac.o(.ARM.__AT_0x4001A008)
    RegCodecI2s                              0x4001a014   Data           4  dac.o(.ARM.__AT_0x4001A014)
    RegCodecClkAdjust                        0x4001a01c   Data           4  dac.o(.ARM.__AT_0x4001A01C)
    RegCodecEqCtrl                           0x4001a028   Data           4  eq.o(.ARM.__AT_0x4001A028)
    RegCodecAlcCtrl                          0x4001a094   Data           8  audio_adc.o(.ARM.__AT_0x4001A094)
    RegMdacVolMix                            0x4001a09c   Data           4  dac.o(.ARM.__AT_0x4001A09C)
    RegMdacVolDac                            0x4001a0a0   Data           4  dac.o(.ARM.__AT_0x4001A0A0)
    RegMdacAnaCtrl                           0x4001a0a4   Data          32  dac.o(.ARM.__AT_0x4001A0A4)
    RegAsdmAnaCtrl                           0x4001a0c4   Data          24  audio_adc.o(.ARM.__AT_0x4001A0C4)
    RegTimCtrlTIMER0                         0x4001b000   Data           4  timer.o(.ARM.__AT_0x4001B000)
    RegTimCtrlTIMER1                         0x4001c000   Data           4  timer.o(.ARM.__AT_0x4001C000)
    RegClkSel                                0x4001f014   Data           8  clk.o(.ARM.__AT_0x4001F014)
    RegClkRcntCtrl                           0x4001f01c   Data           8  clk.o(.ARM.__AT_0x4001F01C)
    RegRstSepaCtrl1                          0x40020100   Data           4  rst.o(.ARM.__AT_0x40020100)
    RegAdcCtrl                               0x40021000   Data          20  adc.o(.ARM.__AT_0x40021000)
    RegLpMode                                0x40022004   Data           4  wakeup.o(.ARM.__AT_0x40022004)
    RegLpCtrl                                0x40022008   Data           4  wakeup.o(.ARM.__AT_0x40022008)
    RegLpStatus                              0x40022010   Data           4  wakeup.o(.ARM.__AT_0x40022010)
    RegLpClkSel                              0x40022018   Data           8  clk.o(.ARM.__AT_0x40022018)
    RegLpOscCtrl                             0x40022024   Data           4  clk.o(.ARM.__AT_0x40022024)
    RegLpAnaRsv                              0x40022030   Data           4  clk.o(.ARM.__AT_0x40022030)
    RegRtcCtrl                               0x40022100   Data           8  wakeup.o(.ARM.__AT_0x40022100)



==============================================================================

Memory Map of the image

  Image Entry point : 0x000000fd

  Load Region LR_FLASH (Base: 0x00000000, Size: 0x000036b8, Max: 0x007c0400, ABSOLUTE, COMPRESSED[0x000026b4])

    Execution Region ER_INIT (Base: 0x00000000, Size: 0x00000238, Max: 0xffffffff, ABSOLUTE)

    Base Addr    Size         Type   Attr      Idx    E Section Name        Object

    0x00000000   0x00000080   Data   RO           12    EXCEPT_VECTS        startup.o
    0x00000080   0x00000004   Code   RO            2    .ARM.__at_0x00000080  startup.o
    0x00000084   0x00000008   Code   RO            3    .ARM.__at_0x00000084  startup.o
    0x0000008c   0x00000004   Code   RO            4    .ARM.__at_0x0000008C  startup.o
    0x00000090   0x00000004   Code   RO            5    .ARM.__at_0x00000090  startup.o
    0x00000094   0x00000004   Code   RO            6    .ARM.__at_0x00000094  startup.o
    0x00000098   0x00000004   Code   RO            7    .ARM.__at_0x00000098  startup.o
    0x0000009c   0x00000004   Code   RO            8    .ARM.__at_0x0000009C  startup.o
    0x000000a0   0x00000004   Code   RO            9    .ARM.__at_0x000000A0  startup.o
    0x000000a4   0x00000058   Code   RO           10    .ARM.__at_0x000000A4  startup.o
    0x000000fc   0x00000008   Code   RO         1734  * !!!main             c_w.l(__main.o)
    0x00000104   0x00000034   Code   RO         2146    !!!scatter          c_w.l(__scatter.o)
    0x00000138   0x0000005a   Code   RO         2144    !!dczerorl2         c_w.l(__dczerorl2.o)
    0x00000192   0x00000002   PAD
    0x00000194   0x00000068   Code   RO           11    .text               startup.o
    0x000001fc   0x0000002c   Code   RO         1347    CACHE.4KBMEM        driver.lib(timeout.o)
    0x00000228   0x00000010   Data   RO         2142    Region$$Table       anon$$obj.o


    Execution Region ER_ROM_ANY (Base: 0x00000238, Size: 0x00002448, Max: 0xffffffff, ABSOLUTE)

    Base Addr    Size         Type   Attr      Idx    E Section Name        Object

    0x00000238   0x00000000   Code   RO         1722    .ARM.Collect$$_printf_percent$$00000000  c_w.l(_printf_percent.o)
    0x00000238   0x00000004   Code   RO         1871    .ARM.Collect$$_printf_percent$$00000017  c_w.l(_printf_percent_end.o)
    0x0000023c   0x00000002   Code   RO         1733    .ARM.Collect$$libinit$$00000000  c_w.l(libinit.o)
    0x0000023e   0x00000000   Code   RO         1875    .ARM.Collect$$libinit$$00000002  c_w.l(libinit2.o)
    0x0000023e   0x00000000   Code   RO         1878    .ARM.Collect$$libinit$$00000008  c_w.l(libinit2.o)
    0x0000023e   0x00000000   Code   RO         1880    .ARM.Collect$$libinit$$0000000A  c_w.l(libinit2.o)
    0x0000023e   0x00000000   Code   RO         1882    .ARM.Collect$$libinit$$0000000C  c_w.l(libinit2.o)
    0x0000023e   0x00000000   Code   RO         1885    .ARM.Collect$$libinit$$0000000F  c_w.l(libinit2.o)
    0x0000023e   0x00000000   Code   RO         1887    .ARM.Collect$$libinit$$00000011  c_w.l(libinit2.o)
    0x0000023e   0x00000000   Code   RO         1889    .ARM.Collect$$libinit$$00000013  c_w.l(libinit2.o)
    0x0000023e   0x00000000   Code   RO         1891    .ARM.Collect$$libinit$$00000015  c_w.l(libinit2.o)
    0x0000023e   0x00000000   Code   RO         1893    .ARM.Collect$$libinit$$00000017  c_w.l(libinit2.o)
    0x0000023e   0x00000000   Code   RO         1895    .ARM.Collect$$libinit$$00000019  c_w.l(libinit2.o)
    0x0000023e   0x00000000   Code   RO         1897    .ARM.Collect$$libinit$$0000001B  c_w.l(libinit2.o)
    0x0000023e   0x00000000   Code   RO         1899    .ARM.Collect$$libinit$$0000001D  c_w.l(libinit2.o)
    0x0000023e   0x00000000   Code   RO         1901    .ARM.Collect$$libinit$$0000001F  c_w.l(libinit2.o)
    0x0000023e   0x00000000   Code   RO         1903    .ARM.Collect$$libinit$$00000021  c_w.l(libinit2.o)
    0x0000023e   0x00000000   Code   RO         1905    .ARM.Collect$$libinit$$00000023  c_w.l(libinit2.o)
    0x0000023e   0x00000000   Code   RO         1909    .ARM.Collect$$libinit$$0000002A  c_w.l(libinit2.o)
    0x0000023e   0x00000000   Code   RO         1911    .ARM.Collect$$libinit$$0000002C  c_w.l(libinit2.o)
    0x0000023e   0x00000000   Code   RO         1913    .ARM.Collect$$libinit$$0000002E  c_w.l(libinit2.o)
    0x0000023e   0x00000000   Code   RO         1915    .ARM.Collect$$libinit$$00000030  c_w.l(libinit2.o)
    0x0000023e   0x00000002   Code   RO         1916    .ARM.Collect$$libinit$$00000031  c_w.l(libinit2.o)
    0x00000240   0x00000002   Code   RO         2112    .ARM.Collect$$libshutdown$$00000000  c_w.l(libshutdown.o)
    0x00000242   0x00000000   Code   RO         2129    .ARM.Collect$$libshutdown$$00000003  c_w.l(libshutdown2.o)
    0x00000242   0x00000000   Code   RO         2132    .ARM.Collect$$libshutdown$$00000006  c_w.l(libshutdown2.o)
    0x00000242   0x00000000   Code   RO         2135    .ARM.Collect$$libshutdown$$00000009  c_w.l(libshutdown2.o)
    0x00000242   0x00000000   Code   RO         2137    .ARM.Collect$$libshutdown$$0000000B  c_w.l(libshutdown2.o)
    0x00000242   0x00000000   Code   RO         2140    .ARM.Collect$$libshutdown$$0000000E  c_w.l(libshutdown2.o)
    0x00000242   0x00000002   Code   RO         2141    .ARM.Collect$$libshutdown$$0000000F  c_w.l(libshutdown2.o)
    0x00000244   0x00000000   Code   RO         1856    .ARM.Collect$$rtentry$$00000000  c_w.l(rtentry.o)
    0x00000244   0x00000000   Code   RO         1976    .ARM.Collect$$rtentry$$00000002  c_w.l(rtentry2.o)
    0x00000244   0x00000004   Code   RO         1990    .ARM.Collect$$rtentry$$00000005  c_w.l(rtentry5.o)
    0x00000248   0x00000000   Code   RO         1978    .ARM.Collect$$rtentry$$00000009  c_w.l(rtentry2.o)
    0x00000248   0x00000004   Code   RO         1979    .ARM.Collect$$rtentry$$0000000A  c_w.l(rtentry2.o)
    0x0000024c   0x00000000   Code   RO         1981    .ARM.Collect$$rtentry$$0000000C  c_w.l(rtentry2.o)
    0x0000024c   0x00000008   Code   RO         1982    .ARM.Collect$$rtentry$$0000000D  c_w.l(rtentry2.o)
    0x00000254   0x00000004   Code   RO         1991    .ARM.Collect$$rtentry$$00002716  c_w.l(rtentry5.o)
    0x00000258   0x00000002   Code   RO         2080    .ARM.Collect$$rtexit$$00000000  c_w.l(rtexit.o)
    0x0000025a   0x00000000   Code   RO         2096    .ARM.Collect$$rtexit$$00000002  c_w.l(rtexit2.o)
    0x0000025a   0x00000004   Code   RO         2097    .ARM.Collect$$rtexit$$00000003  c_w.l(rtexit2.o)
    0x0000025e   0x00000006   Code   RO         2098    .ARM.Collect$$rtexit$$00000004  c_w.l(rtexit2.o)
    0x00000264   0x00000070   Code   RO          831    .driver.isr         driver.lib(fuart.o)
    0x000002d4   0x0000006c   Code   RO         1089    .driver.isr         driver.lib(buart.o)
    0x00000340   0x00000018   Code   RO         1348    .driver.isr         driver.lib(timeout.o)
    0x00000358   0x00000010   Code   RO         1023    .emb_text           driver.lib(watchdog.o)
    0x00000368   0x00000002   Code   RO         1652    .text               c_w.l(use_no_semi.o)
    0x0000036a   0x00000002   PAD
    0x0000036c   0x00000018   Code   RO         1662    .text               c_w.l(noretval__2printf.o)
    0x00000384   0x00000068   Code   RO         1664    .text               c_w.l(__printf.o)
    0x000003ec   0x00000044   Code   RO         1729    .text               c_w.l(rt_memclr.o)
    0x00000430   0x0000004e   Code   RO         1731    .text               c_w.l(rt_memclr_w.o)
    0x0000047e   0x00000002   PAD
    0x00000480   0x00000024   Code   RO         1869    .text               c_w.l(_printf_char_file.o)
    0x000004a4   0x00000030   Code   RO         2009    .text               c_w.l(_printf_char_common.o)
    0x000004d4   0x0000000c   Code   RO         2057    .text               c_w.l(exit.o)
    0x000004e0   0x00000018   Code   RO          469    i.AdcClose          driver.lib(audio_adc.o)
    0x000004f8   0x000000a4   Code   RO          470    i.AdcConfig         driver.lib(audio_adc.o)
    0x0000059c   0x0000000c   Code   RO          473    i.AdcMixCurrWritePointGet  driver.lib(audio_adc.o)
    0x000005a8   0x0000011c   Code   RO          474    i.AdcPcmDataRead    driver.lib(audio_adc.o)
    0x000006c4   0x0000005c   Code   RO          475    i.AdcPmemPcmRemainLenGet  driver.lib(audio_adc.o)
    0x00000720   0x0000000c   Code   RO          476    i.AdcPmemWriteDis   driver.lib(audio_adc.o)
    0x0000072c   0x0000000c   Code   RO          477    i.AdcPmemWriteEn    driver.lib(audio_adc.o)
    0x00000738   0x00000074   Code   RO          481    i.AdcToPmem         driver.lib(audio_adc.o)
    0x000007ac   0x0000005c   Code   RO          558    i.CacheInit         driver.lib(cache.o)
    0x00000808   0x0000000c   Code   RO          576    i.ClkCurrentClkModeGet  driver.lib(clk.o)
    0x00000814   0x00000060   Code   RO          584    i.ClkMclkSel        driver.lib(clk.o)
    0x00000874   0x00000092   Code   RO          585    i.ClkMclkSelBySampleRate  driver.lib(clk.o)
    0x00000906   0x00000002   PAD
    0x00000908   0x00000020   Code   RO          592    i.ClkModuleEn       driver.lib(clk.o)
    0x00000928   0x00000018   Code   RO          594    i.ClkModuleGateEn   driver.lib(clk.o)
    0x00000940   0x000000d4   Code   RO          597    i.ClkPorRcToDpll    driver.lib(clk.o)
    0x00000a14   0x0000009c   Code   RO          604    i.ClkUseOsc32kCheckRc48m  driver.lib(clk.o)
    0x00000ab0   0x0000006c   Code   RO          484    i.CodecAdcAnaInit   driver.lib(audio_adc.o)
    0x00000b1c   0x00000138   Code   RO          485    i.CodecAdcChannelDisconnect  driver.lib(audio_adc.o)
    0x00000c54   0x00000100   Code   RO          486    i.CodecAdcChannelSel  driver.lib(audio_adc.o)
    0x00000d54   0x0000001c   Code   RO          488    i.CodecAdcLineInGainConfig  driver.lib(audio_adc.o)
    0x00000d70   0x0000002c   Code   RO          654    i.CodecClockEnable  driver.lib(dac.o)
    0x00000d9c   0x00000028   Code   RO          655    i.CodecClockRestore  driver.lib(dac.o)
    0x00000dc4   0x00000088   Code   RO          657    i.CodecDacChannelDisconnect  driver.lib(dac.o)
    0x00000e4c   0x00000080   Code   RO          659    i.CodecDacChannelSel  driver.lib(dac.o)
    0x00000ecc   0x0000010c   Code   RO          665    i.CodecDacInit      driver.lib(dac.o)
    0x00000fd8   0x0000003c   Code   RO          666    i.CodecDacIsAnaMute  driver.lib(dac.o)
    0x00001014   0x00000020   Code   RO          667    i.CodecDacIsSoftMute  driver.lib(dac.o)
    0x00001034   0x00000040   Code   RO          671    i.CodecDacVmidChargeOp  driver.lib(dac.o)
    0x00001074   0x00000080   Code   RO          491    i.CodecFmSrcSelect  driver.lib(audio_adc.o)
    0x000010f4   0x0000001c   Code   RO          672    i.CodecFminIsConnect  driver.lib(dac.o)
    0x00001110   0x0000001c   Code   RO          673    i.CodecLineinIsConnect  driver.lib(dac.o)
    0x0000112c   0x00000048   Code   RO          674    i.CodecMicBiasEn    driver.lib(dac.o)
    0x00001174   0x00000124   Code   RO          675    i.CodecMixDacConnect  driver.lib(dac.o)
    0x00001298   0x000000fc   Code   RO          676    i.CodecMixDacDisconnect  driver.lib(dac.o)
    0x00001394   0x00000138   Code   RO          677    i.CodecMixFmConnect  driver.lib(dac.o)
    0x000014cc   0x000000cc   Code   RO          678    i.CodecMixFmDisconnect  driver.lib(dac.o)
    0x00001598   0x00000134   Code   RO          679    i.CodecMixLineinConnect  driver.lib(dac.o)
    0x000016cc   0x000000cc   Code   RO          680    i.CodecMixLineinDisconnect  driver.lib(dac.o)
    0x00001798   0x000000f4   Code   RO          681    i.CodecMixPgaConnect  driver.lib(dac.o)
    0x0000188c   0x000000d8   Code   RO          682    i.CodecMixPgaDisconnect  driver.lib(dac.o)
    0x00001964   0x00000090   Code   RO          492    i.CodecPgaSrcSelect  driver.lib(audio_adc.o)
    0x000019f4   0x0000001c   Code   RO          684    i.CodecPgainIsConnect  driver.lib(dac.o)
    0x00001a10   0x000000f8   Code   RO          686    i.DacAdcSampleRateSet  driver.lib(dac.o)
    0x00001b08   0x00000090   Code   RO          688    i.DacConfig         driver.lib(dac.o)
    0x00001b98   0x00000010   Code   RO          689    i.DacDigitalMuteSet  driver.lib(dac.o)
    0x00001ba8   0x00000010   Code   RO          690    i.DacDisable        driver.lib(dac.o)
    0x00001bb8   0x00000028   Code   RO          696    i.DacMonoConfig     driver.lib(dac.o)
    0x00001be0   0x00000014   Code   RO          698    i.DacPhaseDiffConfig  driver.lib(dac.o)
    0x00001bf4   0x00000058   Code   RO          702    i.DacSoftMuteSet    driver.lib(dac.o)
    0x00001c4c   0x0000001c   Code   RO          703    i.DacVolumeSet      driver.lib(dac.o)
    0x00001c68   0x00000018   Code   RO         1349    i.DelayMs           driver.lib(timeout.o)
    0x00001c80   0x00000030   Code   RO          832    i.FuartGetBaudClk   driver.lib(fuart.o)
    0x00001cb0   0x000000dc   Code   RO          834    i.FuartInit         driver.lib(fuart.o)
    0x00001d8c   0x00000060   Code   RO          837    i.FuartSend         driver.lib(fuart.o)
    0x00001dec   0x0000006c   Code   RO          875    i.GpioA0SetMode     driver.lib(gpio.o)
    0x00001e58   0x0000005c   Code   RO          890    i.GpioFuartRxIoConfig  driver.lib(gpio.o)
    0x00001eb4   0x0000007c   Code   RO          891    i.GpioFuartTxIoConfig  driver.lib(gpio.o)
    0x00001f30   0x00000022   Code   RO         1350    i.IsTimeOut         driver.lib(timeout.o)
    0x00001f52   0x00000002   PAD
    0x00001f54   0x00000010   Code   RO         1269    i.LpWriteDis        driver.lib(wakeup.o)
    0x00001f64   0x0000001c   Code   RO         1270    i.LpWriteEn         driver.lib(wakeup.o)
    0x00001f80   0x0000009e   Code   RO          494    i.PcmDataExtract    driver.lib(audio_adc.o)
    0x0000201e   0x00000002   PAD
    0x00002020   0x0000000c   Code   RO          974    i.PcmFifoClear      driver.lib(pcm_fifo.o)
    0x0000202c   0x00000050   Code   RO          980    i.PcmFifoInitialize  driver.lib(pcm_fifo.o)
    0x0000207c   0x0000000c   Code   RO          983    i.PcmFifoSetStatus  driver.lib(pcm_fifo.o)
    0x00002088   0x0000000c   Code   RO         1007    i.PcmTxIsTransferDone  driver.lib(pcm_transfer.o)
    0x00002094   0x0000000c   Code   RO         1009    i.PcmTxSetPcmDataMode  driver.lib(pcm_transfer.o)
    0x000020a0   0x00000054   Code   RO         1010    i.PcmTxTransferData  driver.lib(pcm_transfer.o)
    0x000020f4   0x00000010   Code   RO          541    i.PhubPathClose     driver.lib(audio_path.o)
    0x00002104   0x0000003c   Code   RO          542    i.PhubPathSel       driver.lib(audio_path.o)
    0x00002140   0x00000024   Code   RO         1197    i.PmemDataPathSel   driver.lib(pmem.o)
    0x00002164   0x00000020   Code   RO          606    i.RC48MHzTrimBy1MHz  driver.lib(clk.o)
    0x00002184   0x0000001c   Code   RO         1208    i.Rst12p288GeneratorModule  driver.lib(rst.o)
    0x000021a0   0x0000002c   Code   RO          560    i.SendCmdToCache    driver.lib(cache.o)
    0x000021cc   0x00000002   Code   RO          175    i.SwUartSend        retarget.o
    0x000021ce   0x0000001a   Code   RO         1355    i.TimeOutSet        driver.lib(timeout.o)
    0x000021e8   0x00000020   Code   RO         1029    i.WdgFeed           driver.lib(watchdog.o)
    0x00002208   0x00000170   Code   RO          917    i.__IsFunction__    driver.lib(gpio.o)
    0x00002378   0x00000004   Code   RO          176    i._sys_exit         retarget.o
    0x0000237c   0x00000008   Code   RO          178    i.ferror            retarget.o
    0x00002384   0x0000006c   Code   RO          180    i.fputc             retarget.o
    0x000023f0   0x0000013c   Code   RO           49    i.main              audiopath.o
    0x0000252c   0x0000013e   Data   RO           50    .constdata          audiopath.o
    0x0000266a   0x00000014   Data   RO          712    .constdata          driver.lib(dac.o)


    Execution Region RW_XMEM (Base: 0x20000000, Size: 0x00001038, Max: 0x00010000, ABSOLUTE, UNINIT, COMPRESSED[0x00000034])

    Base Addr    Size         Type   Attr      Idx    E Section Name        Object

    0x20000000   0x00001000   Data   RW           13    MSP                 startup.o
    0x20001000   0x00000008   Data   RW           51    .data               audiopath.o
    0x20001008   0x0000000c   Data   RW          182    .data               retarget.o
    0x20001014   0x00000010   Data   RW          497    .data               driver.lib(audio_adc.o)
    0x20001024   0x0000000c   Data   RW          713    .data               driver.lib(dac.o)
    0x20001030   0x00000008   Data   RW         1357    .data               driver.lib(timeout.o)



  Load Region LR$$.ARM.__AT_0x400020B4 (Base: 0x400020b4, Size: 0x00000000, Max: 0x00000004, ABSOLUTE)

    Execution Region ER$$.ARM.__AT_0x400020B4 (Base: 0x400020b4, Size: 0x00000004, Max: 0x00000004, ABSOLUTE, UNINIT)

    Base Addr    Size         Type   Attr      Idx    E Section Name        Object

    0x400020b4   0x00000004   Zero   RW          918    .ARM.__AT_0x400020B4  driver.lib(gpio.o)



  Load Region LR$$.ARM.__AT_0x400020B8 (Base: 0x400020b8, Size: 0x00000000, Max: 0x0000000c, ABSOLUTE)

    Execution Region ER$$.ARM.__AT_0x400020B8 (Base: 0x400020b8, Size: 0x0000000c, Max: 0x0000000c, ABSOLUTE, UNINIT)

    Base Addr    Size         Type   Attr      Idx    E Section Name        Object

    0x400020b8   0x0000000c   Zero   RW          919    .ARM.__AT_0x400020B8  driver.lib(gpio.o)



  Load Region LR$$.ARM.__AT_0x40005000 (Base: 0x40005000, Size: 0x00000000, Max: 0x00000004, ABSOLUTE)

    Execution Region ER$$.ARM.__AT_0x40005000 (Base: 0x40005000, Size: 0x00000004, Max: 0x00000004, ABSOLUTE, UNINIT)

    Base Addr    Size         Type   Attr      Idx    E Section Name        Object

    0x40005000   0x00000004   Zero   RW          561    .ARM.__AT_0x40005000  driver.lib(cache.o)



  Load Region LR$$.ARM.__AT_0x40005008 (Base: 0x40005008, Size: 0x00000000, Max: 0x00000004, ABSOLUTE)

    Execution Region ER$$.ARM.__AT_0x40005008 (Base: 0x40005008, Size: 0x00000004, Max: 0x00000004, ABSOLUTE, UNINIT)

    Base Addr    Size         Type   Attr      Idx    E Section Name        Object

    0x40005008   0x00000004   Zero   RW          562    .ARM.__AT_0x40005008  driver.lib(cache.o)



  Load Region LR$$.ARM.__AT_0x40013000 (Base: 0x40013000, Size: 0x00000000, Max: 0x00000008, ABSOLUTE)

    Execution Region ER$$.ARM.__AT_0x40013000 (Base: 0x40013000, Size: 0x00000008, Max: 0x00000008, ABSOLUTE, UNINIT)

    Base Addr    Size         Type   Attr      Idx    E Section Name        Object

    0x40013000   0x00000008   Zero   RW         1166    .ARM.__AT_0x40013000  driver.lib(i2s.o)



  Load Region LR$$.ARM.__AT_0x40014078 (Base: 0x40014078, Size: 0x00000000, Max: 0x00000004, ABSOLUTE)

    Execution Region ER$$.ARM.__AT_0x40014078 (Base: 0x40014078, Size: 0x00000004, Max: 0x00000004, ABSOLUTE, UNINIT)

    Base Addr    Size         Type   Attr      Idx    E Section Name        Object

    0x40014078   0x00000004   Zero   RW          984    .ARM.__AT_0x40014078  driver.lib(pcm_fifo.o)



  Load Region LR$$.ARM.__AT_0x40015000 (Base: 0x40015000, Size: 0x00000000, Max: 0x00000004, ABSOLUTE)

    Execution Region ER$$.ARM.__AT_0x40015000 (Base: 0x40015000, Size: 0x00000004, Max: 0x00000004, ABSOLUTE, UNINIT)

    Base Addr    Size         Type   Attr      Idx    E Section Name        Object

    0x40015000   0x00000004   Zero   RW         1101    .ARM.__AT_0x40015000  driver.lib(buart.o)



  Load Region LR$$.ARM.__AT_0x40015004 (Base: 0x40015004, Size: 0x00000000, Max: 0x00000004, ABSOLUTE)

    Execution Region ER$$.ARM.__AT_0x40015004 (Base: 0x40015004, Size: 0x00000004, Max: 0x00000004, ABSOLUTE, UNINIT)

    Base Addr    Size         Type   Attr      Idx    E Section Name        Object

    0x40015004   0x00000004   Zero   RW         1102    .ARM.__AT_0x40015004  driver.lib(buart.o)



  Load Region LR$$.ARM.__AT_0x40015010 (Base: 0x40015010, Size: 0x00000000, Max: 0x00000004, ABSOLUTE)

    Execution Region ER$$.ARM.__AT_0x40015010 (Base: 0x40015010, Size: 0x00000004, Max: 0x00000004, ABSOLUTE, UNINIT)

    Base Addr    Size         Type   Attr      Idx    E Section Name        Object

    0x40015010   0x00000004   Zero   RW         1103    .ARM.__AT_0x40015010  driver.lib(buart.o)



  Load Region LR$$.ARM.__AT_0x40015014 (Base: 0x40015014, Size: 0x00000000, Max: 0x00000004, ABSOLUTE)

    Execution Region ER$$.ARM.__AT_0x40015014 (Base: 0x40015014, Size: 0x00000004, Max: 0x00000004, ABSOLUTE, UNINIT)

    Base Addr    Size         Type   Attr      Idx    E Section Name        Object

    0x40015014   0x00000004   Zero   RW         1104    .ARM.__AT_0x40015014  driver.lib(buart.o)



  Load Region LR$$.ARM.__AT_0x40015018 (Base: 0x40015018, Size: 0x00000000, Max: 0x00000004, ABSOLUTE)

    Execution Region ER$$.ARM.__AT_0x40015018 (Base: 0x40015018, Size: 0x00000004, Max: 0x00000004, ABSOLUTE, UNINIT)

    Base Addr    Size         Type   Attr      Idx    E Section Name        Object

    0x40015018   0x00000004   Zero   RW         1105    .ARM.__AT_0x40015018  driver.lib(buart.o)



  Load Region LR$$.ARM.__AT_0x4001501C (Base: 0x4001501c, Size: 0x00000000, Max: 0x00000004, ABSOLUTE)

    Execution Region ER$$.ARM.__AT_0x4001501C (Base: 0x4001501c, Size: 0x00000004, Max: 0x00000004, ABSOLUTE, UNINIT)

    Base Addr    Size         Type   Attr      Idx    E Section Name        Object

    0x4001501c   0x00000004   Zero   RW         1106    .ARM.__AT_0x4001501C  driver.lib(buart.o)



  Load Region LR$$.ARM.__AT_0x40015020 (Base: 0x40015020, Size: 0x00000000, Max: 0x00000004, ABSOLUTE)

    Execution Region ER$$.ARM.__AT_0x40015020 (Base: 0x40015020, Size: 0x00000004, Max: 0x00000004, ABSOLUTE, UNINIT)

    Base Addr    Size         Type   Attr      Idx    E Section Name        Object

    0x40015020   0x00000004   Zero   RW         1107    .ARM.__AT_0x40015020  driver.lib(buart.o)



  Load Region LR$$.ARM.__AT_0x40015024 (Base: 0x40015024, Size: 0x00000000, Max: 0x00000004, ABSOLUTE)

    Execution Region ER$$.ARM.__AT_0x40015024 (Base: 0x40015024, Size: 0x00000004, Max: 0x00000004, ABSOLUTE, UNINIT)

    Base Addr    Size         Type   Attr      Idx    E Section Name        Object

    0x40015024   0x00000004   Zero   RW         1108    .ARM.__AT_0x40015024  driver.lib(buart.o)



  Load Region LR$$.ARM.__AT_0x40015030 (Base: 0x40015030, Size: 0x00000000, Max: 0x00000004, ABSOLUTE)

    Execution Region ER$$.ARM.__AT_0x40015030 (Base: 0x40015030, Size: 0x00000004, Max: 0x00000004, ABSOLUTE, UNINIT)

    Base Addr    Size         Type   Attr      Idx    E Section Name        Object

    0x40015030   0x00000004   Zero   RW         1109    .ARM.__AT_0x40015030  driver.lib(buart.o)



  Load Region LR$$.ARM.__AT_0x40015034 (Base: 0x40015034, Size: 0x00000000, Max: 0x00000004, ABSOLUTE)

    Execution Region ER$$.ARM.__AT_0x40015034 (Base: 0x40015034, Size: 0x00000004, Max: 0x00000004, ABSOLUTE, UNINIT)

    Base Addr    Size         Type   Attr      Idx    E Section Name        Object

    0x40015034   0x00000004   Zero   RW         1110    .ARM.__AT_0x40015034  driver.lib(buart.o)



  Load Region LR$$.ARM.__AT_0x40015038 (Base: 0x40015038, Size: 0x00000000, Max: 0x00000004, ABSOLUTE)

    Execution Region ER$$.ARM.__AT_0x40015038 (Base: 0x40015038, Size: 0x00000004, Max: 0x00000004, ABSOLUTE, UNINIT)

    Base Addr    Size         Type   Attr      Idx    E Section Name        Object

    0x40015038   0x00000004   Zero   RW         1111    .ARM.__AT_0x40015038  driver.lib(buart.o)



  Load Region LR$$.ARM.__AT_0x4001503C (Base: 0x4001503c, Size: 0x00000000, Max: 0x00000004, ABSOLUTE)

    Execution Region ER$$.ARM.__AT_0x4001503C (Base: 0x4001503c, Size: 0x00000004, Max: 0x00000004, ABSOLUTE, UNINIT)

    Base Addr    Size         Type   Attr      Idx    E Section Name        Object

    0x4001503c   0x00000004   Zero   RW         1112    .ARM.__AT_0x4001503C  driver.lib(buart.o)



  Load Region LR$$.ARM.__AT_0x40015040 (Base: 0x40015040, Size: 0x00000000, Max: 0x00000004, ABSOLUTE)

    Execution Region ER$$.ARM.__AT_0x40015040 (Base: 0x40015040, Size: 0x00000004, Max: 0x00000004, ABSOLUTE, UNINIT)

    Base Addr    Size         Type   Attr      Idx    E Section Name        Object

    0x40015040   0x00000004   Zero   RW         1113    .ARM.__AT_0x40015040  driver.lib(buart.o)



  Load Region LR$$.ARM.__AT_0x40015050 (Base: 0x40015050, Size: 0x00000000, Max: 0x00000004, ABSOLUTE)

    Execution Region ER$$.ARM.__AT_0x40015050 (Base: 0x40015050, Size: 0x00000004, Max: 0x00000004, ABSOLUTE, UNINIT)

    Base Addr    Size         Type   Attr      Idx    E Section Name        Object

    0x40015050   0x00000004   Zero   RW         1114    .ARM.__AT_0x40015050  driver.lib(buart.o)



  Load Region LR$$.ARM.__AT_0x40015054 (Base: 0x40015054, Size: 0x00000000, Max: 0x00000004, ABSOLUTE)

    Execution Region ER$$.ARM.__AT_0x40015054 (Base: 0x40015054, Size: 0x00000004, Max: 0x00000004, ABSOLUTE, UNINIT)

    Base Addr    Size         Type   Attr      Idx    E Section Name        Object

    0x40015054   0x00000004   Zero   RW         1115    .ARM.__AT_0x40015054  driver.lib(buart.o)



  Load Region LR$$.ARM.__AT_0x40015058 (Base: 0x40015058, Size: 0x00000000, Max: 0x00000004, ABSOLUTE)

    Execution Region ER$$.ARM.__AT_0x40015058 (Base: 0x40015058, Size: 0x00000004, Max: 0x00000004, ABSOLUTE, UNINIT)

    Base Addr    Size         Type   Attr      Idx    E Section Name        Object

    0x40015058   0x00000004   Zero   RW         1116    .ARM.__AT_0x40015058  driver.lib(buart.o)



  Load Region LR$$.ARM.__AT_0x4001505C (Base: 0x4001505c, Size: 0x00000000, Max: 0x00000004, ABSOLUTE)

    Execution Region ER$$.ARM.__AT_0x4001505C (Base: 0x4001505c, Size: 0x00000004, Max: 0x00000004, ABSOLUTE, UNINIT)

    Base Addr    Size         Type   Attr      Idx    E Section Name        Object

    0x4001505c   0x00000004   Zero   RW         1117    .ARM.__AT_0x4001505C  driver.lib(buart.o)



  Load Region LR$$.ARM.__AT_0x40015060 (Base: 0x40015060, Size: 0x00000000, Max: 0x00000004, ABSOLUTE)

    Execution Region ER$$.ARM.__AT_0x40015060 (Base: 0x40015060, Size: 0x00000004, Max: 0x00000004, ABSOLUTE, UNINIT)

    Base Addr    Size         Type   Attr      Idx    E Section Name        Object

    0x40015060   0x00000004   Zero   RW         1118    .ARM.__AT_0x40015060  driver.lib(buart.o)



  Load Region LR$$.ARM.__AT_0x40015064 (Base: 0x40015064, Size: 0x00000000, Max: 0x00000004, ABSOLUTE)

    Execution Region ER$$.ARM.__AT_0x40015064 (Base: 0x40015064, Size: 0x00000004, Max: 0x00000004, ABSOLUTE, UNINIT)

    Base Addr    Size         Type   Attr      Idx    E Section Name        Object

    0x40015064   0x00000004   Zero   RW         1119    .ARM.__AT_0x40015064  driver.lib(buart.o)



  Load Region LR$$.ARM.__AT_0x40015068 (Base: 0x40015068, Size: 0x00000000, Max: 0x00000004, ABSOLUTE)

    Execution Region ER$$.ARM.__AT_0x40015068 (Base: 0x40015068, Size: 0x00000004, Max: 0x00000004, ABSOLUTE, UNINIT)

    Base Addr    Size         Type   Attr      Idx    E Section Name        Object

    0x40015068   0x00000004   Zero   RW         1120    .ARM.__AT_0x40015068  driver.lib(buart.o)



  Load Region LR$$.ARM.__AT_0x40015070 (Base: 0x40015070, Size: 0x00000000, Max: 0x00000004, ABSOLUTE)

    Execution Region ER$$.ARM.__AT_0x40015070 (Base: 0x40015070, Size: 0x00000004, Max: 0x00000004, ABSOLUTE, UNINIT)

    Base Addr    Size         Type   Attr      Idx    E Section Name        Object

    0x40015070   0x00000004   Zero   RW         1121    .ARM.__AT_0x40015070  driver.lib(buart.o)



  Load Region LR$$.ARM.__AT_0x40015074 (Base: 0x40015074, Size: 0x00000000, Max: 0x00000004, ABSOLUTE)

    Execution Region ER$$.ARM.__AT_0x40015074 (Base: 0x40015074, Size: 0x00000004, Max: 0x00000004, ABSOLUTE, UNINIT)

    Base Addr    Size         Type   Attr      Idx    E Section Name        Object

    0x40015074   0x00000004   Zero   RW         1122    .ARM.__AT_0x40015074  driver.lib(buart.o)



  Load Region LR$$.ARM.__AT_0x40015078 (Base: 0x40015078, Size: 0x00000000, Max: 0x00000004, ABSOLUTE)

    Execution Region ER$$.ARM.__AT_0x40015078 (Base: 0x40015078, Size: 0x00000004, Max: 0x00000004, ABSOLUTE, UNINIT)

    Base Addr    Size         Type   Attr      Idx    E Section Name        Object

    0x40015078   0x00000004   Zero   RW         1123    .ARM.__AT_0x40015078  driver.lib(buart.o)



  Load Region LR$$.ARM.__AT_0x4001507C (Base: 0x4001507c, Size: 0x00000000, Max: 0x00000004, ABSOLUTE)

    Execution Region ER$$.ARM.__AT_0x4001507C (Base: 0x4001507c, Size: 0x00000004, Max: 0x00000004, ABSOLUTE, UNINIT)

    Base Addr    Size         Type   Attr      Idx    E Section Name        Object

    0x4001507c   0x00000004   Zero   RW         1124    .ARM.__AT_0x4001507C  driver.lib(buart.o)



  Load Region LR$$.ARM.__AT_0x40015080 (Base: 0x40015080, Size: 0x00000000, Max: 0x00000004, ABSOLUTE)

    Execution Region ER$$.ARM.__AT_0x40015080 (Base: 0x40015080, Size: 0x00000004, Max: 0x00000004, ABSOLUTE, UNINIT)

    Base Addr    Size         Type   Attr      Idx    E Section Name        Object

    0x40015080   0x00000004   Zero   RW         1125    .ARM.__AT_0x40015080  driver.lib(buart.o)



  Load Region LR$$.ARM.__AT_0x40015084 (Base: 0x40015084, Size: 0x00000000, Max: 0x00000004, ABSOLUTE)

    Execution Region ER$$.ARM.__AT_0x40015084 (Base: 0x40015084, Size: 0x00000004, Max: 0x00000004, ABSOLUTE, UNINIT)

    Base Addr    Size         Type   Attr      Idx    E Section Name        Object

    0x40015084   0x00000004   Zero   RW         1126    .ARM.__AT_0x40015084  driver.lib(buart.o)



  Load Region LR$$.ARM.__AT_0x40016000 (Base: 0x40016000, Size: 0x00000000, Max: 0x00000004, ABSOLUTE)

    Execution Region ER$$.ARM.__AT_0x40016000 (Base: 0x40016000, Size: 0x00000004, Max: 0x00000004, ABSOLUTE, UNINIT)

    Base Addr    Size         Type   Attr      Idx    E Section Name        Object

    0x40016000   0x00000004   Zero   RW          842    .ARM.__AT_0x40016000  driver.lib(fuart.o)



  Load Region LR$$.ARM.__AT_0x40016004 (Base: 0x40016004, Size: 0x00000000, Max: 0x00000004, ABSOLUTE)

    Execution Region ER$$.ARM.__AT_0x40016004 (Base: 0x40016004, Size: 0x00000004, Max: 0x00000004, ABSOLUTE, UNINIT)

    Base Addr    Size         Type   Attr      Idx    E Section Name        Object

    0x40016004   0x00000004   Zero   RW          843    .ARM.__AT_0x40016004  driver.lib(fuart.o)



  Load Region LR$$.ARM.__AT_0x40016010 (Base: 0x40016010, Size: 0x00000000, Max: 0x00000004, ABSOLUTE)

    Execution Region ER$$.ARM.__AT_0x40016010 (Base: 0x40016010, Size: 0x00000004, Max: 0x00000004, ABSOLUTE, UNINIT)

    Base Addr    Size         Type   Attr      Idx    E Section Name        Object

    0x40016010   0x00000004   Zero   RW          844    .ARM.__AT_0x40016010  driver.lib(fuart.o)



  Load Region LR$$.ARM.__AT_0x40016014 (Base: 0x40016014, Size: 0x00000000, Max: 0x00000004, ABSOLUTE)

    Execution Region ER$$.ARM.__AT_0x40016014 (Base: 0x40016014, Size: 0x00000004, Max: 0x00000004, ABSOLUTE, UNINIT)

    Base Addr    Size         Type   Attr      Idx    E Section Name        Object

    0x40016014   0x00000004   Zero   RW          845    .ARM.__AT_0x40016014  driver.lib(fuart.o)



  Load Region LR$$.ARM.__AT_0x40016018 (Base: 0x40016018, Size: 0x00000000, Max: 0x00000004, ABSOLUTE)

    Execution Region ER$$.ARM.__AT_0x40016018 (Base: 0x40016018, Size: 0x00000004, Max: 0x00000004, ABSOLUTE, UNINIT)

    Base Addr    Size         Type   Attr      Idx    E Section Name        Object

    0x40016018   0x00000004   Zero   RW          846    .ARM.__AT_0x40016018  driver.lib(fuart.o)



  Load Region LR$$.ARM.__AT_0x4001601C (Base: 0x4001601c, Size: 0x00000000, Max: 0x00000004, ABSOLUTE)

    Execution Region ER$$.ARM.__AT_0x4001601C (Base: 0x4001601c, Size: 0x00000004, Max: 0x00000004, ABSOLUTE, UNINIT)

    Base Addr    Size         Type   Attr      Idx    E Section Name        Object

    0x4001601c   0x00000004   Zero   RW          847    .ARM.__AT_0x4001601C  driver.lib(fuart.o)



  Load Region LR$$.ARM.__AT_0x40016020 (Base: 0x40016020, Size: 0x00000000, Max: 0x00000004, ABSOLUTE)

    Execution Region ER$$.ARM.__AT_0x40016020 (Base: 0x40016020, Size: 0x00000004, Max: 0x00000004, ABSOLUTE, UNINIT)

    Base Addr    Size         Type   Attr      Idx    E Section Name        Object

    0x40016020   0x00000004   Zero   RW          848    .ARM.__AT_0x40016020  driver.lib(fuart.o)



  Load Region LR$$.ARM.__AT_0x40016024 (Base: 0x40016024, Size: 0x00000000, Max: 0x00000004, ABSOLUTE)

    Execution Region ER$$.ARM.__AT_0x40016024 (Base: 0x40016024, Size: 0x00000004, Max: 0x00000004, ABSOLUTE, UNINIT)

    Base Addr    Size         Type   Attr      Idx    E Section Name        Object

    0x40016024   0x00000004   Zero   RW          849    .ARM.__AT_0x40016024  driver.lib(fuart.o)



  Load Region LR$$.ARM.__AT_0x40016030 (Base: 0x40016030, Size: 0x00000000, Max: 0x00000004, ABSOLUTE)

    Execution Region ER$$.ARM.__AT_0x40016030 (Base: 0x40016030, Size: 0x00000004, Max: 0x00000004, ABSOLUTE, UNINIT)

    Base Addr    Size         Type   Attr      Idx    E Section Name        Object

    0x40016030   0x00000004   Zero   RW          850    .ARM.__AT_0x40016030  driver.lib(fuart.o)



  Load Region LR$$.ARM.__AT_0x40016034 (Base: 0x40016034, Size: 0x00000000, Max: 0x00000004, ABSOLUTE)

    Execution Region ER$$.ARM.__AT_0x40016034 (Base: 0x40016034, Size: 0x00000004, Max: 0x00000004, ABSOLUTE, UNINIT)

    Base Addr    Size         Type   Attr      Idx    E Section Name        Object

    0x40016034   0x00000004   Zero   RW          851    .ARM.__AT_0x40016034  driver.lib(fuart.o)



  Load Region LR$$.ARM.__AT_0x40016038 (Base: 0x40016038, Size: 0x00000000, Max: 0x00000004, ABSOLUTE)

    Execution Region ER$$.ARM.__AT_0x40016038 (Base: 0x40016038, Size: 0x00000004, Max: 0x00000004, ABSOLUTE, UNINIT)

    Base Addr    Size         Type   Attr      Idx    E Section Name        Object

    0x40016038   0x00000004   Zero   RW          852    .ARM.__AT_0x40016038  driver.lib(fuart.o)



  Load Region LR$$.ARM.__AT_0x4001603C (Base: 0x4001603c, Size: 0x00000000, Max: 0x00000004, ABSOLUTE)

    Execution Region ER$$.ARM.__AT_0x4001603C (Base: 0x4001603c, Size: 0x00000004, Max: 0x00000004, ABSOLUTE, UNINIT)

    Base Addr    Size         Type   Attr      Idx    E Section Name        Object

    0x4001603c   0x00000004   Zero   RW          853    .ARM.__AT_0x4001603C  driver.lib(fuart.o)



  Load Region LR$$.ARM.__AT_0x40016040 (Base: 0x40016040, Size: 0x00000000, Max: 0x00000004, ABSOLUTE)

    Execution Region ER$$.ARM.__AT_0x40016040 (Base: 0x40016040, Size: 0x00000004, Max: 0x00000004, ABSOLUTE, UNINIT)

    Base Addr    Size         Type   Attr      Idx    E Section Name        Object

    0x40016040   0x00000004   Zero   RW          854    .ARM.__AT_0x40016040  driver.lib(fuart.o)



  Load Region LR$$.ARM.__AT_0x40018000 (Base: 0x40018000, Size: 0x00000000, Max: 0x00000004, ABSOLUTE)

    Execution Region ER$$.ARM.__AT_0x40018000 (Base: 0x40018000, Size: 0x00000004, Max: 0x00000004, ABSOLUTE, UNINIT)

    Base Addr    Size         Type   Attr      Idx    E Section Name        Object

    0x40018000   0x00000004   Zero   RW          543    .ARM.__AT_0x40018000  driver.lib(audio_path.o)



  Load Region LR$$.ARM.__AT_0x4001A000 (Base: 0x4001a000, Size: 0x00000000, Max: 0x00000004, ABSOLUTE)

    Execution Region ER$$.ARM.__AT_0x4001A000 (Base: 0x4001a000, Size: 0x00000004, Max: 0x00000004, ABSOLUTE, UNINIT)

    Base Addr    Size         Type   Attr      Idx    E Section Name        Object

    0x4001a000   0x00000004   Zero   RW          705    .ARM.__AT_0x4001A000  driver.lib(dac.o)



  Load Region LR$$.ARM.__AT_0x4001A008 (Base: 0x4001a008, Size: 0x00000000, Max: 0x00000004, ABSOLUTE)

    Execution Region ER$$.ARM.__AT_0x4001A008 (Base: 0x4001a008, Size: 0x00000004, Max: 0x00000004, ABSOLUTE, UNINIT)

    Base Addr    Size         Type   Attr      Idx    E Section Name        Object

    0x4001a008   0x00000004   Zero   RW          706    .ARM.__AT_0x4001A008  driver.lib(dac.o)



  Load Region LR$$.ARM.__AT_0x4001A014 (Base: 0x4001a014, Size: 0x00000000, Max: 0x00000004, ABSOLUTE)

    Execution Region ER$$.ARM.__AT_0x4001A014 (Base: 0x4001a014, Size: 0x00000004, Max: 0x00000004, ABSOLUTE, UNINIT)

    Base Addr    Size         Type   Attr      Idx    E Section Name        Object

    0x4001a014   0x00000004   Zero   RW          707    .ARM.__AT_0x4001A014  driver.lib(dac.o)



  Load Region LR$$.ARM.__AT_0x4001A01C (Base: 0x4001a01c, Size: 0x00000000, Max: 0x00000004, ABSOLUTE)

    Execution Region ER$$.ARM.__AT_0x4001A01C (Base: 0x4001a01c, Size: 0x00000004, Max: 0x00000004, ABSOLUTE, UNINIT)

    Base Addr    Size         Type   Attr      Idx    E Section Name        Object

    0x4001a01c   0x00000004   Zero   RW          708    .ARM.__AT_0x4001A01C  driver.lib(dac.o)



  Load Region LR$$.ARM.__AT_0x4001A028 (Base: 0x4001a028, Size: 0x00000000, Max: 0x00000004, ABSOLUTE)

    Execution Region ER$$.ARM.__AT_0x4001A028 (Base: 0x4001a028, Size: 0x00000004, Max: 0x00000004, ABSOLUTE, UNINIT)

    Base Addr    Size         Type   Attr      Idx    E Section Name        Object

    0x4001a028   0x00000004   Zero   RW          799    .ARM.__AT_0x4001A028  driver.lib(eq.o)



  Load Region LR$$.ARM.__AT_0x4001A094 (Base: 0x4001a094, Size: 0x00000000, Max: 0x00000008, ABSOLUTE)

    Execution Region ER$$.ARM.__AT_0x4001A094 (Base: 0x4001a094, Size: 0x00000008, Max: 0x00000008, ABSOLUTE, UNINIT)

    Base Addr    Size         Type   Attr      Idx    E Section Name        Object

    0x4001a094   0x00000008   Zero   RW          495    .ARM.__AT_0x4001A094  driver.lib(audio_adc.o)



  Load Region LR$$.ARM.__AT_0x4001A09C (Base: 0x4001a09c, Size: 0x00000000, Max: 0x00000004, ABSOLUTE)

    Execution Region ER$$.ARM.__AT_0x4001A09C (Base: 0x4001a09c, Size: 0x00000004, Max: 0x00000004, ABSOLUTE, UNINIT)

    Base Addr    Size         Type   Attr      Idx    E Section Name        Object

    0x4001a09c   0x00000004   Zero   RW          709    .ARM.__AT_0x4001A09C  driver.lib(dac.o)



  Load Region LR$$.ARM.__AT_0x4001A0A0 (Base: 0x4001a0a0, Size: 0x00000000, Max: 0x00000004, ABSOLUTE)

    Execution Region ER$$.ARM.__AT_0x4001A0A0 (Base: 0x4001a0a0, Size: 0x00000004, Max: 0x00000004, ABSOLUTE, UNINIT)

    Base Addr    Size         Type   Attr      Idx    E Section Name        Object

    0x4001a0a0   0x00000004   Zero   RW          710    .ARM.__AT_0x4001A0A0  driver.lib(dac.o)



  Load Region LR$$.ARM.__AT_0x4001A0A4 (Base: 0x4001a0a4, Size: 0x00000000, Max: 0x00000020, ABSOLUTE)

    Execution Region ER$$.ARM.__AT_0x4001A0A4 (Base: 0x4001a0a4, Size: 0x00000020, Max: 0x00000020, ABSOLUTE, UNINIT)

    Base Addr    Size         Type   Attr      Idx    E Section Name        Object

    0x4001a0a4   0x00000020   Zero   RW          711    .ARM.__AT_0x4001A0A4  driver.lib(dac.o)



  Load Region LR$$.ARM.__AT_0x4001A0C4 (Base: 0x4001a0c4, Size: 0x00000000, Max: 0x00000018, ABSOLUTE)

    Execution Region ER$$.ARM.__AT_0x4001A0C4 (Base: 0x4001a0c4, Size: 0x00000018, Max: 0x00000018, ABSOLUTE, UNINIT)

    Base Addr    Size         Type   Attr      Idx    E Section Name        Object

    0x4001a0c4   0x00000018   Zero   RW          496    .ARM.__AT_0x4001A0C4  driver.lib(audio_adc.o)



  Load Region LR$$.ARM.__AT_0x4001B000 (Base: 0x4001b000, Size: 0x00000000, Max: 0x00000004, ABSOLUTE)

    Execution Region ER$$.ARM.__AT_0x4001B000 (Base: 0x4001b000, Size: 0x00000004, Max: 0x00000004, ABSOLUTE, UNINIT)

    Base Addr    Size         Type   Attr      Idx    E Section Name        Object

    0x4001b000   0x00000004   Zero   RW         1605    .ARM.__AT_0x4001B000  driver.lib(timer.o)



  Load Region LR$$.ARM.__AT_0x4001C000 (Base: 0x4001c000, Size: 0x00000000, Max: 0x00000004, ABSOLUTE)

    Execution Region ER$$.ARM.__AT_0x4001C000 (Base: 0x4001c000, Size: 0x00000004, Max: 0x00000004, ABSOLUTE, UNINIT)

    Base Addr    Size         Type   Attr      Idx    E Section Name        Object

    0x4001c000   0x00000004   Zero   RW         1606    .ARM.__AT_0x4001C000  driver.lib(timer.o)



  Load Region LR$$.ARM.__AT_0x4001F014 (Base: 0x4001f014, Size: 0x00000000, Max: 0x00000008, ABSOLUTE)

    Execution Region ER$$.ARM.__AT_0x4001F014 (Base: 0x4001f014, Size: 0x00000008, Max: 0x00000008, ABSOLUTE, UNINIT)

    Base Addr    Size         Type   Attr      Idx    E Section Name        Object

    0x4001f014   0x00000008   Zero   RW          607    .ARM.__AT_0x4001F014  driver.lib(clk.o)



  Load Region LR$$.ARM.__AT_0x4001F01C (Base: 0x4001f01c, Size: 0x00000000, Max: 0x00000008, ABSOLUTE)

    Execution Region ER$$.ARM.__AT_0x4001F01C (Base: 0x4001f01c, Size: 0x00000008, Max: 0x00000008, ABSOLUTE, UNINIT)

    Base Addr    Size         Type   Attr      Idx    E Section Name        Object

    0x4001f01c   0x00000008   Zero   RW          608    .ARM.__AT_0x4001F01C  driver.lib(clk.o)



  Load Region LR$$.ARM.__AT_0x40020100 (Base: 0x40020100, Size: 0x00000000, Max: 0x00000004, ABSOLUTE)

    Execution Region ER$$.ARM.__AT_0x40020100 (Base: 0x40020100, Size: 0x00000004, Max: 0x00000004, ABSOLUTE, UNINIT)

    Base Addr    Size         Type   Attr      Idx    E Section Name        Object

    0x40020100   0x00000004   Zero   RW         1231    .ARM.__AT_0x40020100  driver.lib(rst.o)



  Load Region LR$$.ARM.__AT_0x40021000 (Base: 0x40021000, Size: 0x00000000, Max: 0x00000014, ABSOLUTE)

    Execution Region ER$$.ARM.__AT_0x40021000 (Base: 0x40021000, Size: 0x00000014, Max: 0x00000014, ABSOLUTE, UNINIT)

    Base Addr    Size         Type   Attr      Idx    E Section Name        Object

    0x40021000   0x00000014   Zero   RW         1500    .ARM.__AT_0x40021000  driver.lib(adc.o)



  Load Region LR$$.ARM.__AT_0x40022004 (Base: 0x40022004, Size: 0x00000000, Max: 0x00000004, ABSOLUTE)

    Execution Region ER$$.ARM.__AT_0x40022004 (Base: 0x40022004, Size: 0x00000004, Max: 0x00000004, ABSOLUTE, UNINIT)

    Base Addr    Size         Type   Attr      Idx    E Section Name        Object

    0x40022004   0x00000004   Zero   RW         1299    .ARM.__AT_0x40022004  driver.lib(wakeup.o)



  Load Region LR$$.ARM.__AT_0x40022008 (Base: 0x40022008, Size: 0x00000000, Max: 0x00000004, ABSOLUTE)

    Execution Region ER$$.ARM.__AT_0x40022008 (Base: 0x40022008, Size: 0x00000004, Max: 0x00000004, ABSOLUTE, UNINIT)

    Base Addr    Size         Type   Attr      Idx    E Section Name        Object

    0x40022008   0x00000004   Zero   RW         1300    .ARM.__AT_0x40022008  driver.lib(wakeup.o)



  Load Region LR$$.ARM.__AT_0x40022010 (Base: 0x40022010, Size: 0x00000000, Max: 0x00000004, ABSOLUTE)

    Execution Region ER$$.ARM.__AT_0x40022010 (Base: 0x40022010, Size: 0x00000004, Max: 0x00000004, ABSOLUTE, UNINIT)

    Base Addr    Size         Type   Attr      Idx    E Section Name        Object

    0x40022010   0x00000004   Zero   RW         1301    .ARM.__AT_0x40022010  driver.lib(wakeup.o)



  Load Region LR$$.ARM.__AT_0x40022018 (Base: 0x40022018, Size: 0x00000000, Max: 0x00000008, ABSOLUTE)

    Execution Region ER$$.ARM.__AT_0x40022018 (Base: 0x40022018, Size: 0x00000008, Max: 0x00000008, ABSOLUTE, UNINIT)

    Base Addr    Size         Type   Attr      Idx    E Section Name        Object

    0x40022018   0x00000008   Zero   RW          609    .ARM.__AT_0x40022018  driver.lib(clk.o)



  Load Region LR$$.ARM.__AT_0x40022024 (Base: 0x40022024, Size: 0x00000000, Max: 0x00000004, ABSOLUTE)

    Execution Region ER$$.ARM.__AT_0x40022024 (Base: 0x40022024, Size: 0x00000004, Max: 0x00000004, ABSOLUTE, UNINIT)

    Base Addr    Size         Type   Attr      Idx    E Section Name        Object

    0x40022024   0x00000004   Zero   RW          610    .ARM.__AT_0x40022024  driver.lib(clk.o)



  Load Region LR$$.ARM.__AT_0x40022030 (Base: 0x40022030, Size: 0x00000000, Max: 0x00000004, ABSOLUTE)

    Execution Region ER$$.ARM.__AT_0x40022030 (Base: 0x40022030, Size: 0x00000004, Max: 0x00000004, ABSOLUTE, UNINIT)

    Base Addr    Size         Type   Attr      Idx    E Section Name        Object

    0x40022030   0x00000004   Zero   RW          611    .ARM.__AT_0x40022030  driver.lib(clk.o)



  Load Region LR$$.ARM.__AT_0x40022100 (Base: 0x40022100, Size: 0x00000000, Max: 0x00000008, ABSOLUTE)

    Execution Region ER$$.ARM.__AT_0x40022100 (Base: 0x40022100, Size: 0x00000008, Max: 0x00000008, ABSOLUTE, UNINIT)

    Base Addr    Size         Type   Attr      Idx    E Section Name        Object

    0x40022100   0x00000008   Zero   RW         1302    .ARM.__AT_0x40022100  driver.lib(wakeup.o)


==============================================================================

Image component sizes


      Code (inc. data)   RO Data    RW Data    ZI Data      Debug   Object Name

       316         30        318          8          0       2600   audiopath.o
       122         14          0         12          0       4286   retarget.o
       228        150        128       4096          0       3932   startup.o

    ----------------------------------------------------------------------
       666        194        462       4116          0      10818   Object Totals
         0          0         16          0          0          0   (incl. Generated)
         0          0          0          0          0          0   (incl. Padding)

    ----------------------------------------------------------------------

      Code (inc. data)   RO Data    RW Data    ZI Data      Debug   Library Member Name

        90          0          0          0          0          0   __dczerorl2.o
         8          0          0          0          0         68   __main.o
       104          0          0          0          0         84   __printf.o
        52          8          0          0          0          0   __scatter.o
        48          6          0          0          0         96   _printf_char_common.o
        36          4          0          0          0         80   _printf_char_file.o
         0          0          0          0          0          0   _printf_percent.o
         4          0          0          0          0          0   _printf_percent_end.o
        12          0          0          0          0         72   exit.o
         2          0          0          0          0          0   libinit.o
         2          0          0          0          0          0   libinit2.o
         2          0          0          0          0          0   libshutdown.o
         2          0          0          0          0          0   libshutdown2.o
        24          4          0          0          0         84   noretval__2printf.o
        68          0          0          0          0         68   rt_memclr.o
        78          0          0          0          0         80   rt_memclr_w.o
         0          0          0          0          0          0   rtentry.o
        12          0          0          0          0          0   rtentry2.o
         8          4          0          0          0          0   rtentry5.o
         2          0          0          0          0          0   rtexit.o
        10          0          0          0          0          0   rtexit2.o
         2          0          0          0          0         68   use_no_semi.o
         0          0          0          0         20          0   adc.o
      1850        166          0         16         32       1128   audio_adc.o
        76         10          0          0          4        136   audio_path.o
       108         30          0          0        104         68   buart.o
       136         12          0          0          8        144   cache.o
       710         76          0          0         32        588   clk.o
      3560        310         20         12         56       2124   dac.o
         0          0          0          0          4          0   eq.o
       476         86          0          0         52        308   fuart.o
       692         42          0          0         16        300   gpio.o
         0          0          0          0          8          0   i2s.o
       104         16          0          0          4        216   pcm_fifo.o
       108         22          0          0          0        212   pcm_transfer.o
        36          6          0          0          0         68   pmem.o
        28          6          0          0          4         76   rst.o
       152         16          0          8          0        384   timeout.o
         0          0          0          0          8          0   timer.o
        44         12          0          0         20        136   wakeup.o
        48          8          0          0          0        192   watchdog.o

    ----------------------------------------------------------------------
      8706        844         22         36        372       6780   Library Totals
        12          0          2          0          0          0   (incl. Padding)

    ----------------------------------------------------------------------

      Code (inc. data)   RO Data    RW Data    ZI Data      Debug   Library Name

       566         26          0          0          0        700   c_w.l
      8128        818         20         36        372       6080   driver.lib

    ----------------------------------------------------------------------
      8706        844         22         36        372       6780   Library Totals

    ----------------------------------------------------------------------

==============================================================================


      Code (inc. data)   RO Data    RW Data    ZI Data      Debug   

      9372       1038        484       4152        372      12866   Grand Totals
      9372       1038        484         52        372      12866   ELF Image Totals (compressed)
      9372       1038        484         52          0          0   ROM Totals

==============================================================================

    Total RO  Size (Code + RO Data)                 9856 (   9.63kB)
    Total RW  Size (RW Data + ZI Data)              4524 (   4.42kB)
    Total ROM Size (Code + RO Data + RW Data)       9908 (   9.68kB)

==============================================================================

